Component: ARM Compiler 5.05 update 1 (build 106) Tool: armlink [4d0efa]

==============================================================================

Section Cross References

    main.o(i.main) refers to misc.o(i.NVIC_PriorityGroupConfig) for NVIC_PriorityGroupConfig
    main.o(i.main) refers to usart.o(i.uart_init) for uart_init
    main.o(i.main) refers to led.o(i.LED_Init) for LED_Init
    main.o(i.main) refers to delay.o(i.delay_init) for delay_init
    main.o(i.main) refers to motor.o(i.TIM3_PWM_Init) for TIM3_PWM_Init
    main.o(i.main) refers to hc05.o(i.HC05_Init) for HC05_Init
    main.o(i.main) refers to ultrasonic.o(i.ultrasonic_Init) for ultrasonic_Init
    main.o(i.main) refers to strcmp.o(.text) for strcmp
    main.o(i.main) refers to motor.o(i.run_init) for run_init
    main.o(i.main) refers to motor.o(i.back_init) for back_init
    main.o(i.main) refers to motor.o(i.left_init) for left_init
    main.o(i.main) refers to motor.o(i.right_init) for right_init
    main.o(i.main) refers to motor.o(i.stod_init) for stod_init
    main.o(i.main) refers to ultrasonic.o(i.MiddleValueFilter) for MiddleValueFilter
    main.o(i.main) refers to ffixi.o(.text) for __aeabi_f2iz
    main.o(i.main) refers to ffixui.o(.text) for __aeabi_f2uiz
    main.o(i.main) refers to usart2.o(i.u2_printf) for u2_printf
    main.o(i.main) refers to delay.o(i.delay_ms) for delay_ms
    main.o(i.main) refers to usart2.o(.data) for USART2_RX_STA
    main.o(i.main) refers to usart2.o(.bss) for USART2_RX_BUF
    stm32f10x_gpio.o(i.GPIO_AFIODeInit) refers to stm32f10x_rcc.o(i.RCC_APB2PeriphResetCmd) for RCC_APB2PeriphResetCmd
    stm32f10x_gpio.o(i.GPIO_DeInit) refers to stm32f10x_rcc.o(i.RCC_APB2PeriphResetCmd) for RCC_APB2PeriphResetCmd
    stm32f10x_tim.o(i.TIM_DeInit) refers to stm32f10x_rcc.o(i.RCC_APB2PeriphResetCmd) for RCC_APB2PeriphResetCmd
    stm32f10x_tim.o(i.TIM_DeInit) refers to stm32f10x_rcc.o(i.RCC_APB1PeriphResetCmd) for RCC_APB1PeriphResetCmd
    stm32f10x_tim.o(i.TIM_ETRClockMode1Config) refers to stm32f10x_tim.o(i.TIM_ETRConfig) for TIM_ETRConfig
    stm32f10x_tim.o(i.TIM_ETRClockMode2Config) refers to stm32f10x_tim.o(i.TIM_ETRConfig) for TIM_ETRConfig
    stm32f10x_tim.o(i.TIM_ICInit) refers to stm32f10x_tim.o(i.TI1_Config) for TI1_Config
    stm32f10x_tim.o(i.TIM_ICInit) refers to stm32f10x_tim.o(i.TIM_SetIC1Prescaler) for TIM_SetIC1Prescaler
    stm32f10x_tim.o(i.TIM_ICInit) refers to stm32f10x_tim.o(i.TI2_Config) for TI2_Config
    stm32f10x_tim.o(i.TIM_ICInit) refers to stm32f10x_tim.o(i.TIM_SetIC2Prescaler) for TIM_SetIC2Prescaler
    stm32f10x_tim.o(i.TIM_ICInit) refers to stm32f10x_tim.o(i.TI3_Config) for TI3_Config
    stm32f10x_tim.o(i.TIM_ICInit) refers to stm32f10x_tim.o(i.TIM_SetIC3Prescaler) for TIM_SetIC3Prescaler
    stm32f10x_tim.o(i.TIM_ICInit) refers to stm32f10x_tim.o(i.TI4_Config) for TI4_Config
    stm32f10x_tim.o(i.TIM_ICInit) refers to stm32f10x_tim.o(i.TIM_SetIC4Prescaler) for TIM_SetIC4Prescaler
    stm32f10x_tim.o(i.TIM_ITRxExternalClockConfig) refers to stm32f10x_tim.o(i.TIM_SelectInputTrigger) for TIM_SelectInputTrigger
    stm32f10x_tim.o(i.TIM_PWMIConfig) refers to stm32f10x_tim.o(i.TI1_Config) for TI1_Config
    stm32f10x_tim.o(i.TIM_PWMIConfig) refers to stm32f10x_tim.o(i.TIM_SetIC1Prescaler) for TIM_SetIC1Prescaler
    stm32f10x_tim.o(i.TIM_PWMIConfig) refers to stm32f10x_tim.o(i.TI2_Config) for TI2_Config
    stm32f10x_tim.o(i.TIM_PWMIConfig) refers to stm32f10x_tim.o(i.TIM_SetIC2Prescaler) for TIM_SetIC2Prescaler
    stm32f10x_tim.o(i.TIM_TIxExternalClockConfig) refers to stm32f10x_tim.o(i.TI2_Config) for TI2_Config
    stm32f10x_tim.o(i.TIM_TIxExternalClockConfig) refers to stm32f10x_tim.o(i.TI1_Config) for TI1_Config
    stm32f10x_tim.o(i.TIM_TIxExternalClockConfig) refers to stm32f10x_tim.o(i.TIM_SelectInputTrigger) for TIM_SelectInputTrigger
    stm32f10x_usart.o(i.USART_DeInit) refers to stm32f10x_rcc.o(i.RCC_APB2PeriphResetCmd) for RCC_APB2PeriphResetCmd
    stm32f10x_usart.o(i.USART_DeInit) refers to stm32f10x_rcc.o(i.RCC_APB1PeriphResetCmd) for RCC_APB1PeriphResetCmd
    stm32f10x_usart.o(i.USART_Init) refers to stm32f10x_rcc.o(i.RCC_GetClocksFreq) for RCC_GetClocksFreq
    stm32f10x_adc.o(i.ADC_DeInit) refers to stm32f10x_rcc.o(i.RCC_APB2PeriphResetCmd) for RCC_APB2PeriphResetCmd
    stm32f10x_rcc.o(i.RCC_GetClocksFreq) refers to stm32f10x_rcc.o(.data) for APBAHBPrescTable
    stm32f10x_rcc.o(i.RCC_WaitForHSEStartUp) refers to stm32f10x_rcc.o(i.RCC_GetFlagStatus) for RCC_GetFlagStatus
    system_stm32f10x.o(i.SetSysClock) refers to system_stm32f10x.o(i.SetSysClockTo72) for SetSysClockTo72
    system_stm32f10x.o(i.SystemCoreClockUpdate) refers to system_stm32f10x.o(.data) for SystemCoreClock
    system_stm32f10x.o(i.SystemInit) refers to system_stm32f10x.o(i.SetSysClock) for SetSysClock
    startup_stm32f10x_hd.o(RESET) refers to startup_stm32f10x_hd.o(STACK) for __initial_sp
[...]
    printf6.o(i.__0vprintf$6) refers to printf6.o(i._printf_core) for _printf_core
    printf6.o(i.__0vprintf$6) refers to usart.o(i.fputc) for fputc
    printf6.o(i.__0vprintf$6) refers to usart.o(.data) for __stdout
    printf6.o(i.__0vsnprintf$6) refers to printf6.o(i._printf_core) for _printf_core
    printf6.o(i.__0vsnprintf$6) refers to printf6.o(i._snputc) for _snputc
    printf6.o(i.__0vsprintf$6) refers to printf6.o(i._printf_core) for _printf_core
    printf6.o(i.__0vsprintf$6) refers to printf6.o(i._sputc) for _sputc
    printf6.o(i._printf_core) refers to printf6.o(i._printf_pre_padding) for _printf_pre_padding
    printf6.o(i._printf_core) refers to uidiv.o(.text) for __aeabi_uidivmod
    printf6.o(i._printf_core) refers to printf6.o(i._printf_post_padding) for _printf_post_padding
    printf7.o(i.__0fprintf$7) refers to printf7.o(i._printf_core) for _printf_core
    printf7.o(i.__0fprintf$7) refers to usart.o(i.fputc) for fputc
    printf7.o(i.__0printf$7) refers to printf7.o(i._printf_core) for _printf_core
    printf7.o(i.__0printf$7) refers to usart.o(i.fputc) for fputc
    printf7.o(i.__0printf$7) refers to usart.o(.data) for __stdout
    printf7.o(i.__0snprintf$7) refers to printf7.o(i._printf_core) for _printf_core
    printf7.o(i.__0snprintf$7) refers to printf7.o(i._snputc) for _snputc
    printf7.o(i.__0sprintf$7) refers to printf7.o(i._printf_core) for _printf_core
    printf7.o(i.__0sprintf$7) refers to printf7.o(i._sputc) for _sputc
    printf7.o(i.__0vfprintf$7) refers to printf7.o(i._printf_core) for _printf_core
    printf7.o(i.__0vfprintf$7) refers to usart.o(i.fputc) for fputc
    printf7.o(i.__0vprintf$7) refers to printf7.o(i._printf_core) for _printf_core
    printf7.o(i.__0vprintf$7) refers to usart.o(i.fputc) for fputc
    printf7.o(i.__0vprintf$7) refers to usart.o(.data) for __stdout
    printf7.o(i.__0vsnprintf$7) refers to printf7.o(i._printf_core) for _printf_core
    printf7.o(i.__0vsnprintf$7) refers to printf7.o(i._snputc) for _snputc
    printf7.o(i.__0vsprintf$7) refers to printf7.o(i._printf_core) for _printf_core
    printf7.o(i.__0vsprintf$7) refers to printf7.o(i._sputc) for _sputc
    printf7.o(i._printf_core) refers to printf7.o(i._printf_pre_padding) for _printf_pre_padding
    printf7.o(i._printf_core) refers to uldiv.o(.text) for __aeabi_uldivmod
    printf7.o(i._printf_core) refers to printf7.o(i._printf_post_padding) for _printf_post_padding
    printf8.o(i.__0fprintf$8) refers to printf8.o(i._printf_core) for _printf_core
    printf8.o(i.__0fprintf$8) refers to usart.o(i.fputc) for fputc
    printf8.o(i.__0printf$8) refers to printf8.o(i._printf_core) for _printf_core
    printf8.o(i.__0printf$8) refers to usart.o(i.fputc) for fputc
    printf8.o(i.__0printf$8) refers to usart.o(.data) for __stdout
    printf8.o(i.__0snprintf$8) refers to printf8.o(i._printf_core) for _printf_core
    printf8.o(i.__0snprintf$8) refers to printf8.o(i._snputc) for _snputc
    printf8.o(i.__0sprintf$8) refers to printf8.o(i._printf_core) for _printf_core
    printf8.o(i.__0sprintf$8) refers to printf8.o(i._sputc) for _sputc
    printf8.o(i.__0vfprintf$8) refers to printf8.o(i._printf_core) for _printf_core
    printf8.o(i.__0vfprintf$8) refers to usart.o(i.fputc) for fputc
    printf8.o(i.__0vprintf$8) refers to printf8.o(i._printf_core) for _printf_core
    printf8.o(i.__0vprintf$8) refers to usart.o(i.fputc) for fputc
    printf8.o(i.__0vprintf$8) refers to usart.o(.data) for __stdout
    printf8.o(i.__0vsnprintf$8) refers to printf8.o(i._printf_core) for _printf_core
    printf8.o(i.__0vsnprintf$8) refers to printf8.o(i._snputc) for _snputc
    printf8.o(i.__0vsprintf$8) refers to printf8.o(i._printf_core) for _printf_core
    printf8.o(i.__0vsprintf$8) refers to printf8.o(i._sputc) for _sputc
    printf8.o(i._printf_core) refers to printf8.o(i._printf_pre_padding) for _printf_pre_padding
    printf8.o(i._printf_core) refers to uldiv.o(.text) for __aeabi_uldivmod
    printf8.o(i._printf_core) refers to printf8.o(i._printf_post_padding) for _printf_post_padding
    printfa.o(i.__0fprintf) refers (Special) to iusefp.o(.text) for __I$use$fp
    printfa.o(i.__0fprintf) refers to printfa.o(i._printf_core) for _printf_core
    printfa.o(i.__0fprintf) refers to usart.o(i.fputc) for fputc
    printfa.o(i.__0printf) refers (Special) to iusefp.o(.text) for __I$use$fp
    printfa.o(i.__0printf) refers to printfa.o(i._printf_core) for _printf_core
    printfa.o(i.__0printf) refers to usart.o(i.fputc) for fputc
    printfa.o(i.__0printf) refers to usart.o(.data) for __stdout
    printfa.o(i.__0snprintf) refers (Special) to iusefp.o(.text) for __I$use$fp
    printfa.o(i.__0snprintf) refers to printfa.o(i._printf_core) for _printf_core
    printfa.o(i.__0snprintf) refers to printfa.o(i._snputc) for _snputc
    printfa.o(i.__0sprintf) refers (Special) to iusefp.o(.text) for __I$use$fp
    printfa.o(i.__0sprintf) refers to printfa.o(i._printf_core) for _printf_core
    printfa.o(i.__0sprintf) refers to printfa.o(i._sputc) for _sputc
    printfa.o(i.__0vfprintf) refers (Special) to iusefp.o(.text) for __I$use$fp
    printfa.o(i.__0vfprintf) refers to printfa.o(i._printf_core) for _printf_core
    printfa.o(i.__0vfprintf) refers to usart.o(i.fputc) for fputc
    printfa.o(i.__0vprintf) refers (Special) to iusefp.o(.text) for __I$use$fp
    printfa.o(i.__0vprintf) refers to printfa.o(i._printf_core) for _printf_core
    printfa.o(i.__0vprintf) refers to usart.o(i.fputc) for fputc
    printfa.o(i.__0vprintf) refers to usart.o(.data) for __stdout
    printfa.o(i.__0vsnprintf) refers (Special) to iusefp.o(.text) for __I$use$fp
    printfa.o(i.__0vsnprintf) refers to printfa.o(i._printf_core) for _printf_core
    printfa.o(i.__0vsnprintf) refers to printfa.o(i._snputc) for _snputc
    printfa.o(i.__0vsprintf) refers (Special) to iusefp.o(.text) for __I$use$fp
    printfa.o(i.__0vsprintf) refers to printfa.o(i._printf_core) for _printf_core
    printfa.o(i.__0vsprintf) refers to printfa.o(i._sputc) for _sputc
    printfa.o(i._fp_digits) refers (Special) to iusefp.o(.text) for __I$use$fp
    printfa.o(i._fp_digits) refers to dmul.o(.text) for __aeabi_dmul
    printfa.o(i._fp_digits) refers to ddiv.o(.text) for __aeabi_ddiv
    printfa.o(i._fp_digits) refers to cdrcmple.o(.text) for __aeabi_cdrcmple
    printfa.o(i._fp_digits) refers to dadd.o(.text) for __aeabi_dadd
    printfa.o(i._fp_digits) refers to dfixul.o(.text) for __aeabi_d2ulz
    printfa.o(i._fp_digits) refers to uldiv.o(.text) for __aeabi_uldivmod
    printfa.o(i._printf_core) refers (Special) to iusefp.o(.text) for __I$use$fp
    printfa.o(i._printf_core) refers to printfa.o(i._printf_pre_padding) for _printf_pre_padding
    printfa.o(i._printf_core) refers to uldiv.o(.text) for __aeabi_uldivmod
    printfa.o(i._printf_core) refers to printfa.o(i._printf_post_padding) for _printf_post_padding
    printfa.o(i._printf_core) refers to printfa.o(i._fp_digits) for _fp_digits
    printfa.o(i._printf_core) refers to uidiv.o(.text) for __aeabi_uidivmod
    printfa.o(i._printf_post_padding) refers (Special) to iusefp.o(.text) for __I$use$fp
    printfa.o(i._printf_pre_padding) refers (Special) to iusefp.o(.text) for __I$use$fp
    printfa.o(i._snputc) refers (Special) to iusefp.o(.text) for __I$use$fp
    printfa.o(i._sputc) refers (Special) to iusefp.o(.text) for __I$use$fp
    fmul.o(.text) refers (Special) to iusefp.o(.text) for __I$use$fp
    fdiv.o(.text) refers (Special) to iusefp.o(.text) for __I$use$fp
    fdiv.o(.text) refers to fepilogue.o(.text) for _float_round
    ffltui.o(.text) refers (Special) to iusefp.o(.text) for __I$use$fp
    ffltui.o(.text) refers to fepilogue.o(.text) for _float_epilogue
    ffixi.o(.text) refers (Special) to iusefp.o(.text) for __I$use$fp
    ffixui.o(.text) refers (Special) to iusefp.o(.text) for __I$use$fp
    cfrcmple.o(.text) refers (Special) to iusefp.o(.text) for __I$use$fp
    entry2.o(.ARM.Collect$$$$00000001) refers to entry2.o(.ARM.Collect$$$$00002712) for __lit__00000000
    entry2.o(.ARM.Collect$$$$00002712) refers to startup_stm32f10x_hd.o(STACK) for __initial_sp
    entry2.o(__vectab_stack_and_reset_area) refers to startup_stm32f10x_hd.o(STACK) for __initial_sp
    entry2.o(__vectab_stack_and_reset_area) refers to entry.o(.ARM.Collect$$$$00000000) for __main
    entry5.o(.ARM.Collect$$$$00000004) refers to init.o(.text) for __scatterload
    entry9a.o(.ARM.Collect$$$$0000000B) refers to main.o(i.main) for main
    entry9b.o(.ARM.Collect$$$$0000000C) refers to main.o(i.main) for main
    uldiv.o(.text) refers to llushr.o(.text) for __aeabi_llsr
    uldiv.o(.text) refers to llshl.o(.text) for __aeabi_llsl
    dadd.o(.text) refers to llshl.o(.text) for __aeabi_llsl
    dadd.o(.text) refers to llsshr.o(.text) for __aeabi_lasr
    dadd.o(.text) refers to depilogue.o(.text) for _double_epilogue
    dmul.o(.text) refers to depilogue.o(.text) for _double_epilogue
    ddiv.o(.text) refers to depilogue.o(.text) for _double_round
    dfixul.o(.text) refers to llushr.o(.text) for __aeabi_llsr
    dfixul.o(.text) refers to llshl.o(.text) for __aeabi_llsl
    init.o(.text) refers to entry5.o(.ARM.Collect$$$$00000004) for __main_after_scatterload
    depilogue.o(.text) refers to llshl.o(.text) for __aeabi_llsl
    depilogue.o(.text) refers to llushr.o(.text) for __aeabi_llsr


==============================================================================

Removing Unused input sections from the image.

    Removing stm32f10x_gpio.o(i.GPIO_AFIODeInit), (20 bytes).
    Removing stm32f10x_gpio.o(i.GPIO_DeInit), (200 bytes).
    Removing stm32f10x_gpio.o(i.GPIO_ETH_MediaInterfaceConfig), (12 bytes).
    Removing stm32f10x_gpio.o(i.GPIO_EXTILineConfig), (64 bytes).
    Removing stm32f10x_gpio.o(i.GPIO_EventOutputCmd), (12 bytes).
    Removing stm32f10x_gpio.o(i.GPIO_EventOutputConfig), (32 bytes).
    Removing stm32f10x_gpio.o(i.GPIO_PinLockConfig), (18 bytes).
    Removing stm32f10x_gpio.o(i.GPIO_PinRemapConfig), (144 bytes).
    Removing stm32f10x_gpio.o(i.GPIO_ReadInputData), (8 bytes).
    Removing stm32f10x_gpio.o(i.GPIO_ReadInputDataBit), (18 bytes).
    Removing stm32f10x_gpio.o(i.GPIO_ReadOutputData), (8 bytes).
    Removing stm32f10x_gpio.o(i.GPIO_ReadOutputDataBit), (18 bytes).
    Removing stm32f10x_gpio.o(i.GPIO_StructInit), (16 bytes).
    Removing stm32f10x_gpio.o(i.GPIO_Write), (4 bytes).
    Removing stm32f10x_gpio.o(i.GPIO_WriteBit), (10 bytes).
    Removing stm32f10x_sdio.o(i.SDIO_CEATAITCmd), (16 bytes).
    Removing stm32f10x_sdio.o(i.SDIO_ClearFlag), (12 bytes).
    Removing stm32f10x_sdio.o(i.SDIO_ClearITPendingBit), (12 bytes).
    Removing stm32f10x_sdio.o(i.SDIO_ClockCmd), (12 bytes).
    Removing stm32f10x_sdio.o(i.SDIO_CmdStructInit), (14 bytes).
    Removing stm32f10x_sdio.o(i.SDIO_CommandCompletionCmd), (12 bytes).
    Removing stm32f10x_sdio.o(i.SDIO_DMACmd), (12 bytes).
    Removing stm32f10x_sdio.o(i.SDIO_DataConfig), (48 bytes).
    Removing stm32f10x_sdio.o(i.SDIO_DataStructInit), (20 bytes).
    Removing stm32f10x_sdio.o(i.SDIO_DeInit), (36 bytes).
    Removing stm32f10x_sdio.o(i.SDIO_GetCommandResponse), (12 bytes).
    Removing stm32f10x_sdio.o(i.SDIO_GetDataCounter), (12 bytes).
    Removing stm32f10x_sdio.o(i.SDIO_GetFIFOCount), (12 bytes).
    Removing stm32f10x_sdio.o(i.SDIO_GetFlagStatus), (24 bytes).
    Removing stm32f10x_sdio.o(i.SDIO_GetITStatus), (24 bytes).
    Removing stm32f10x_sdio.o(i.SDIO_GetPowerState), (16 bytes).
    Removing stm32f10x_sdio.o(i.SDIO_GetResponse), (24 bytes).
    Removing stm32f10x_sdio.o(i.SDIO_ITConfig), (32 bytes).
    Removing stm32f10x_sdio.o(i.SDIO_Init), (48 bytes).
    Removing stm32f10x_sdio.o(i.SDIO_ReadData), (12 bytes).
    Removing stm32f10x_sdio.o(i.SDIO_SendCEATACmd), (12 bytes).
    Removing stm32f10x_sdio.o(i.SDIO_SendCommand), (44 bytes).
    Removing stm32f10x_sdio.o(i.SDIO_SendSDIOSuspendCmd), (12 bytes).
    Removing stm32f10x_sdio.o(i.SDIO_SetPowerState), (28 bytes).
    Removing stm32f10x_sdio.o(i.SDIO_SetSDIOOperation), (12 bytes).
    Removing stm32f10x_sdio.o(i.SDIO_SetSDIOReadWaitMode), (12 bytes).
    Removing stm32f10x_sdio.o(i.SDIO_StartSDIOReadWait), (12 bytes).
    Removing stm32f10x_sdio.o(i.SDIO_StopSDIOReadWait), (12 bytes).
    Removing stm32f10x_sdio.o(i.SDIO_StructInit), (16 bytes).
    Removing stm32f10x_sdio.o(i.SDIO_WriteData), (12 bytes).
    Removing stm32f10x_tim.o(i.TIM_BDTRConfig), (32 bytes).
    Removing stm32f10x_tim.o(i.TIM_BDTRStructInit), (18 bytes).
    Removing stm32f10x_tim.o(i.TIM_CCPreloadControl), (24 bytes).
    Removing stm32f10x_tim.o(i.TIM_CCxCmd), (30 bytes).
    Removing stm32f10x_tim.o(i.TIM_CCxNCmd), (30 bytes).
    Removing stm32f10x_tim.o(i.TIM_ClearFlag), (6 bytes).
    Removing stm32f10x_tim.o(i.TIM_ClearOC1Ref), (18 bytes).
    Removing stm32f10x_tim.o(i.TIM_ClearOC2Ref), (24 bytes).
    Removing stm32f10x_tim.o(i.TIM_ClearOC3Ref), (18 bytes).
    Removing stm32f10x_tim.o(i.TIM_ClearOC4Ref), (24 bytes).
    Removing stm32f10x_tim.o(i.TIM_CounterModeConfig), (18 bytes).
    Removing stm32f10x_tim.o(i.TIM_DMACmd), (18 bytes).
    Removing stm32f10x_tim.o(i.TIM_DMAConfig), (10 bytes).
    Removing stm32f10x_tim.o(i.TIM_DeInit), (488 bytes).
    Removing stm32f10x_tim.o(i.TIM_ETRClockMode1Config), (54 bytes).
    Removing stm32f10x_tim.o(i.TIM_ETRClockMode2Config), (32 bytes).
    Removing stm32f10x_tim.o(i.TIM_ETRConfig), (28 bytes).
    Removing stm32f10x_tim.o(i.TIM_EncoderInterfaceConfig), (66 bytes).
    Removing stm32f10x_tim.o(i.TIM_ForcedOC1Config), (18 bytes).
    Removing stm32f10x_tim.o(i.TIM_ForcedOC2Config), (26 bytes).
    Removing stm32f10x_tim.o(i.TIM_ForcedOC3Config), (18 bytes).
    Removing stm32f10x_tim.o(i.TIM_ForcedOC4Config), (26 bytes).
    Removing stm32f10x_tim.o(i.TIM_GenerateEvent), (4 bytes).
    Removing stm32f10x_tim.o(i.TIM_GetCapture1), (6 bytes).
    Removing stm32f10x_tim.o(i.TIM_GetCapture2), (6 bytes).
    Removing stm32f10x_tim.o(i.TIM_GetCapture3), (6 bytes).
    Removing stm32f10x_tim.o(i.TIM_GetCapture4), (8 bytes).
    Removing stm32f10x_tim.o(i.TIM_GetFlagStatus), (18 bytes).
    Removing stm32f10x_tim.o(i.TIM_GetPrescaler), (6 bytes).
    Removing stm32f10x_tim.o(i.TIM_ICStructInit), (18 bytes).
    Removing stm32f10x_tim.o(i.TIM_ITRxExternalClockConfig), (24 bytes).
    Removing stm32f10x_tim.o(i.TIM_InternalClockConfig), (12 bytes).
    Removing stm32f10x_tim.o(i.TIM_OC1FastConfig), (18 bytes).
    Removing stm32f10x_tim.o(i.TIM_OC1NPolarityConfig), (18 bytes).
    Removing stm32f10x_tim.o(i.TIM_OC2FastConfig), (26 bytes).
    Removing stm32f10x_tim.o(i.TIM_OC2NPolarityConfig), (26 bytes).
    Removing stm32f10x_tim.o(i.TIM_OC2PolarityConfig), (26 bytes).
    Removing stm32f10x_tim.o(i.TIM_OC3FastConfig), (18 bytes).
    Removing stm32f10x_tim.o(i.TIM_OC3NPolarityConfig), (26 bytes).
    Removing stm32f10x_tim.o(i.TIM_OC3PolarityConfig), (26 bytes).
    Removing stm32f10x_tim.o(i.TIM_OC4FastConfig), (26 bytes).
    Removing stm32f10x_tim.o(i.TIM_OC4PolarityConfig), (26 bytes).
    Removing stm32f10x_tim.o(i.TIM_OCStructInit), (20 bytes).
    Removing stm32f10x_tim.o(i.TIM_PWMIConfig), (124 bytes).
    Removing stm32f10x_tim.o(i.TIM_PrescalerConfig), (6 bytes).
    Removing stm32f10x_tim.o(i.TIM_SelectCCDMA), (24 bytes).
    Removing stm32f10x_tim.o(i.TIM_SelectCOM), (24 bytes).
    Removing stm32f10x_tim.o(i.TIM_SelectHallSensor), (24 bytes).
    Removing stm32f10x_tim.o(i.TIM_SelectInputTrigger), (18 bytes).
    Removing stm32f10x_tim.o(i.TIM_SelectMasterSlaveMode), (18 bytes).
    Removing stm32f10x_tim.o(i.TIM_SelectOCxM), (82 bytes).
    Removing stm32f10x_tim.o(i.TIM_SelectOnePulseMode), (18 bytes).
    Removing stm32f10x_tim.o(i.TIM_SelectOutputTrigger), (18 bytes).
    Removing stm32f10x_tim.o(i.TIM_SelectSlaveMode), (18 bytes).
    Removing stm32f10x_tim.o(i.TIM_SetAutoreload), (4 bytes).
    Removing stm32f10x_tim.o(i.TIM_SetClockDivision), (18 bytes).
    Removing stm32f10x_tim.o(i.TIM_TIxExternalClockConfig), (62 bytes).
    Removing stm32f10x_tim.o(i.TIM_TimeBaseStructInit), (18 bytes).
    Removing stm32f10x_tim.o(i.TIM_UpdateDisableConfig), (24 bytes).
    Removing stm32f10x_tim.o(i.TIM_UpdateRequestConfig), (24 bytes).
    Removing stm32f10x_usart.o(i.USART_ClearFlag), (18 bytes).
    Removing stm32f10x_usart.o(i.USART_ClearITPendingBit), (30 bytes).
    Removing stm32f10x_usart.o(i.USART_ClockInit), (34 bytes).
    Removing stm32f10x_usart.o(i.USART_ClockStructInit), (12 bytes).
    Removing stm32f10x_usart.o(i.USART_GetFlagStatus), (26 bytes).
    Removing stm32f10x_usart.o(i.USART_HalfDuplexCmd), (24 bytes).
    Removing stm32f10x_usart.o(i.USART_IrDACmd), (24 bytes).
    Removing stm32f10x_usart.o(i.USART_IrDAConfig), (18 bytes).
    Removing stm32f10x_usart.o(i.USART_LINBreakDetectLengthConfig), (18 bytes).
    Removing stm32f10x_usart.o(i.USART_LINCmd), (24 bytes).
    Removing stm32f10x_usart.o(i.USART_OneBitMethodCmd), (24 bytes).
    Removing stm32f10x_usart.o(i.USART_OverSampling8Cmd), (22 bytes).
    Removing stm32f10x_usart.o(i.USART_ReceiverWakeUpCmd), (24 bytes).
    Removing stm32f10x_usart.o(i.USART_SendBreak), (10 bytes).
    Removing stm32f10x_usart.o(i.USART_SendData), (8 bytes).
    Removing stm32f10x_usart.o(i.USART_SetAddress), (18 bytes).
    Removing stm32f10x_usart.o(i.USART_SetGuardTime), (16 bytes).
    Removing stm32f10x_usart.o(i.USART_SetPrescaler), (16 bytes).
    Removing stm32f10x_usart.o(i.USART_SmartCardCmd), (24 bytes).
    Removing stm32f10x_usart.o(i.USART_SmartCardNACKCmd), (24 bytes).
    Removing stm32f10x_usart.o(i.USART_StructInit), (24 bytes).
    Removing stm32f10x_usart.o(i.USART_WakeUpConfig), (18 bytes).
    Removing stm32f10x_adc.o(i.ADC_AnalogWatchdogCmd), (20 bytes).
    Removing stm32f10x_adc.o(i.ADC_AnalogWatchdogSingleChannelConfig), (16 bytes).
    Removing stm32f10x_adc.o(i.ADC_AnalogWatchdogThresholdsConfig), (6 bytes).
    Removing stm32f10x_adc.o(i.ADC_AutoInjectedConvCmd), (22 bytes).
    Removing stm32f10x_adc.o(i.ADC_ClearFlag), (6 bytes).
    Removing stm32f10x_adc.o(i.ADC_ClearITPendingBit), (10 bytes).
    Removing stm32f10x_adc.o(i.ADC_Cmd), (22 bytes).
    Removing stm32f10x_adc.o(i.ADC_DMACmd), (22 bytes).
    Removing stm32f10x_adc.o(i.ADC_DeInit), (92 bytes).
    Removing stm32f10x_adc.o(i.ADC_DiscModeChannelCountConfig), (24 bytes).
    Removing stm32f10x_adc.o(i.ADC_DiscModeCmd), (22 bytes).
    Removing stm32f10x_adc.o(i.ADC_ExternalTrigConvCmd), (22 bytes).
    Removing stm32f10x_adc.o(i.ADC_ExternalTrigInjectedConvCmd), (22 bytes).
    Removing stm32f10x_adc.o(i.ADC_ExternalTrigInjectedConvConfig), (16 bytes).
    Removing stm32f10x_adc.o(i.ADC_GetCalibrationStatus), (20 bytes).
    Removing stm32f10x_adc.o(i.ADC_GetConversionValue), (8 bytes).
    Removing stm32f10x_adc.o(i.ADC_GetDualModeConversionValue), (12 bytes).
    Removing stm32f10x_adc.o(i.ADC_GetFlagStatus), (18 bytes).
    Removing stm32f10x_adc.o(i.ADC_GetITStatus), (36 bytes).
    Removing stm32f10x_adc.o(i.ADC_GetInjectedConversionValue), (28 bytes).
    Removing stm32f10x_adc.o(i.ADC_GetResetCalibrationStatus), (20 bytes).
    Removing stm32f10x_adc.o(i.ADC_GetSoftwareStartConvStatus), (20 bytes).
    Removing stm32f10x_adc.o(i.ADC_GetSoftwareStartInjectedConvCmdStatus), (20 bytes).
    Removing stm32f10x_adc.o(i.ADC_ITConfig), (24 bytes).
    Removing stm32f10x_adc.o(i.ADC_Init), (80 bytes).
    Removing stm32f10x_adc.o(i.ADC_InjectedChannelConfig), (130 bytes).
    Removing stm32f10x_adc.o(i.ADC_InjectedDiscModeCmd), (22 bytes).
    Removing stm32f10x_adc.o(i.ADC_InjectedSequencerLengthConfig), (24 bytes).
    Removing stm32f10x_adc.o(i.ADC_RegularChannelConfig), (184 bytes).
    Removing stm32f10x_adc.o(i.ADC_ResetCalibration), (10 bytes).
    Removing stm32f10x_adc.o(i.ADC_SetInjectedOffset), (20 bytes).
    Removing stm32f10x_adc.o(i.ADC_SoftwareStartConvCmd), (22 bytes).
    Removing stm32f10x_adc.o(i.ADC_SoftwareStartInjectedConvCmd), (22 bytes).
    Removing stm32f10x_adc.o(i.ADC_StartCalibration), (10 bytes).
    Removing stm32f10x_adc.o(i.ADC_StructInit), (18 bytes).
    Removing stm32f10x_adc.o(i.ADC_TempSensorVrefintCmd), (36 bytes).
    Removing stm32f10x_rcc.o(i.RCC_ADCCLKConfig), (24 bytes).
    Removing stm32f10x_rcc.o(i.RCC_AdjustHSICalibrationValue), (24 bytes).
    Removing stm32f10x_rcc.o(i.RCC_BackupResetCmd), (12 bytes).
    Removing stm32f10x_rcc.o(i.RCC_ClearFlag), (20 bytes).
    Removing stm32f10x_rcc.o(i.RCC_ClearITPendingBit), (12 bytes).
    Removing stm32f10x_rcc.o(i.RCC_ClockSecuritySystemCmd), (12 bytes).
    Removing stm32f10x_rcc.o(i.RCC_DeInit), (76 bytes).
    Removing stm32f10x_rcc.o(i.RCC_GetFlagStatus), (60 bytes).
    Removing stm32f10x_rcc.o(i.RCC_GetITStatus), (24 bytes).
    Removing stm32f10x_rcc.o(i.RCC_GetSYSCLKSource), (16 bytes).
    Removing stm32f10x_rcc.o(i.RCC_HCLKConfig), (24 bytes).
    Removing stm32f10x_rcc.o(i.RCC_HSEConfig), (76 bytes).
    Removing stm32f10x_rcc.o(i.RCC_HSICmd), (12 bytes).
    Removing stm32f10x_rcc.o(i.RCC_ITConfig), (32 bytes).
    Removing stm32f10x_rcc.o(i.RCC_LSEConfig), (52 bytes).
    Removing stm32f10x_rcc.o(i.RCC_LSICmd), (12 bytes).
    Removing stm32f10x_rcc.o(i.RCC_MCOConfig), (12 bytes).
    Removing stm32f10x_rcc.o(i.RCC_PCLK1Config), (24 bytes).
    Removing stm32f10x_rcc.o(i.RCC_PCLK2Config), (24 bytes).
    Removing stm32f10x_rcc.o(i.RCC_PLLCmd), (12 bytes).
    Removing stm32f10x_rcc.o(i.RCC_PLLConfig), (28 bytes).
    Removing stm32f10x_rcc.o(i.RCC_RTCCLKCmd), (12 bytes).
    Removing stm32f10x_rcc.o(i.RCC_RTCCLKConfig), (16 bytes).
    Removing stm32f10x_rcc.o(i.RCC_SYSCLKConfig), (24 bytes).
    Removing stm32f10x_rcc.o(i.RCC_USBCLKConfig), (12 bytes).
    Removing stm32f10x_rcc.o(i.RCC_WaitForHSEStartUp), (56 bytes).
    Removing misc.o(i.NVIC_SetVectorTable), (20 bytes).
    Removing misc.o(i.NVIC_SystemLPConfig), (32 bytes).
    Removing stm32f10x_dma.o(i.DMA_ClearFlag), (28 bytes).
    Removing stm32f10x_dma.o(i.DMA_ClearITPendingBit), (28 bytes).
    Removing stm32f10x_dma.o(i.DMA_GetFlagStatus), (44 bytes).
    Removing stm32f10x_dma.o(i.DMA_GetITStatus), (44 bytes).
    Removing stm32f10x_dma.o(i.DMA_ITConfig), (18 bytes).
    Removing stm32f10x_dma.o(i.DMA_StructInit), (26 bytes).
    Removing stm32f10x_exti.o(i.EXTI_ClearFlag), (12 bytes).
    Removing stm32f10x_exti.o(i.EXTI_ClearITPendingBit), (12 bytes).
    Removing stm32f10x_exti.o(i.EXTI_DeInit), (36 bytes).
    Removing stm32f10x_exti.o(i.EXTI_GenerateSWInterrupt), (16 bytes).
    Removing stm32f10x_exti.o(i.EXTI_GetFlagStatus), (24 bytes).
    Removing stm32f10x_exti.o(i.EXTI_GetITStatus), (40 bytes).
    Removing stm32f10x_exti.o(i.EXTI_Init), (148 bytes).
    Removing stm32f10x_exti.o(i.EXTI_StructInit), (16 bytes).
    Removing core_cm3.o(.emb_text), (32 bytes).
    Removing system_stm32f10x.o(i.SystemCoreClockUpdate), (164 bytes).
    Removing startup_stm32f10x_hd.o(HEAP), (512 bytes).
    Removing delay.o(i.delay_us), (76 bytes).
    Removing hc05.o(i.HC05_CFG_CMD), (124 bytes).
    Removing hc05.o(i.HC05_Get_Role), (148 bytes).
    Removing hc05.o(i.HC05_Set_Cmd), (152 bytes).
    Removing usart.o(i._sys_exit), (6 bytes).
    Removing usart.o(i.fputc), (28 bytes).

214 unused section(s) (total 7136 bytes) removed from the image.

==============================================================================

Image Symbol Table

    Local Symbols

    Symbol Name                              Value     Ov Type        Size  Object(Section)

    ../clib/microlib/division.c              0x00000000   Number         0  uldiv.o ABSOLUTE
    ../clib/microlib/division.c              0x00000000   Number         0  uidiv.o ABSOLUTE
    ../clib/microlib/init/entry.s            0x00000000   Number         0  entry10a.o ABSOLUTE
    ../clib/microlib/init/entry.s            0x00000000   Number         0  entry8a.o ABSOLUTE
    ../clib/microlib/init/entry.s            0x00000000   Number         0  entry11b.o ABSOLUTE
    ../clib/microlib/init/entry.s            0x00000000   Number         0  entry9a.o ABSOLUTE
    ../clib/microlib/init/entry.s            0x00000000   Number         0  entry11a.o ABSOLUTE
    ../clib/microlib/init/entry.s            0x00000000   Number         0  entry7b.o ABSOLUTE
    ../clib/microlib/init/entry.s            0x00000000   Number         0  entry10b.o ABSOLUTE
    ../clib/microlib/init/entry.s            0x00000000   Number         0  entry7a.o ABSOLUTE
    ../clib/microlib/init/entry.s            0x00000000   Number         0  entry.o ABSOLUTE
    ../clib/microlib/init/entry.s            0x00000000   Number         0  entry2.o ABSOLUTE
    ../clib/microlib/init/entry.s            0x00000000   Number         0  entry9b.o ABSOLUTE
    ../clib/microlib/init/entry.s            0x00000000   Number         0  entry5.o ABSOLUTE
    ../clib/microlib/init/entry.s            0x00000000   Number         0  entry8b.o ABSOLUTE
    ../clib/microlib/longlong.c              0x00000000   Number         0  llushr.o ABSOLUTE
    ../clib/microlib/longlong.c              0x00000000   Number         0  llshl.o ABSOLUTE
    ../clib/microlib/longlong.c              0x00000000   Number         0  llsshr.o ABSOLUTE
    ../clib/microlib/printf/printf.c         0x00000000   Number         0  printf2.o ABSOLUTE
    ../clib/microlib/printf/printf.c         0x00000000   Number         0  printf3.o ABSOLUTE
    ../clib/microlib/printf/printf.c         0x00000000   Number         0  printf5.o ABSOLUTE
    ../clib/microlib/printf/printf.c         0x00000000   Number         0  printfa.o ABSOLUTE
    ../clib/microlib/printf/printf.c         0x00000000   Number         0  printf7.o ABSOLUTE
    ../clib/microlib/printf/printf.c         0x00000000   Number         0  printf1.o ABSOLUTE
    ../clib/microlib/printf/printf.c         0x00000000   Number         0  printf6.o ABSOLUTE
    ../clib/microlib/printf/printf.c         0x00000000   Number         0  printf4.o ABSOLUTE
    ../clib/microlib/printf/printf.c         0x00000000   Number         0  printf8.o ABSOLUTE
    ../clib/microlib/printf/printf.c         0x00000000   Number         0  printfb.o ABSOLUTE
    ../clib/microlib/printf/printf.c         0x00000000   Number         0  printf0.o ABSOLUTE
    ../clib/microlib/printf/stubs.s          0x00000000   Number         0  stubs.o ABSOLUTE
    ../clib/microlib/string/strcmp.c         0x00000000   Number         0  strcmp.o ABSOLUTE
    ../clib/microlib/string/strlen.c         0x00000000   Number         0  strlen.o ABSOLUTE
    ../clib/microlib/stubs.s                 0x00000000   Number         0  iusefp.o ABSOLUTE
    ../clib/microlib/stubs.s                 0x00000000   Number         0  useno.o ABSOLUTE
    ../fplib/microlib/fpadd.c                0x00000000   Number         0  dadd.o ABSOLUTE
    ../fplib/microlib/fpdiv.c                0x00000000   Number         0  ddiv.o ABSOLUTE
    ../fplib/microlib/fpdiv.c                0x00000000   Number         0  fdiv.o ABSOLUTE
    ../fplib/microlib/fpepilogue.c           0x00000000   Number         0  depilogue.o ABSOLUTE
    ../fplib/microlib/fpepilogue.c           0x00000000   Number         0  fepilogue.o ABSOLUTE
    ../fplib/microlib/fpfix.c                0x00000000   Number         0  dfixul.o ABSOLUTE
    ../fplib/microlib/fpfix.c                0x00000000   Number         0  ffixui.o ABSOLUTE
    ../fplib/microlib/fpfix.c                0x00000000   Number         0  ffixi.o ABSOLUTE
    ../fplib/microlib/fpflt.c                0x00000000   Number         0  ffltui.o ABSOLUTE
    ../fplib/microlib/fpmul.c                0x00000000   Number         0  dmul.o ABSOLUTE
    ../fplib/microlib/fpmul.c                0x00000000   Number         0  fmul.o ABSOLUTE
    ..\Drivers\delay.c                       0x00000000   Number         0  delay.o ABSOLUTE
    ..\Drivers\hc05.c                        0x00000000   Number         0  hc05.o ABSOLUTE
    ..\Drivers\led.c                         0x00000000   Number         0  led.o ABSOLUTE
    ..\Drivers\motor.c                       0x00000000   Number         0  motor.o ABSOLUTE
    ..\Drivers\ultrasonic.c                  0x00000000   Number         0  ultrasonic.o ABSOLUTE
    ..\Drivers\usart.c                       0x00000000   Number         0  usart.o ABSOLUTE
    ..\Drivers\usart2.c                      0x00000000   Number         0  usart2.o ABSOLUTE
    ..\Libraries\CMSIS\CM3\CoreSupport\core_cm3.c 0x00000000   Number         0  core_cm3.o ABSOLUTE
    ..\Libraries\CMSIS\CM3\DeviceSupport\ST\STM32F10x\startup\arm\startup_stm32f10x_hd.s 0x00000000   Number         0  startup_stm32f10x_hd.o ABSOLUTE
    ..\Libraries\STM32F10x_StdPeriph_Driver\src\misc.c 0x00000000   Number         0  misc.o ABSOLUTE
    ..\Libraries\STM32F10x_StdPeriph_Driver\src\stm32f10x_adc.c 0x00000000   Number         0  stm32f10x_adc.o ABSOLUTE
    ..\Libraries\STM32F10x_StdPeriph_Driver\src\stm32f10x_dma.c 0x00000000   Number         0  stm32f10x_dma.o ABSOLUTE
    ..\Libraries\STM32F10x_StdPeriph_Driver\src\stm32f10x_exti.c 0x00000000   Number         0  stm32f10x_exti.o ABSOLUTE
    ..\Libraries\STM32F10x_StdPeriph_Driver\src\stm32f10x_gpio.c 0x00000000   Number         0  stm32f10x_gpio.o ABSOLUTE
    ..\Libraries\STM32F10x_StdPeriph_Driver\src\stm32f10x_rcc.c 0x00000000   Number         0  stm32f10x_rcc.o ABSOLUTE
    ..\Libraries\STM32F10x_StdPeriph_Driver\src\stm32f10x_sdio.c 0x00000000   Number         0  stm32f10x_sdio.o ABSOLUTE
    ..\Libraries\STM32F10x_StdPeriph_Driver\src\stm32f10x_tim.c 0x00000000   Number         0  stm32f10x_tim.o ABSOLUTE
    ..\Libraries\STM32F10x_StdPeriph_Driver\src\stm32f10x_usart.c 0x00000000   Number         0  stm32f10x_usart.o ABSOLUTE
    ..\USER\main.c                           0x00000000   Number         0  main.o ABSOLUTE
    ..\USER\stm32f10x_it.c                   0x00000000   Number         0  stm32f10x_it.o ABSOLUTE
    ..\USER\system_stm32f10x.c               0x00000000   Number         0  system_stm32f10x.o ABSOLUTE
    ..\\Libraries\\CMSIS\\CM3\\CoreSupport\\core_cm3.c 0x00000000   Number         0  core_cm3.o ABSOLUTE
    cdrcmple.s                               0x00000000   Number         0  cdrcmple.o ABSOLUTE
    cfrcmple.s                               0x00000000   Number         0  cfrcmple.o ABSOLUTE
    dc.s                                     0x00000000   Number         0  dc.o ABSOLUTE
    handlers.s                               0x00000000   Number         0  handlers.o ABSOLUTE
    init.s                                   0x00000000   Number         0  init.o ABSOLUTE
    RESET                                    0x08000000   Section      304  startup_stm32f10x_hd.o(RESET)
    .ARM.Collect$$$$00000000                 0x08000130   Section        0  entry.o(.ARM.Collect$$$$00000000)
    .ARM.Collect$$$$00000001                 0x08000130   Section        4  entry2.o(.ARM.Collect$$$$00000001)
    .ARM.Collect$$$$00000004                 0x08000134   Section        4  entry5.o(.ARM.Collect$$$$00000004)
    .ARM.Collect$$$$00000008                 0x08000138   Section        0  entry7b.o(.ARM.Collect$$$$00000008)
    .ARM.Collect$$$$0000000A                 0x08000138   Section        0  entry8b.o(.ARM.Collect$$$$0000000A)
    .ARM.Collect$$$$0000000B                 0x08000138   Section        8  entry9a.o(.ARM.Collect$$$$0000000B)
    .ARM.Collect$$$$0000000D                 0x08000140   Section        0  entry10a.o(.ARM.Collect$$$$0000000D)
    .ARM.Collect$$$$0000000F                 0x08000140   Section        0  entry11a.o(.ARM.Collect$$$$0000000F)
    .ARM.Collect$$$$00002712                 0x08000140   Section        4  entry2.o(.ARM.Collect$$$$00002712)
    __lit__00000000                          0x08000140   Data           4  entry2.o(.ARM.Collect$$$$00002712)
    .text                                    0x08000144   Section       36  startup_stm32f10x_hd.o(.text)
    .text                                    0x08000168   Section        0  strlen.o(.text)
    .text                                    0x08000176   Section        0  strcmp.o(.text)
    .text                                    0x08000192   Section        0  fmul.o(.text)
    .text                                    0x080001f6   Section        0  fdiv.o(.text)
    .text                                    0x08000272   Section        0  ffltui.o(.text)
    .text                                    0x0800027c   Section        0  ffixi.o(.text)
    .text                                    0x080002ae   Section        0  ffixui.o(.text)
    .text                                    0x080002d8   Section       20  cfrcmple.o(.text)
    .text                                    0x080002ec   Section        0  uidiv.o(.text)
    .text                                    0x08000318   Section        0  uldiv.o(.text)
    .text                                    0x0800037a   Section        0  iusefp.o(.text)
    .text                                    0x0800037a   Section        0  fepilogue.o(.text)
    .text                                    0x080003e8   Section        0  dadd.o(.text)
    .text                                    0x08000536   Section        0  dmul.o(.text)
    .text                                    0x0800061a   Section        0  ddiv.o(.text)
    .text                                    0x080006f8   Section        0  dfixul.o(.text)
    .text                                    0x08000728   Section       48  cdrcmple.o(.text)
    .text                                    0x08000758   Section       36  init.o(.text)
    .text                                    0x0800077c   Section        0  llshl.o(.text)
    .text                                    0x0800079a   Section        0  llushr.o(.text)
    .text                                    0x080007ba   Section        0  llsshr.o(.text)
    .text                                    0x080007de   Section        0  depilogue.o(.text)
    i.BusFault_Handler                       0x08000898   Section        0  stm32f10x_it.o(i.BusFault_Handler)
    i.DMA_Cmd                                0x0800089c   Section        0  stm32f10x_dma.o(i.DMA_Cmd)
    i.DMA_DeInit                             0x080008b4   Section        0  stm32f10x_dma.o(i.DMA_DeInit)
    i.DMA_GetCurrDataCounter                 0x08000a00   Section        0  stm32f10x_dma.o(i.DMA_GetCurrDataCounter)
    i.DMA_Init                               0x08000a08   Section        0  stm32f10x_dma.o(i.DMA_Init)
    i.DMA_SetCurrDataCounter                 0x08000a44   Section        0  stm32f10x_dma.o(i.DMA_SetCurrDataCounter)
    i.DebugMon_Handler                       0x08000a48   Section        0  stm32f10x_it.o(i.DebugMon_Handler)
    i.GPIO_Init                              0x08000a4a   Section        0  stm32f10x_gpio.o(i.GPIO_Init)
    i.GPIO_ResetBits                         0x08000b60   Section        0  stm32f10x_gpio.o(i.GPIO_ResetBits)
    i.GPIO_SetBits                           0x08000b64   Section        0  stm32f10x_gpio.o(i.GPIO_SetBits)
    i.HC05_Init                              0x08000b68   Section        0  hc05.o(i.HC05_Init)
    i.HardFault_Handler                      0x08000c54   Section        0  stm32f10x_it.o(i.HardFault_Handler)
    i.LED_Init                               0x08000c58   Section        0  led.o(i.LED_Init)
    i.MemManage_Handler                      0x08000c90   Section        0  stm32f10x_it.o(i.MemManage_Handler)
    i.MiddleValueFilter                      0x08000c94   Section        0  ultrasonic.o(i.MiddleValueFilter)
    i.NMI_Handler                            0x08000d00   Section        0  stm32f10x_it.o(i.NMI_Handler)
    i.NVIC_Init                              0x08000d04   Section        0  misc.o(i.NVIC_Init)
    i.NVIC_PriorityGroupConfig               0x08000d74   Section        0  misc.o(i.NVIC_PriorityGroupConfig)
    i.PendSV_Handler                         0x08000d88   Section        0  stm32f10x_it.o(i.PendSV_Handler)
    i.RCC_AHBPeriphClockCmd                  0x08000d8c   Section        0  stm32f10x_rcc.o(i.RCC_AHBPeriphClockCmd)
    i.RCC_APB1PeriphClockCmd                 0x08000dac   Section        0  stm32f10x_rcc.o(i.RCC_APB1PeriphClockCmd)
    i.RCC_APB1PeriphResetCmd                 0x08000dcc   Section        0  stm32f10x_rcc.o(i.RCC_APB1PeriphResetCmd)
    i.RCC_APB2PeriphClockCmd                 0x08000dec   Section        0  stm32f10x_rcc.o(i.RCC_APB2PeriphClockCmd)
    i.RCC_APB2PeriphResetCmd                 0x08000e0c   Section        0  stm32f10x_rcc.o(i.RCC_APB2PeriphResetCmd)
    i.RCC_GetClocksFreq                      0x08000e2c   Section        0  stm32f10x_rcc.o(i.RCC_GetClocksFreq)
    i.SVC_Handler                            0x08000f00   Section        0  stm32f10x_it.o(i.SVC_Handler)
    i.SetSysClock                            0x08000f02   Section        0  system_stm32f10x.o(i.SetSysClock)
    SetSysClock                              0x08000f03   Thumb Code     8  system_stm32f10x.o(i.SetSysClock)
    i.SetSysClockTo72                        0x08000f0c   Section        0  system_stm32f10x.o(i.SetSysClockTo72)
    SetSysClockTo72                          0x08000f0d   Thumb Code   214  system_stm32f10x.o(i.SetSysClockTo72)
    i.SysTick_CLKSourceConfig                0x08000fec   Section        0  misc.o(i.SysTick_CLKSourceConfig)
    i.SysTick_Handler                        0x08001014   Section        0  stm32f10x_it.o(i.SysTick_Handler)
    i.SystemInit                             0x08001018   Section        0  system_stm32f10x.o(i.SystemInit)
    i.TI1_Config                             0x08001078   Section        0  stm32f10x_tim.o(i.TI1_Config)
    TI1_Config                               0x08001079   Thumb Code   108  stm32f10x_tim.o(i.TI1_Config)
    i.TI2_Config                             0x080010f8   Section        0  stm32f10x_tim.o(i.TI2_Config)
    TI2_Config                               0x080010f9   Thumb Code   130  stm32f10x_tim.o(i.TI2_Config)
    i.TI3_Config                             0x08001190   Section        0  stm32f10x_tim.o(i.TI3_Config)
    TI3_Config                               0x08001191   Thumb Code   122  stm32f10x_tim.o(i.TI3_Config)
    i.TI4_Config                             0x08001220   Section        0  stm32f10x_tim.o(i.TI4_Config)
    TI4_Config                               0x08001221   Thumb Code   130  stm32f10x_tim.o(i.TI4_Config)
    i.TIM2_IRQHandler                        0x080012b8   Section        0  ultrasonic.o(i.TIM2_IRQHandler)
    i.TIM3_PWM_Init                          0x08001314   Section        0  motor.o(i.TIM3_PWM_Init)
    i.TIM4_IRQHandler                        0x08001400   Section        0  usart2.o(i.TIM4_IRQHandler)
    i.TIM4_Init                              0x08001430   Section        0  usart2.o(i.TIM4_Init)
    i.TIM4_Set                               0x08001488   Section        0  usart2.o(i.TIM4_Set)
    i.TIM_ARRPreloadConfig                   0x080014b0   Section        0  stm32f10x_tim.o(i.TIM_ARRPreloadConfig)
    i.TIM_ClearITPendingBit                  0x080014c8   Section        0  stm32f10x_tim.o(i.TIM_ClearITPendingBit)
    i.TIM_Cmd                                0x080014ce   Section        0  stm32f10x_tim.o(i.TIM_Cmd)
    i.TIM_CtrlPWMOutputs                     0x080014e6   Section        0  stm32f10x_tim.o(i.TIM_CtrlPWMOutputs)
    i.TIM_GetCounter                         0x08001504   Section        0  stm32f10x_tim.o(i.TIM_GetCounter)
    i.TIM_GetITStatus                        0x0800150a   Section        0  stm32f10x_tim.o(i.TIM_GetITStatus)
    i.TIM_ICInit                             0x0800152c   Section        0  stm32f10x_tim.o(i.TIM_ICInit)
    i.TIM_ITConfig                           0x080015d8   Section        0  stm32f10x_tim.o(i.TIM_ITConfig)
    i.TIM_OC1Init                            0x080015ec   Section        0  stm32f10x_tim.o(i.TIM_OC1Init)
    i.TIM_OC1PolarityConfig                  0x08001684   Section        0  stm32f10x_tim.o(i.TIM_OC1PolarityConfig)
    i.TIM_OC1PreloadConfig                   0x08001696   Section        0  stm32f10x_tim.o(i.TIM_OC1PreloadConfig)
    i.TIM_OC2Init                            0x080016a8   Section        0  stm32f10x_tim.o(i.TIM_OC2Init)
    i.TIM_OC2PreloadConfig                   0x0800174c   Section        0  stm32f10x_tim.o(i.TIM_OC2PreloadConfig)
    i.TIM_OC3Init                            0x08001768   Section        0  stm32f10x_tim.o(i.TIM_OC3Init)
    i.TIM_OC3PreloadConfig                   0x08001808   Section        0  stm32f10x_tim.o(i.TIM_OC3PreloadConfig)
    i.TIM_OC4Init                            0x0800181c   Section        0  stm32f10x_tim.o(i.TIM_OC4Init)
    i.TIM_OC4PreloadConfig                   0x08001898   Section        0  stm32f10x_tim.o(i.TIM_OC4PreloadConfig)
    i.TIM_SetCompare1                        0x080018b2   Section        0  stm32f10x_tim.o(i.TIM_SetCompare1)
    i.TIM_SetCompare2                        0x080018b6   Section        0  stm32f10x_tim.o(i.TIM_SetCompare2)
    i.TIM_SetCompare3                        0x080018ba   Section        0  stm32f10x_tim.o(i.TIM_SetCompare3)
    i.TIM_SetCompare4                        0x080018be   Section        0  stm32f10x_tim.o(i.TIM_SetCompare4)
    i.TIM_SetCounter                         0x080018c4   Section        0  stm32f10x_tim.o(i.TIM_SetCounter)
    i.TIM_SetIC1Prescaler                    0x080018c8   Section        0  stm32f10x_tim.o(i.TIM_SetIC1Prescaler)
    i.TIM_SetIC2Prescaler                    0x080018da   Section        0  stm32f10x_tim.o(i.TIM_SetIC2Prescaler)
    i.TIM_SetIC3Prescaler                    0x080018f4   Section        0  stm32f10x_tim.o(i.TIM_SetIC3Prescaler)
    i.TIM_SetIC4Prescaler                    0x08001906   Section        0  stm32f10x_tim.o(i.TIM_SetIC4Prescaler)
    i.TIM_TimeBaseInit                       0x08001920   Section        0  stm32f10x_tim.o(i.TIM_TimeBaseInit)
    i.UART_DMA_Config                        0x080019c4   Section        0  usart2.o(i.UART_DMA_Config)
    i.UART_DMA_Enable                        0x08001a0c   Section        0  usart2.o(i.UART_DMA_Enable)
    i.USART1_IRQHandler                      0x08001a2c   Section        0  usart.o(i.USART1_IRQHandler)
    i.USART2_IRQHandler                      0x08001ab4   Section        0  usart2.o(i.USART2_IRQHandler)
    i.USART2_Init                            0x08001b18   Section        0  usart2.o(i.USART2_Init)
    i.USART_Cmd                              0x08001bf8   Section        0  stm32f10x_usart.o(i.USART_Cmd)
    i.USART_DMACmd                           0x08001c10   Section        0  stm32f10x_usart.o(i.USART_DMACmd)
    i.USART_DeInit                           0x08001c24   Section        0  stm32f10x_usart.o(i.USART_DeInit)
    i.USART_GetITStatus                      0x08001cc0   Section        0  stm32f10x_usart.o(i.USART_GetITStatus)
    i.USART_ITConfig                         0x08001d14   Section        0  stm32f10x_usart.o(i.USART_ITConfig)
    i.USART_Init                             0x08001d60   Section        0  stm32f10x_usart.o(i.USART_Init)
    i.USART_ReceiveData                      0x08001e38   Section        0  stm32f10x_usart.o(i.USART_ReceiveData)
    i.UsageFault_Handler                     0x08001e42   Section        0  stm32f10x_it.o(i.UsageFault_Handler)
    i.__0vsprintf                            0x08001e48   Section        0  printfa.o(i.__0vsprintf)
    i.__scatterload_copy                     0x08001e6c   Section       14  handlers.o(i.__scatterload_copy)
    i.__scatterload_null                     0x08001e7a   Section        2  handlers.o(i.__scatterload_null)
    i.__scatterload_zeroinit                 0x08001e7c   Section       14  handlers.o(i.__scatterload_zeroinit)
    i._fp_digits                             0x08001e8c   Section        0  printfa.o(i._fp_digits)
    _fp_digits                               0x08001e8d   Thumb Code   334  printfa.o(i._fp_digits)
    i._printf_core                           0x08001ff0   Section        0  printfa.o(i._printf_core)
    _printf_core                             0x08001ff1   Thumb Code  1744  printfa.o(i._printf_core)
    i._printf_post_padding                   0x080026cc   Section        0  printfa.o(i._printf_post_padding)
    _printf_post_padding                     0x080026cd   Thumb Code    36  printfa.o(i._printf_post_padding)
    i._printf_pre_padding                    0x080026f0   Section        0  printfa.o(i._printf_pre_padding)
    _printf_pre_padding                      0x080026f1   Thumb Code    46  printfa.o(i._printf_pre_padding)
    i._sputc                                 0x0800271e   Section        0  printfa.o(i._sputc)
    _sputc                                   0x0800271f   Thumb Code    10  printfa.o(i._sputc)
    i.back_init                              0x08002728   Section        0  motor.o(i.back_init)
    i.delay_init                             0x08002754   Section        0  delay.o(i.delay_init)
    i.delay_ms                               0x08002798   Section        0  delay.o(i.delay_ms)
    i.get_distance                           0x080027e4   Section        0  ultrasonic.o(i.get_distance)
    i.left_init                              0x0800282c   Section        0  motor.o(i.left_init)
    i.main                                   0x08002858   Section        0  main.o(i.main)
    i.right_init                             0x08002978   Section        0  motor.o(i.right_init)
    i.run_init                               0x080029a4   Section        0  motor.o(i.run_init)
    i.stod_init                              0x080029d0   Section        0  motor.o(i.stod_init)
    i.u2_printf                              0x080029f8   Section        0  usart2.o(i.u2_printf)
    i.uart_init                              0x08002a38   Section        0  usart.o(i.uart_init)
    i.ultrasonic_Init                        0x08002ad8   Section        0  ultrasonic.o(i.ultrasonic_Init)
    .data                                    0x20000000   Section       20  stm32f10x_rcc.o(.data)
    APBAHBPrescTable                         0x20000000   Data          16  stm32f10x_rcc.o(.data)
    ADCPrescTable                            0x20000010   Data           4  stm32f10x_rcc.o(.data)
    .data                                    0x20000014   Section       20  system_stm32f10x.o(.data)
    .data                                    0x20000028   Section        4  delay.o(.data)
    fac_us                                   0x20000028   Data           1  delay.o(.data)
    fac_ms                                   0x2000002a   Data           2  delay.o(.data)
    .data                                    0x2000002c   Section        2  usart2.o(.data)
    .data                                    0x20000030   Section        6  usart.o(.data)
    .data                                    0x20000038   Section        8  ultrasonic.o(.data)
    .bss                                     0x20000040   Section      400  usart2.o(.bss)
    .bss                                     0x200001d0   Section      200  usart.o(.bss)
    .bss                                     0x20000298   Section       10  ultrasonic.o(.bss)
    STACK                                    0x200002a8   Section     1024  startup_stm32f10x_hd.o(STACK)

    Global Symbols

    Symbol Name                              Value     Ov Type        Size  Object(Section)

    BuildAttributes$$THM_ISAv4$P$D$K$B$S$PE$A:L22UL41UL21$X:L11$S22US41US21$IEEE1$IW$USESV6$~STKCKD$USESV7$~SHL$OTIME$ROPI$EBA8$MICROLIB$REQ8$PRES8$EABIv2 0x00000000   Number         0  anon$$obj.o ABSOLUTE
    __ARM_use_no_argv                        0x00000000   Number         0  main.o ABSOLUTE
    __use_no_errno                           0x00000000   Number         0  useno.o ABSOLUTE
    __use_no_exception_handling              0x00000000   Number         0  useno.o ABSOLUTE
    __use_no_fp                              0x00000000   Number         0  useno.o ABSOLUTE
    __use_no_heap                            0x00000000   Number         0  useno.o ABSOLUTE
    __use_no_heap_region                     0x00000000   Number         0  useno.o ABSOLUTE
    __use_no_semihosting                     0x00000000   Number         0  useno.o ABSOLUTE
    __use_no_semihosting_swi                 0x00000000   Number         0  useno.o ABSOLUTE
    __use_no_signal_handling                 0x00000000   Number         0  useno.o ABSOLUTE
    _printf_a                                0x00000000   Number         0  stubs.o ABSOLUTE
    _printf_c                                0x00000000   Number         0  stubs.o ABSOLUTE
    _printf_charcount                        0x00000000   Number         0  stubs.o ABSOLUTE
    _printf_d                                0x00000000   Number         0  stubs.o ABSOLUTE
    _printf_e                                0x00000000   Number         0  stubs.o ABSOLUTE
    _printf_f                                0x00000000   Number         0  stubs.o ABSOLUTE
    _printf_flags                            0x00000000   Number         0  stubs.o ABSOLUTE
    _printf_fp_dec                           0x00000000   Number         0  stubs.o ABSOLUTE
    _printf_fp_hex                           0x00000000   Number         0  stubs.o ABSOLUTE
    _printf_g                                0x00000000   Number         0  stubs.o ABSOLUTE
    _printf_i                                0x00000000   Number         0  stubs.o ABSOLUTE
    _printf_int_dec                          0x00000000   Number         0  stubs.o ABSOLUTE
    _printf_l                                0x00000000   Number         0  stubs.o ABSOLUTE
    _printf_lc                               0x00000000   Number         0  stubs.o ABSOLUTE
    _printf_ll                               0x00000000   Number         0  stubs.o ABSOLUTE
    _printf_lld                              0x00000000   Number         0  stubs.o ABSOLUTE
    _printf_lli                              0x00000000   Number         0  stubs.o ABSOLUTE
    _printf_llo                              0x00000000   Number         0  stubs.o ABSOLUTE
    _printf_llu                              0x00000000   Number         0  stubs.o ABSOLUTE
    _printf_llx                              0x00000000   Number         0  stubs.o ABSOLUTE
    _printf_longlong_dec                     0x00000000   Number         0  stubs.o ABSOLUTE
    _printf_longlong_hex                     0x00000000   Number         0  stubs.o ABSOLUTE
    _printf_longlong_oct                     0x00000000   Number         0  stubs.o ABSOLUTE
    _printf_ls                               0x00000000   Number         0  stubs.o ABSOLUTE
    _printf_mbtowc                           0x00000000   Number         0  stubs.o ABSOLUTE
    _printf_n                                0x00000000   Number         0  stubs.o ABSOLUTE
    _printf_o                                0x00000000   Number         0  stubs.o ABSOLUTE
    _printf_p                                0x00000000   Number         0  stubs.o ABSOLUTE
    _printf_percent                          0x00000000   Number         0  stubs.o ABSOLUTE
    _printf_pre_padding                      0x00000000   Number         0  stubs.o ABSOLUTE
    _printf_return_value                     0x00000000   Number         0  stubs.o ABSOLUTE
    _printf_s                                0x00000000   Number         0  stubs.o ABSOLUTE
    _printf_sizespec                         0x00000000   Number         0  stubs.o ABSOLUTE
    _printf_str                              0x00000000   Number         0  stubs.o ABSOLUTE
    _printf_truncate_signed                  0x00000000   Number         0  stubs.o ABSOLUTE
    _printf_truncate_unsigned                0x00000000   Number         0  stubs.o ABSOLUTE
    _printf_u                                0x00000000   Number         0  stubs.o ABSOLUTE
    _printf_wc                               0x00000000   Number         0  stubs.o ABSOLUTE
    _printf_wctomb                           0x00000000   Number         0  stubs.o ABSOLUTE
    _printf_widthprec                        0x00000000   Number         0  stubs.o ABSOLUTE
    _printf_x                                0x00000000   Number         0  stubs.o ABSOLUTE
    __cpp_initialize__aeabi_                  - Undefined Weak Reference
    __cxa_finalize                            - Undefined Weak Reference
    __decompress                              - Undefined Weak Reference
    _clock_init                               - Undefined Weak Reference
    _microlib_exit                            - Undefined Weak Reference
    __Vectors_Size                           0x00000130   Number         0  startup_stm32f10x_hd.o ABSOLUTE
    __Vectors                                0x08000000   Data           4  startup_stm32f10x_hd.o(RESET)
    __Vectors_End                            0x08000130   Data           0  startup_stm32f10x_hd.o(RESET)
    __main                                   0x08000131   Thumb Code     0  entry.o(.ARM.Collect$$$$00000000)
    _main_stk                                0x08000131   Thumb Code     0  entry2.o(.ARM.Collect$$$$00000001)
    _main_scatterload                        0x08000135   Thumb Code     0  entry5.o(.ARM.Collect$$$$00000004)
    __main_after_scatterload                 0x08000139   Thumb Code     0  entry5.o(.ARM.Collect$$$$00000004)
    _main_clock                              0x08000139   Thumb Code     0  entry7b.o(.ARM.Collect$$$$00000008)
    _main_cpp_init                           0x08000139   Thumb Code     0  entry8b.o(.ARM.Collect$$$$0000000A)
    _main_init                               0x08000139   Thumb Code     0  entry9a.o(.ARM.Collect$$$$0000000B)
    __rt_final_cpp                           0x08000141   Thumb Code     0  entry10a.o(.ARM.Collect$$$$0000000D)
    __rt_final_exit                          0x08000141   Thumb Code     0  entry11a.o(.ARM.Collect$$$$0000000F)
    Reset_Handler                            0x08000145   Thumb Code     8  startup_stm32f10x_hd.o(.text)
    ADC1_2_IRQHandler                        0x0800015f   Thumb Code     0  startup_stm32f10x_hd.o(.text)
    ADC3_IRQHandler                          0x0800015f   Thumb Code     0  startup_stm32f10x_hd.o(.text)
    CAN1_RX1_IRQHandler                      0x0800015f   Thumb Code     0  startup_stm32f10x_hd.o(.text)
    CAN1_SCE_IRQHandler                      0x0800015f   Thumb Code     0  startup_stm32f10x_hd.o(.text)
    DMA1_Channel1_IRQHandler                 0x0800015f   Thumb Code     0  startup_stm32f10x_hd.o(.text)
    DMA1_Channel2_IRQHandler                 0x0800015f   Thumb Code     0  startup_stm32f10x_hd.o(.text)
    DMA1_Channel3_IRQHandler                 0x0800015f   Thumb Code     0  startup_stm32f10x_hd.o(.text)
    DMA1_Channel4_IRQHandler                 0x0800015f   Thumb Code     0  startup_stm32f10x_hd.o(.text)
    DMA1_Channel5_IRQHandler                 0x0800015f   Thumb Code     0  startup_stm32f10x_hd.o(.text)
    DMA1_Channel6_IRQHandler                 0x0800015f   Thumb Code     0  startup_stm32f10x_hd.o(.text)
    DMA1_Channel7_IRQHandler                 0x0800015f   Thumb Code     0  startup_stm32f10x_hd.o(.text)
    DMA2_Channel1_IRQHandler                 0x0800015f   Thumb Code     0  startup_stm32f10x_hd.o(.text)
    DMA2_Channel2_IRQHandler                 0x0800015f   Thumb Code     0  startup_stm32f10x_hd.o(.text)
    DMA2_Channel3_IRQHandler                 0x0800015f   Thumb Code     0  startup_stm32f10x_hd.o(.text)
    DMA2_Channel4_5_IRQHandler               0x0800015f   Thumb Code     0  startup_stm32f10x_hd.o(.text)
    EXTI0_IRQHandler                         0x0800015f   Thumb Code     0  startup_stm32f10x_hd.o(.text)
    EXTI15_10_IRQHandler                     0x0800015f   Thumb Code     0  startup_stm32f10x_hd.o(.text)
    EXTI1_IRQHandler                         0x0800015f   Thumb Code     0  startup_stm32f10x_hd.o(.text)
    EXTI2_IRQHandler                         0x0800015f   Thumb Code     0  startup_stm32f10x_hd.o(.text)
    EXTI3_IRQHandler                         0x0800015f   Thumb Code     0  startup_stm32f10x_hd.o(.text)
    EXTI4_IRQHandler                         0x0800015f   Thumb Code     0  startup_stm32f10x_hd.o(.text)
    EXTI9_5_IRQHandler                       0x0800015f   Thumb Code     0  startup_stm32f10x_hd.o(.text)
    FLASH_IRQHandler                         0x0800015f   Thumb Code     0  startup_stm32f10x_hd.o(.text)
    FSMC_IRQHandler                          0x0800015f   Thumb Code     0  startup_stm32f10x_hd.o(.text)
    I2C1_ER_IRQHandler                       0x0800015f   Thumb Code     0  startup_stm32f10x_hd.o(.text)
    I2C1_EV_IRQHandler                       0x0800015f   Thumb Code     0  startup_stm32f10x_hd.o(.text)
    I2C2_ER_IRQHandler                       0x0800015f   Thumb Code     0  startup_stm32f10x_hd.o(.text)
    I2C2_EV_IRQHandler                       0x0800015f   Thumb Code     0  startup_stm32f10x_hd.o(.text)
    PVD_IRQHandler                           0x0800015f   Thumb Code     0  startup_stm32f10x_hd.o(.text)
    RCC_IRQHandler                           0x0800015f   Thumb Code     0  startup_stm32f10x_hd.o(.text)
    RTCAlarm_IRQHandler                      0x0800015f   Thumb Code     0  startup_stm32f10x_hd.o(.text)
    RTC_IRQHandler                           0x0800015f   Thumb Code     0  startup_stm32f10x_hd.o(.text)
    SDIO_IRQHandler                          0x0800015f   Thumb Code     0  startup_stm32f10x_hd.o(.text)
    SPI1_IRQHandler                          0x0800015f   Thumb Code     0  startup_stm32f10x_hd.o(.text)
    SPI2_IRQHandler                          0x0800015f   Thumb Code     0  startup_stm32f10x_hd.o(.text)
    SPI3_IRQHandler                          0x0800015f   Thumb Code     0  startup_stm32f10x_hd.o(.text)
    TAMPER_IRQHandler                        0x0800015f   Thumb Code     0  startup_stm32f10x_hd.o(.text)
    TIM1_BRK_IRQHandler                      0x0800015f   Thumb Code     0  startup_stm32f10x_hd.o(.text)
    TIM1_CC_IRQHandler                       0x0800015f   Thumb Code     0  startup_stm32f10x_hd.o(.text)
    TIM1_TRG_COM_IRQHandler                  0x0800015f   Thumb Code     0  startup_stm32f10x_hd.o(.text)
    TIM1_UP_IRQHandler                       0x0800015f   Thumb Code     0  startup_stm32f10x_hd.o(.text)
    TIM3_IRQHandler                          0x0800015f   Thumb Code     0  startup_stm32f10x_hd.o(.text)
    TIM5_IRQHandler                          0x0800015f   Thumb Code     0  startup_stm32f10x_hd.o(.text)
    TIM6_IRQHandler                          0x0800015f   Thumb Code     0  startup_stm32f10x_hd.o(.text)
    TIM7_IRQHandler                          0x0800015f   Thumb Code     0  startup_stm32f10x_hd.o(.text)
    TIM8_BRK_IRQHandler                      0x0800015f   Thumb Code     0  startup_stm32f10x_hd.o(.text)
    TIM8_CC_IRQHandler                       0x0800015f   Thumb Code     0  startup_stm32f10x_hd.o(.text)
    TIM8_TRG_COM_IRQHandler                  0x0800015f   Thumb Code     0  startup_stm32f10x_hd.o(.text)
    TIM8_UP_IRQHandler                       0x0800015f   Thumb Code     0  startup_stm32f10x_hd.o(.text)
    UART4_IRQHandler                         0x0800015f   Thumb Code     0  startup_stm32f10x_hd.o(.text)
    UART5_IRQHandler                         0x0800015f   Thumb Code     0  startup_stm32f10x_hd.o(.text)
    USART3_IRQHandler                        0x0800015f   Thumb Code     0  startup_stm32f10x_hd.o(.text)
    USBWakeUp_IRQHandler                     0x0800015f   Thumb Code     0  startup_stm32f10x_hd.o(.text)
    USB_HP_CAN1_TX_IRQHandler                0x0800015f   Thumb Code     0  startup_stm32f10x_hd.o(.text)
    USB_LP_CAN1_RX0_IRQHandler               0x0800015f   Thumb Code     0  startup_stm32f10x_hd.o(.text)
    WWDG_IRQHandler                          0x0800015f   Thumb Code     0  startup_stm32f10x_hd.o(.text)
    strlen                                   0x08000169   Thumb Code    14  strlen.o(.text)
    strcmp                                   0x08000177   Thumb Code    28  strcmp.o(.text)
    __aeabi_fmul                             0x08000193   Thumb Code   100  fmul.o(.text)
    __aeabi_fdiv                             0x080001f7   Thumb Code   124  fdiv.o(.text)
    __aeabi_ui2f                             0x08000273   Thumb Code    10  ffltui.o(.text)
    __aeabi_f2iz                             0x0800027d   Thumb Code    50  ffixi.o(.text)
    __aeabi_f2uiz                            0x080002af   Thumb Code    40  ffixui.o(.text)
    __aeabi_cfrcmple                         0x080002d9   Thumb Code    20  cfrcmple.o(.text)
    __aeabi_uidiv                            0x080002ed   Thumb Code     0  uidiv.o(.text)
    __aeabi_uidivmod                         0x080002ed   Thumb Code    44  uidiv.o(.text)
    __aeabi_uldivmod                         0x08000319   Thumb Code    98  uldiv.o(.text)
    __I$use$fp                               0x0800037b   Thumb Code     0  iusefp.o(.text)
    _float_round                             0x0800037b   Thumb Code    18  fepilogue.o(.text)
    _float_epilogue                          0x0800038d   Thumb Code    92  fepilogue.o(.text)
    __aeabi_dadd                             0x080003e9   Thumb Code   322  dadd.o(.text)
    __aeabi_dsub                             0x0800052b   Thumb Code     6  dadd.o(.text)
    __aeabi_drsub                            0x08000531   Thumb Code     6  dadd.o(.text)
    __aeabi_dmul                             0x08000537   Thumb Code   228  dmul.o(.text)
    __aeabi_ddiv                             0x0800061b   Thumb Code   222  ddiv.o(.text)
    __aeabi_d2ulz                            0x080006f9   Thumb Code    48  dfixul.o(.text)
    __aeabi_cdrcmple                         0x08000729   Thumb Code    48  cdrcmple.o(.text)
    __scatterload                            0x08000759   Thumb Code    28  init.o(.text)
    __scatterload_rt2                        0x08000759   Thumb Code     0  init.o(.text)
    __aeabi_llsl                             0x0800077d   Thumb Code    30  llshl.o(.text)
    _ll_shift_l                              0x0800077d   Thumb Code     0  llshl.o(.text)
    __aeabi_llsr                             0x0800079b   Thumb Code    32  llushr.o(.text)
    _ll_ushift_r                             0x0800079b   Thumb Code     0  llushr.o(.text)
    __aeabi_lasr                             0x080007bb   Thumb Code    36  llsshr.o(.text)
    _ll_sshift_r                             0x080007bb   Thumb Code     0  llsshr.o(.text)
    _double_round                            0x080007df   Thumb Code    30  depilogue.o(.text)
    _double_epilogue                         0x080007fd   Thumb Code   156  depilogue.o(.text)
    BusFault_Handler                         0x08000899   Thumb Code     4  stm32f10x_it.o(i.BusFault_Handler)
    DMA_Cmd                                  0x0800089d   Thumb Code    24  stm32f10x_dma.o(i.DMA_Cmd)
    DMA_DeInit                               0x080008b5   Thumb Code   324  stm32f10x_dma.o(i.DMA_DeInit)
    DMA_GetCurrDataCounter                   0x08000a01   Thumb Code     8  stm32f10x_dma.o(i.DMA_GetCurrDataCounter)
    DMA_Init                                 0x08000a09   Thumb Code    60  stm32f10x_dma.o(i.DMA_Init)
    DMA_SetCurrDataCounter                   0x08000a45   Thumb Code     4  stm32f10x_dma.o(i.DMA_SetCurrDataCounter)
    DebugMon_Handler                         0x08000a49   Thumb Code     2  stm32f10x_it.o(i.DebugMon_Handler)
    GPIO_Init                                0x08000a4b   Thumb Code   278  stm32f10x_gpio.o(i.GPIO_Init)
    GPIO_ResetBits                           0x08000b61   Thumb Code     4  stm32f10x_gpio.o(i.GPIO_ResetBits)
    GPIO_SetBits                             0x08000b65   Thumb Code     4  stm32f10x_gpio.o(i.GPIO_SetBits)
    HC05_Init                                0x08000b69   Thumb Code   204  hc05.o(i.HC05_Init)
    HardFault_Handler                        0x08000c55   Thumb Code     4  stm32f10x_it.o(i.HardFault_Handler)
    LED_Init                                 0x08000c59   Thumb Code    50  led.o(i.LED_Init)
    MemManage_Handler                        0x08000c91   Thumb Code     4  stm32f10x_it.o(i.MemManage_Handler)
    MiddleValueFilter                        0x08000c95   Thumb Code   104  ultrasonic.o(i.MiddleValueFilter)
    NMI_Handler                              0x08000d01   Thumb Code     2  stm32f10x_it.o(i.NMI_Handler)
    NVIC_Init                                0x08000d05   Thumb Code   100  misc.o(i.NVIC_Init)
    NVIC_PriorityGroupConfig                 0x08000d75   Thumb Code    10  misc.o(i.NVIC_PriorityGroupConfig)
    PendSV_Handler                           0x08000d89   Thumb Code     2  stm32f10x_it.o(i.PendSV_Handler)
    RCC_AHBPeriphClockCmd                    0x08000d8d   Thumb Code    26  stm32f10x_rcc.o(i.RCC_AHBPeriphClockCmd)
    RCC_APB1PeriphClockCmd                   0x08000dad   Thumb Code    26  stm32f10x_rcc.o(i.RCC_APB1PeriphClockCmd)
    RCC_APB1PeriphResetCmd                   0x08000dcd   Thumb Code    26  stm32f10x_rcc.o(i.RCC_APB1PeriphResetCmd)
    RCC_APB2PeriphClockCmd                   0x08000ded   Thumb Code    26  stm32f10x_rcc.o(i.RCC_APB2PeriphClockCmd)
    RCC_APB2PeriphResetCmd                   0x08000e0d   Thumb Code    26  stm32f10x_rcc.o(i.RCC_APB2PeriphResetCmd)
    RCC_GetClocksFreq                        0x08000e2d   Thumb Code   192  stm32f10x_rcc.o(i.RCC_GetClocksFreq)
    SVC_Handler                              0x08000f01   Thumb Code     2  stm32f10x_it.o(i.SVC_Handler)
    SysTick_CLKSourceConfig                  0x08000fed   Thumb Code    40  misc.o(i.SysTick_CLKSourceConfig)
    SysTick_Handler                          0x08001015   Thumb Code     2  stm32f10x_it.o(i.SysTick_Handler)
    SystemInit                               0x08001019   Thumb Code    78  system_stm32f10x.o(i.SystemInit)
    TIM2_IRQHandler                          0x080012b9   Thumb Code    84  ultrasonic.o(i.TIM2_IRQHandler)
    TIM3_PWM_Init                            0x08001315   Thumb Code   224  motor.o(i.TIM3_PWM_Init)
    TIM4_IRQHandler                          0x08001401   Thumb Code    40  usart2.o(i.TIM4_IRQHandler)
    TIM4_Init                                0x08001431   Thumb Code    82  usart2.o(i.TIM4_Init)
    TIM4_Set                                 0x08001489   Thumb Code    34  usart2.o(i.TIM4_Set)
    TIM_ARRPreloadConfig                     0x080014b1   Thumb Code    24  stm32f10x_tim.o(i.TIM_ARRPreloadConfig)
    TIM_ClearITPendingBit                    0x080014c9   Thumb Code     6  stm32f10x_tim.o(i.TIM_ClearITPendingBit)
    TIM_Cmd                                  0x080014cf   Thumb Code    24  stm32f10x_tim.o(i.TIM_Cmd)
    TIM_CtrlPWMOutputs                       0x080014e7   Thumb Code    30  stm32f10x_tim.o(i.TIM_CtrlPWMOutputs)
    TIM_GetCounter                           0x08001505   Thumb Code     6  stm32f10x_tim.o(i.TIM_GetCounter)
    TIM_GetITStatus                          0x0800150b   Thumb Code    34  stm32f10x_tim.o(i.TIM_GetITStatus)
    TIM_ICInit                               0x0800152d   Thumb Code   150  stm32f10x_tim.o(i.TIM_ICInit)
    TIM_ITConfig                             0x080015d9   Thumb Code    18  stm32f10x_tim.o(i.TIM_ITConfig)
    TIM_OC1Init                              0x080015ed   Thumb Code   132  stm32f10x_tim.o(i.TIM_OC1Init)
    TIM_OC1PolarityConfig                    0x08001685   Thumb Code    18  stm32f10x_tim.o(i.TIM_OC1PolarityConfig)
    TIM_OC1PreloadConfig                     0x08001697   Thumb Code    18  stm32f10x_tim.o(i.TIM_OC1PreloadConfig)
    TIM_OC2Init                              0x080016a9   Thumb Code   154  stm32f10x_tim.o(i.TIM_OC2Init)
    TIM_OC2PreloadConfig                     0x0800174d   Thumb Code    26  stm32f10x_tim.o(i.TIM_OC2PreloadConfig)
    TIM_OC3Init                              0x08001769   Thumb Code   150  stm32f10x_tim.o(i.TIM_OC3Init)
    TIM_OC3PreloadConfig                     0x08001809   Thumb Code    18  stm32f10x_tim.o(i.TIM_OC3PreloadConfig)
    TIM_OC4Init                              0x0800181d   Thumb Code   114  stm32f10x_tim.o(i.TIM_OC4Init)
    TIM_OC4PreloadConfig                     0x08001899   Thumb Code    26  stm32f10x_tim.o(i.TIM_OC4PreloadConfig)
    TIM_SetCompare1                          0x080018b3   Thumb Code     4  stm32f10x_tim.o(i.TIM_SetCompare1)
    TIM_SetCompare2                          0x080018b7   Thumb Code     4  stm32f10x_tim.o(i.TIM_SetCompare2)
    TIM_SetCompare3                          0x080018bb   Thumb Code     4  stm32f10x_tim.o(i.TIM_SetCompare3)
    TIM_SetCompare4                          0x080018bf   Thumb Code     6  stm32f10x_tim.o(i.TIM_SetCompare4)
    TIM_SetCounter                           0x080018c5   Thumb Code     4  stm32f10x_tim.o(i.TIM_SetCounter)
    TIM_SetIC1Prescaler                      0x080018c9   Thumb Code    18  stm32f10x_tim.o(i.TIM_SetIC1Prescaler)
    TIM_SetIC2Prescaler                      0x080018db   Thumb Code    26  stm32f10x_tim.o(i.TIM_SetIC2Prescaler)
    TIM_SetIC3Prescaler                      0x080018f5   Thumb Code    18  stm32f10x_tim.o(i.TIM_SetIC3Prescaler)
    TIM_SetIC4Prescaler                      0x08001907   Thumb Code    26  stm32f10x_tim.o(i.TIM_SetIC4Prescaler)
    TIM_TimeBaseInit                         0x08001921   Thumb Code   122  stm32f10x_tim.o(i.TIM_TimeBaseInit)
    UART_DMA_Config                          0x080019c5   Thumb Code    72  usart2.o(i.UART_DMA_Config)
    UART_DMA_Enable                          0x08001a0d   Thumb Code    32  usart2.o(i.UART_DMA_Enable)
    USART1_IRQHandler                        0x08001a2d   Thumb Code   122  usart.o(i.USART1_IRQHandler)
    USART2_IRQHandler                        0x08001ab5   Thumb Code    82  usart2.o(i.USART2_IRQHandler)
    USART2_Init                              0x08001b19   Thumb Code   204  usart2.o(i.USART2_Init)
    USART_Cmd                                0x08001bf9   Thumb Code    24  stm32f10x_usart.o(i.USART_Cmd)
    USART_DMACmd                             0x08001c11   Thumb Code    18  stm32f10x_usart.o(i.USART_DMACmd)
    USART_DeInit                             0x08001c25   Thumb Code   134  stm32f10x_usart.o(i.USART_DeInit)
    USART_GetITStatus                        0x08001cc1   Thumb Code    84  stm32f10x_usart.o(i.USART_GetITStatus)
    USART_ITConfig                           0x08001d15   Thumb Code    74  stm32f10x_usart.o(i.USART_ITConfig)
    USART_Init                               0x08001d61   Thumb Code   210  stm32f10x_usart.o(i.USART_Init)
    USART_ReceiveData                        0x08001e39   Thumb Code    10  stm32f10x_usart.o(i.USART_ReceiveData)
    UsageFault_Handler                       0x08001e43   Thumb Code     4  stm32f10x_it.o(i.UsageFault_Handler)
    __0vsprintf                              0x08001e49   Thumb Code    30  printfa.o(i.__0vsprintf)
    __1vsprintf                              0x08001e49   Thumb Code     0  printfa.o(i.__0vsprintf)
    __2vsprintf                              0x08001e49   Thumb Code     0  printfa.o(i.__0vsprintf)
    __c89vsprintf                            0x08001e49   Thumb Code     0  printfa.o(i.__0vsprintf)
    vsprintf                                 0x08001e49   Thumb Code     0  printfa.o(i.__0vsprintf)
    __scatterload_copy                       0x08001e6d   Thumb Code    14  handlers.o(i.__scatterload_copy)
    __scatterload_null                       0x08001e7b   Thumb Code     2  handlers.o(i.__scatterload_null)
    __scatterload_zeroinit                   0x08001e7d   Thumb Code    14  handlers.o(i.__scatterload_zeroinit)
    back_init                                0x08002729   Thumb Code    40  motor.o(i.back_init)
    delay_init                               0x08002755   Thumb Code    50  delay.o(i.delay_init)
    delay_ms                                 0x08002799   Thumb Code    72  delay.o(i.delay_ms)
    get_distance                             0x080027e5   Thumb Code    58  ultrasonic.o(i.get_distance)
    left_init                                0x0800282d   Thumb Code    40  motor.o(i.left_init)
    main                                     0x08002859   Thumb Code   248  main.o(i.main)
    right_init                               0x08002979   Thumb Code    40  motor.o(i.right_init)
    run_init                                 0x080029a5   Thumb Code    40  motor.o(i.run_init)
    stod_init                                0x080029d1   Thumb Code    36  motor.o(i.stod_init)
    u2_printf                                0x080029f9   Thumb Code    56  usart2.o(i.u2_printf)
    uart_init                                0x08002a39   Thumb Code   152  usart.o(i.uart_init)
    ultrasonic_Init                          0x08002ad9   Thumb Code   186  ultrasonic.o(i.ultrasonic_Init)
    Region$$Table$$Base                      0x08002b9c   Number         0  anon$$obj.o(Region$$Table)
    Region$$Table$$Limit                     0x08002bbc   Number         0  anon$$obj.o(Region$$Table)
    SystemCoreClock                          0x20000014   Data           4  system_stm32f10x.o(.data)
    AHBPrescTable                            0x20000018   Data          16  system_stm32f10x.o(.data)
    USART2_RX_STA                            0x2000002c   Data           2  usart2.o(.data)
    __stdout                                 0x20000030   Data           4  usart.o(.data)
    USART_RX_STA                             0x20000034   Data           2  usart.o(.data)
    i                                        0x20000038   Data           1  ultrasonic.o(.data)
    TIME                                     0x2000003c   Data           4  ultrasonic.o(.data)
    USART2_TX_BUF                            0x20000040   Data         200  usart2.o(.bss)
    USART2_RX_BUF                            0x20000108   Data         200  usart2.o(.bss)
    USART_RX_BUF                             0x200001d0   Data         200  usart.o(.bss)
    TIM2_ICInitStructure                     0x20000298   Data          10  ultrasonic.o(.bss)
    __initial_sp                             0x200006a8   Data           0  startup_stm32f10x_hd.o(STACK)



==============================================================================

Memory Map of the image

  Image Entry point : 0x08000131

  Load Region LR_IROM1 (Base: 0x08000000, Size: 0x00002bfc, Max: 0x00010000, ABSOLUTE)

    Execution Region ER_IROM1 (Base: 0x08000000, Size: 0x00002bbc, Max: 0x00010000, ABSOLUTE)

    Base Addr    Size         Type   Attr      Idx    E Section Name        Object

    0x08000000   0x00000130   Data   RO         1815    RESET               startup_stm32f10x_hd.o
    0x08000130   0x00000000   Code   RO         2084  * .ARM.Collect$$$$00000000  mc_w.l(entry.o)
    0x08000130   0x00000004   Code   RO         2364    .ARM.Collect$$$$00000001  mc_w.l(entry2.o)
    0x08000134   0x00000004   Code   RO         2367    .ARM.Collect$$$$00000004  mc_w.l(entry5.o)
    0x08000138   0x00000000   Code   RO         2369    .ARM.Collect$$$$00000008  mc_w.l(entry7b.o)
    0x08000138   0x00000000   Code   RO         2371    .ARM.Collect$$$$0000000A  mc_w.l(entry8b.o)
    0x08000138   0x00000008   Code   RO         2372    .ARM.Collect$$$$0000000B  mc_w.l(entry9a.o)
    0x08000140   0x00000000   Code   RO         2374    .ARM.Collect$$$$0000000D  mc_w.l(entry10a.o)
    0x08000140   0x00000000   Code   RO         2376    .ARM.Collect$$$$0000000F  mc_w.l(entry11a.o)
    0x08000140   0x00000004   Code   RO         2365    .ARM.Collect$$$$00002712  mc_w.l(entry2.o)
    0x08000144   0x00000024   Code   RO         1816    .text               startup_stm32f10x_hd.o
    0x08000168   0x0000000e   Code   RO         2087    .text               mc_w.l(strlen.o)
    0x08000176   0x0000001c   Code   RO         2089    .text               mc_w.l(strcmp.o)
    0x08000192   0x00000064   Code   RO         2352    .text               mf_w.l(fmul.o)
    0x080001f6   0x0000007c   Code   RO         2354    .text               mf_w.l(fdiv.o)
    0x08000272   0x0000000a   Code   RO         2356    .text               mf_w.l(ffltui.o)
    0x0800027c   0x00000032   Code   RO         2358    .text               mf_w.l(ffixi.o)
    0x080002ae   0x00000028   Code   RO         2360    .text               mf_w.l(ffixui.o)
    0x080002d6   0x00000002   PAD
    0x080002d8   0x00000014   Code   RO         2362    .text               mf_w.l(cfrcmple.o)
    0x080002ec   0x0000002c   Code   RO         2378    .text               mc_w.l(uidiv.o)
    0x08000318   0x00000062   Code   RO         2380    .text               mc_w.l(uldiv.o)
    0x0800037a   0x00000000   Code   RO         2382    .text               mc_w.l(iusefp.o)
    0x0800037a   0x0000006e   Code   RO         2383    .text               mf_w.l(fepilogue.o)
    0x080003e8   0x0000014e   Code   RO         2385    .text               mf_w.l(dadd.o)
    0x08000536   0x000000e4   Code   RO         2387    .text               mf_w.l(dmul.o)
    0x0800061a   0x000000de   Code   RO         2389    .text               mf_w.l(ddiv.o)
    0x080006f8   0x00000030   Code   RO         2391    .text               mf_w.l(dfixul.o)
    0x08000728   0x00000030   Code   RO         2393    .text               mf_w.l(cdrcmple.o)
    0x08000758   0x00000024   Code   RO         2395    .text               mc_w.l(init.o)
    0x0800077c   0x0000001e   Code   RO         2397    .text               mc_w.l(llshl.o)
    0x0800079a   0x00000020   Code   RO         2399    .text               mc_w.l(llushr.o)
    0x080007ba   0x00000024   Code   RO         2401    .text               mc_w.l(llsshr.o)
    0x080007de   0x000000ba   Code   RO         2403    .text               mf_w.l(depilogue.o)
    0x08000898   0x00000004   Code   RO           84    i.BusFault_Handler  stm32f10x_it.o
    0x0800089c   0x00000018   Code   RO         1641    i.DMA_Cmd           stm32f10x_dma.o
    0x080008b4   0x0000014c   Code   RO         1642    i.DMA_DeInit        stm32f10x_dma.o
    0x08000a00   0x00000008   Code   RO         1643    i.DMA_GetCurrDataCounter  stm32f10x_dma.o
    0x08000a08   0x0000003c   Code   RO         1647    i.DMA_Init          stm32f10x_dma.o
    0x08000a44   0x00000004   Code   RO         1648    i.DMA_SetCurrDataCounter  stm32f10x_dma.o
    0x08000a48   0x00000002   Code   RO           85    i.DebugMon_Handler  stm32f10x_it.o
    0x08000a4a   0x00000116   Code   RO          153    i.GPIO_Init         stm32f10x_gpio.o
    0x08000b60   0x00000004   Code   RO          160    i.GPIO_ResetBits    stm32f10x_gpio.o
    0x08000b64   0x00000004   Code   RO          161    i.GPIO_SetBits      stm32f10x_gpio.o
    0x08000b68   0x000000ec   Code   RO         1902    i.HC05_Init         hc05.o
    0x08000c54   0x00000004   Code   RO           86    i.HardFault_Handler  stm32f10x_it.o
    0x08000c58   0x00000038   Code   RO         1862    i.LED_Init          led.o
    0x08000c90   0x00000004   Code   RO           87    i.MemManage_Handler  stm32f10x_it.o
    0x08000c94   0x0000006c   Code   RO         2050    i.MiddleValueFilter  ultrasonic.o
    0x08000d00   0x00000002   Code   RO           88    i.NMI_Handler       stm32f10x_it.o
    0x08000d02   0x00000002   PAD
    0x08000d04   0x00000070   Code   RO         1603    i.NVIC_Init         misc.o
    0x08000d74   0x00000014   Code   RO         1604    i.NVIC_PriorityGroupConfig  misc.o
    0x08000d88   0x00000002   Code   RO           89    i.PendSV_Handler    stm32f10x_it.o
    0x08000d8a   0x00000002   PAD
    0x08000d8c   0x00000020   Code   RO         1404    i.RCC_AHBPeriphClockCmd  stm32f10x_rcc.o
    0x08000dac   0x00000020   Code   RO         1405    i.RCC_APB1PeriphClockCmd  stm32f10x_rcc.o
    0x08000dcc   0x00000020   Code   RO         1406    i.RCC_APB1PeriphResetCmd  stm32f10x_rcc.o
    0x08000dec   0x00000020   Code   RO         1407    i.RCC_APB2PeriphClockCmd  stm32f10x_rcc.o
    0x08000e0c   0x00000020   Code   RO         1408    i.RCC_APB2PeriphResetCmd  stm32f10x_rcc.o
    0x08000e2c   0x000000d4   Code   RO         1415    i.RCC_GetClocksFreq  stm32f10x_rcc.o
    0x08000f00   0x00000002   Code   RO           90    i.SVC_Handler       stm32f10x_it.o
    0x08000f02   0x00000008   Code   RO         1779    i.SetSysClock       system_stm32f10x.o
    0x08000f0a   0x00000002   PAD
    0x08000f0c   0x000000e0   Code   RO         1780    i.SetSysClockTo72   system_stm32f10x.o
    0x08000fec   0x00000028   Code   RO         1607    i.SysTick_CLKSourceConfig  misc.o
    0x08001014   0x00000002   Code   RO           91    i.SysTick_Handler   stm32f10x_it.o
    0x08001016   0x00000002   PAD
    0x08001018   0x00000060   Code   RO         1782    i.SystemInit        system_stm32f10x.o
    0x08001078   0x00000080   Code   RO          450    i.TI1_Config        stm32f10x_tim.o
    0x080010f8   0x00000098   Code   RO          451    i.TI2_Config        stm32f10x_tim.o
    0x08001190   0x00000090   Code   RO          452    i.TI3_Config        stm32f10x_tim.o
    0x08001220   0x00000098   Code   RO          453    i.TI4_Config        stm32f10x_tim.o
    0x080012b8   0x0000005c   Code   RO         2051    i.TIM2_IRQHandler   ultrasonic.o
    0x08001314   0x000000ec   Code   RO         1820    i.TIM3_PWM_Init     motor.o
    0x08001400   0x00000030   Code   RO         1941    i.TIM4_IRQHandler   usart2.o
    0x08001430   0x00000058   Code   RO         1942    i.TIM4_Init         usart2.o
    0x08001488   0x00000028   Code   RO         1943    i.TIM4_Set          usart2.o
    0x080014b0   0x00000018   Code   RO          454    i.TIM_ARRPreloadConfig  stm32f10x_tim.o
    0x080014c8   0x00000006   Code   RO          461    i.TIM_ClearITPendingBit  stm32f10x_tim.o
    0x080014ce   0x00000018   Code   RO          466    i.TIM_Cmd           stm32f10x_tim.o
    0x080014e6   0x0000001e   Code   RO          468    i.TIM_CtrlPWMOutputs  stm32f10x_tim.o
    0x08001504   0x00000006   Code   RO          485    i.TIM_GetCounter    stm32f10x_tim.o
    0x0800150a   0x00000022   Code   RO          487    i.TIM_GetITStatus   stm32f10x_tim.o
    0x0800152c   0x000000ac   Code   RO          489    i.TIM_ICInit        stm32f10x_tim.o
    0x080015d8   0x00000012   Code   RO          491    i.TIM_ITConfig      stm32f10x_tim.o
    0x080015ea   0x00000002   PAD
    0x080015ec   0x00000098   Code   RO          495    i.TIM_OC1Init       stm32f10x_tim.o
    0x08001684   0x00000012   Code   RO          497    i.TIM_OC1PolarityConfig  stm32f10x_tim.o
    0x08001696   0x00000012   Code   RO          498    i.TIM_OC1PreloadConfig  stm32f10x_tim.o
    0x080016a8   0x000000a4   Code   RO          500    i.TIM_OC2Init       stm32f10x_tim.o
    0x0800174c   0x0000001a   Code   RO          503    i.TIM_OC2PreloadConfig  stm32f10x_tim.o
    0x08001766   0x00000002   PAD
    0x08001768   0x000000a0   Code   RO          505    i.TIM_OC3Init       stm32f10x_tim.o
    0x08001808   0x00000012   Code   RO          508    i.TIM_OC3PreloadConfig  stm32f10x_tim.o
    0x0800181a   0x00000002   PAD
    0x0800181c   0x0000007c   Code   RO          510    i.TIM_OC4Init       stm32f10x_tim.o
    0x08001898   0x0000001a   Code   RO          512    i.TIM_OC4PreloadConfig  stm32f10x_tim.o
    0x080018b2   0x00000004   Code   RO          527    i.TIM_SetCompare1   stm32f10x_tim.o
    0x080018b6   0x00000004   Code   RO          528    i.TIM_SetCompare2   stm32f10x_tim.o
    0x080018ba   0x00000004   Code   RO          529    i.TIM_SetCompare3   stm32f10x_tim.o
    0x080018be   0x00000006   Code   RO          530    i.TIM_SetCompare4   stm32f10x_tim.o
    0x080018c4   0x00000004   Code   RO          531    i.TIM_SetCounter    stm32f10x_tim.o
    0x080018c8   0x00000012   Code   RO          532    i.TIM_SetIC1Prescaler  stm32f10x_tim.o
    0x080018da   0x0000001a   Code   RO          533    i.TIM_SetIC2Prescaler  stm32f10x_tim.o
    0x080018f4   0x00000012   Code   RO          534    i.TIM_SetIC3Prescaler  stm32f10x_tim.o
    0x08001906   0x0000001a   Code   RO          535    i.TIM_SetIC4Prescaler  stm32f10x_tim.o
    0x08001920   0x000000a4   Code   RO          537    i.TIM_TimeBaseInit  stm32f10x_tim.o
    0x080019c4   0x00000048   Code   RO         1944    i.UART_DMA_Config   usart2.o
    0x08001a0c   0x00000020   Code   RO         1945    i.UART_DMA_Enable   usart2.o
    0x08001a2c   0x00000088   Code   RO         2009    i.USART1_IRQHandler  usart.o
    0x08001ab4   0x00000064   Code   RO         1946    i.USART2_IRQHandler  usart2.o
    0x08001b18   0x000000e0   Code   RO         1947    i.USART2_Init       usart2.o
    0x08001bf8   0x00000018   Code   RO         1002    i.USART_Cmd         stm32f10x_usart.o
    0x08001c10   0x00000012   Code   RO         1003    i.USART_DMACmd      stm32f10x_usart.o
    0x08001c22   0x00000002   PAD
    0x08001c24   0x0000009c   Code   RO         1004    i.USART_DeInit      stm32f10x_usart.o
    0x08001cc0   0x00000054   Code   RO         1006    i.USART_GetITStatus  stm32f10x_usart.o
    0x08001d14   0x0000004a   Code   RO         1008    i.USART_ITConfig    stm32f10x_usart.o
    0x08001d5e   0x00000002   PAD
    0x08001d60   0x000000d8   Code   RO         1009    i.USART_Init        stm32f10x_usart.o
    0x08001e38   0x0000000a   Code   RO         1016    i.USART_ReceiveData  stm32f10x_usart.o
    0x08001e42   0x00000004   Code   RO           92    i.UsageFault_Handler  stm32f10x_it.o
    0x08001e46   0x00000002   PAD
    0x08001e48   0x00000024   Code   RO         2330    i.__0vsprintf       mc_w.l(printfa.o)
    0x08001e6c   0x0000000e   Code   RO         2407    i.__scatterload_copy  mc_w.l(handlers.o)
    0x08001e7a   0x00000002   Code   RO         2408    i.__scatterload_null  mc_w.l(handlers.o)
    0x08001e7c   0x0000000e   Code   RO         2409    i.__scatterload_zeroinit  mc_w.l(handlers.o)
    0x08001e8a   0x00000002   PAD
    0x08001e8c   0x00000164   Code   RO         2331    i._fp_digits        mc_w.l(printfa.o)
    0x08001ff0   0x000006dc   Code   RO         2332    i._printf_core      mc_w.l(printfa.o)
    0x080026cc   0x00000024   Code   RO         2333    i._printf_post_padding  mc_w.l(printfa.o)
    0x080026f0   0x0000002e   Code   RO         2334    i._printf_pre_padding  mc_w.l(printfa.o)
    0x0800271e   0x0000000a   Code   RO         2336    i._sputc            mc_w.l(printfa.o)
    0x08002728   0x0000002c   Code   RO         1821    i.back_init         motor.o
    0x08002754   0x00000044   Code   RO         1874    i.delay_init        delay.o
    0x08002798   0x0000004c   Code   RO         1875    i.delay_ms          delay.o
    0x080027e4   0x00000048   Code   RO         2052    i.get_distance      ultrasonic.o
    0x0800282c   0x0000002c   Code   RO         1822    i.left_init         motor.o
    0x08002858   0x00000120   Code   RO            1    i.main              main.o
    0x08002978   0x0000002c   Code   RO         1823    i.right_init        motor.o
    0x080029a4   0x0000002c   Code   RO         1824    i.run_init          motor.o
    0x080029d0   0x00000028   Code   RO         1825    i.stod_init         motor.o
    0x080029f8   0x00000040   Code   RO         1948    i.u2_printf         usart2.o
    0x08002a38   0x000000a0   Code   RO         2012    i.uart_init         usart.o
    0x08002ad8   0x000000c4   Code   RO         2053    i.ultrasonic_Init   ultrasonic.o
    0x08002b9c   0x00000020   Data   RO         2405    Region$$Table       anon$$obj.o


    Execution Region RW_IRAM1 (Base: 0x20000000, Size: 0x000006a8, Max: 0x00005000, ABSOLUTE)

    Base Addr    Size         Type   Attr      Idx    E Section Name        Object

    0x20000000   0x00000014   Data   RW         1435    .data               stm32f10x_rcc.o
    0x20000014   0x00000014   Data   RW         1783    .data               system_stm32f10x.o
    0x20000028   0x00000004   Data   RW         1877    .data               delay.o
    0x2000002c   0x00000002   Data   RW         1950    .data               usart2.o
    0x2000002e   0x00000002   PAD
    0x20000030   0x00000006   Data   RW         2014    .data               usart.o
    0x20000036   0x00000002   PAD
    0x20000038   0x00000008   Data   RW         2055    .data               ultrasonic.o
    0x20000040   0x00000190   Zero   RW         1949    .bss                usart2.o
    0x200001d0   0x000000c8   Zero   RW         2013    .bss                usart.o
    0x20000298   0x0000000a   Zero   RW         2054    .bss                ultrasonic.o
    0x200002a2   0x00000006   PAD
    0x200002a8   0x00000400   Zero   RW         1813    STACK               startup_stm32f10x_hd.o


==============================================================================

Image component sizes


      Code (inc. data)   RO Data    RW Data    ZI Data      Debug   Object Name

         0          0          0          0          0         32   core_cm3.o
       144         22          0          4          0       1040   delay.o
       236         32          0          0          0        656   hc05.o
        56          6          0          0          0        439   led.o
       288         40          0          0          0     260963   main.o
       172         22          0          0          0       2081   misc.o
       452         32          0          0          0       2796   motor.o
        36          8        304          0       1024        860   startup_stm32f10x_hd.o
       428          8          0          0          0       4552   stm32f10x_dma.o
       286          0          0          0          0       3044   stm32f10x_gpio.o
        26          0          0          0          0       3494   stm32f10x_it.o
       372         50          0         20          0       6136   stm32f10x_rcc.o
      1870        200          0          0          0      19533   stm32f10x_tim.o
       582         28          0          0          0       6172   stm32f10x_usart.o
       328         28          0         20          0       1993   system_stm32f10x.o
       468         36          0          8         10       2537   ultrasonic.o
       296         22          0          6        200       2912   usart.o
       668         66          0          2        400       5447   usart2.o

    ----------------------------------------------------------------------
      6728        600        336         64       1640     324687   Object Totals
         0          0         32          0          0          0   (incl. Generated)
        20          0          0          4          6          0   (incl. Padding)

    ----------------------------------------------------------------------

      Code (inc. data)   RO Data    RW Data    ZI Data      Debug   Library Member Name

         0          0          0          0          0          0   entry.o
         0          0          0          0          0          0   entry10a.o
         0          0          0          0          0          0   entry11a.o
         8          4          0          0          0          0   entry2.o
         4          0          0          0          0          0   entry5.o
         0          0          0          0          0          0   entry7b.o
         0          0          0          0          0          0   entry8b.o
         8          4          0          0          0          0   entry9a.o
        30          0          0          0          0          0   handlers.o
        36          8          0          0          0         68   init.o
         0          0          0          0          0          0   iusefp.o
        30          0          0          0          0         68   llshl.o
        36          0          0          0          0         68   llsshr.o
        32          0          0          0          0         68   llushr.o
      2240         86          0          0          0        508   printfa.o
        28          0          0          0          0         76   strcmp.o
        14          0          0          0          0         68   strlen.o
        44          0          0          0          0         80   uidiv.o
        98          0          0          0          0         92   uldiv.o
        48          0          0          0          0         68   cdrcmple.o
        20          0          0          0          0         68   cfrcmple.o
       334          0          0          0          0        148   dadd.o
       222          0          0          0          0        100   ddiv.o
       186          0          0          0          0        176   depilogue.o
        48          0          0          0          0         68   dfixul.o
       228          0          0          0          0         96   dmul.o
       124          0          0          0          0         88   fdiv.o
       110          0          0          0          0        168   fepilogue.o
        50          0          0          0          0         68   ffixi.o
        40          0          0          0          0         68   ffixui.o
        10          0          0          0          0         68   ffltui.o
       100          0          0          0          0         76   fmul.o

    ----------------------------------------------------------------------
      4132        102          0          0          0       2356   Library Totals
         4          0          0          0          0          0   (incl. Padding)

    ----------------------------------------------------------------------

      Code (inc. data)   RO Data    RW Data    ZI Data      Debug   Library Name

      2608        102          0          0          0       1096   mc_w.l
      1520          0          0          0          0       1260   mf_w.l

    ----------------------------------------------------------------------
      4132        102          0          0          0       2356   Library Totals

    ----------------------------------------------------------------------

==============================================================================


      Code (inc. data)   RO Data    RW Data    ZI Data      Debug   

     10860        702        336         64       1640     321319   Grand Totals
     10860        702        336         64       1640     321319   ELF Image Totals
     10860        702        336         64          0          0   ROM Totals

==============================================================================

    Total RO  Size (Code + RO Data)                11196 (  10.93kB)
    Total RW  Size (RW Data + ZI Data)              1704 (   1.66kB)
    Total ROM Size (Code + RO Data + RW Data)      11260 (  11.00kB)

==============================================================================

