Component: ARM Compiler 5.05 update 1 (build 106) Tool: armlink [4d0efa]

==============================================================================

Section Cross References

    main.o(i.main) refers to misc.o(i.NVIC_PriorityGroupConfig) for NVIC_PriorityGroupConfig
    main.o(i.main) refers to led.o(i.LED_Init) for LED_Init
    main.o(i.main) refers to delay.o(i.delay_init) for delay_init
    main.o(i.main) refers to motor.o(i.TIM3_PWM_Init) for TIM3_PWM_Init
    main.o(i.main) refers to usart.o(i.uart_init) for uart_init
    main.o(i.main) refers to hc05.o(i.HC05_Init) for HC05_Init
    main.o(i.main) refers to strcmp.o(.text) for strcmp
    main.o(i.main) refers to motor.o(i.run_init) for run_init
    main.o(i.main) refers to motor.o(i.back_init) for back_init
    main.o(i.main) refers to motor.o(i.left_init) for left_init
    main.o(i.main) refers to motor.o(i.right_init) for right_init
    main.o(i.main) refers to motor.o(i.stod_init) for stod_init
    main.o(i.main) refers to delay.o(i.delay_ms) for delay_ms
    main.o(i.main) refers to usart2.o(.data) for USART2_RX_STA
    main.o(i.main) refers to usart2.o(.bss) for USART2_RX_BUF
    stm32f10x_gpio.o(i.GPIO_AFIODeInit) refers to stm32f10x_rcc.o(i.RCC_APB2PeriphResetCmd) for RCC_APB2PeriphResetCmd
    stm32f10x_gpio.o(i.GPIO_DeInit) refers to stm32f10x_rcc.o(i.RCC_APB2PeriphResetCmd) for RCC_APB2PeriphResetCmd
    stm32f10x_tim.o(i.TIM_DeInit) refers to stm32f10x_rcc.o(i.RCC_APB2PeriphResetCmd) for RCC_APB2PeriphResetCmd
    stm32f10x_tim.o(i.TIM_DeInit) refers to stm32f10x_rcc.o(i.RCC_APB1PeriphResetCmd) for RCC_APB1PeriphResetCmd
    stm32f10x_tim.o(i.TIM_ETRClockMode1Config) refers to stm32f10x_tim.o(i.TIM_ETRConfig) for TIM_ETRConfig
    stm32f10x_tim.o(i.TIM_ETRClockMode2Config) refers to stm32f10x_tim.o(i.TIM_ETRConfig) for TIM_ETRConfig
    stm32f10x_tim.o(i.TIM_ICInit) refers to stm32f10x_tim.o(i.TI1_Config) for TI1_Config
    stm32f10x_tim.o(i.TIM_ICInit) refers to stm32f10x_tim.o(i.TIM_SetIC1Prescaler) for TIM_SetIC1Prescaler
    stm32f10x_tim.o(i.TIM_ICInit) refers to stm32f10x_tim.o(i.TI2_Config) for TI2_Config
    stm32f10x_tim.o(i.TIM_ICInit) refers to stm32f10x_tim.o(i.TIM_SetIC2Prescaler) for TIM_SetIC2Prescaler
    stm32f10x_tim.o(i.TIM_ICInit) refers to stm32f10x_tim.o(i.TI3_Config) for TI3_Config
    stm32f10x_tim.o(i.TIM_ICInit) refers to stm32f10x_tim.o(i.TIM_SetIC3Prescaler) for TIM_SetIC3Prescaler
    stm32f10x_tim.o(i.TIM_ICInit) refers to stm32f10x_tim.o(i.TI4_Config) for TI4_Config
    stm32f10x_tim.o(i.TIM_ICInit) refers to stm32f10x_tim.o(i.TIM_SetIC4Prescaler) for TIM_SetIC4Prescaler
    stm32f10x_tim.o(i.TIM_ITRxExternalClockConfig) refers to stm32f10x_tim.o(i.TIM_SelectInputTrigger) for TIM_SelectInputTrigger
    stm32f10x_tim.o(i.TIM_PWMIConfig) refers to stm32f10x_tim.o(i.TI1_Config) for TI1_Config
    stm32f10x_tim.o(i.TIM_PWMIConfig) refers to stm32f10x_tim.o(i.TIM_SetIC1Prescaler) for TIM_SetIC1Prescaler
    stm32f10x_tim.o(i.TIM_PWMIConfig) refers to stm32f10x_tim.o(i.TI2_Config) for TI2_Config
    stm32f10x_tim.o(i.TIM_PWMIConfig) refers to stm32f10x_tim.o(i.TIM_SetIC2Prescaler) for TIM_SetIC2Prescaler
    stm32f10x_tim.o(i.TIM_TIxExternalClockConfig) refers to stm32f10x_tim.o(i.TI2_Config) for TI2_Config
    stm32f10x_tim.o(i.TIM_TIxExternalClockConfig) refers to stm32f10x_tim.o(i.TI1_Config) for TI1_Config
    stm32f10x_tim.o(i.TIM_TIxExternalClockConfig) refers to stm32f10x_tim.o(i.TIM_SelectInputTrigger) for TIM_SelectInputTrigger
    stm32f10x_usart.o(i.USART_DeInit) refers to stm32f10x_rcc.o(i.RCC_APB2PeriphResetCmd) for RCC_APB2PeriphResetCmd
    stm32f10x_usart.o(i.USART_DeInit) refers to stm32f10x_rcc.o(i.RCC_APB1PeriphResetCmd) for RCC_APB1PeriphResetCmd
    stm32f10x_usart.o(i.USART_Init) refers to stm32f10x_rcc.o(i.RCC_GetClocksFreq) for RCC_GetClocksFreq
    stm32f10x_adc.o(i.ADC_DeInit) refers to stm32f10x_rcc.o(i.RCC_APB2PeriphResetCmd) for RCC_APB2PeriphResetCmd
    stm32f10x_rcc.o(i.RCC_GetClocksFreq) refers to stm32f10x_rcc.o(.data) for APBAHBPrescTable
    stm32f10x_rcc.o(i.RCC_WaitForHSEStartUp) refers to stm32f10x_rcc.o(i.RCC_GetFlagStatus) for RCC_GetFlagStatus
    system_stm32f10x.o(i.SetSysClock) refers to system_stm32f10x.o(i.SetSysClockTo72) for SetSysClockTo72
    system_stm32f10x.o(i.SystemCoreClockUpdate) refers to system_stm32f10x.o(.data) for SystemCoreClock
    system_stm32f10x.o(i.SystemInit) refers to system_stm32f10x.o(i.SetSysClock) for SetSysClock
    startup_stm32f10x_hd.o(RESET) refers to startup_stm32f10x_hd.o(STACK) for __initial_sp
    startup_stm32f10x_hd.o(RESET) refers to startup_stm32f10x_hd.o(.text) for Reset_Handler
    startup_stm32f10x_hd.o(RESET) refers to stm32f10x_it.o(i.NMI_Handler) for NMI_Handler
    startup_stm32f10x_hd.o(RESET) refers to stm32f10x_it.o(i.HardFault_Handler) for HardFault_Handler
    startup_stm32f10x_hd.o(RESET) refers to stm32f10x_it.o(i.MemManage_Handler) for MemManage_Handler
[...]
    printfb.o(i.__0vsprintf$bare) refers to printfb.o(i._printf_core) for _printf_core
    printfb.o(i.__0vsprintf$bare) refers to printfb.o(i._sputc) for _sputc
    printf0.o(i.__0fprintf$0) refers to printf0.o(i._printf_core) for _printf_core
    printf0.o(i.__0fprintf$0) refers to usart.o(i.fputc) for fputc
    printf0.o(i.__0printf$0) refers to printf0.o(i._printf_core) for _printf_core
    printf0.o(i.__0printf$0) refers to usart.o(i.fputc) for fputc
    printf0.o(i.__0printf$0) refers to usart.o(.data) for __stdout
    printf0.o(i.__0snprintf$0) refers to printf0.o(i._printf_core) for _printf_core
    printf0.o(i.__0snprintf$0) refers to printf0.o(i._snputc) for _snputc
    printf0.o(i.__0sprintf$0) refers to printf0.o(i._printf_core) for _printf_core
    printf0.o(i.__0sprintf$0) refers to printf0.o(i._sputc) for _sputc
    printf0.o(i.__0vfprintf$0) refers to printf0.o(i._printf_core) for _printf_core
    printf0.o(i.__0vfprintf$0) refers to usart.o(i.fputc) for fputc
    printf0.o(i.__0vprintf$0) refers to printf0.o(i._printf_core) for _printf_core
    printf0.o(i.__0vprintf$0) refers to usart.o(i.fputc) for fputc
    printf0.o(i.__0vprintf$0) refers to usart.o(.data) for __stdout
    printf0.o(i.__0vsnprintf$0) refers to printf0.o(i._printf_core) for _printf_core
    printf0.o(i.__0vsnprintf$0) refers to printf0.o(i._snputc) for _snputc
    printf0.o(i.__0vsprintf$0) refers to printf0.o(i._printf_core) for _printf_core
    printf0.o(i.__0vsprintf$0) refers to printf0.o(i._sputc) for _sputc
    printf1.o(i.__0fprintf$1) refers to printf1.o(i._printf_core) for _printf_core
    printf1.o(i.__0fprintf$1) refers to usart.o(i.fputc) for fputc
    printf1.o(i.__0printf$1) refers to printf1.o(i._printf_core) for _printf_core
    printf1.o(i.__0printf$1) refers to usart.o(i.fputc) for fputc
    printf1.o(i.__0printf$1) refers to usart.o(.data) for __stdout
    printf1.o(i.__0snprintf$1) refers to printf1.o(i._printf_core) for _printf_core
    printf1.o(i.__0snprintf$1) refers to printf1.o(i._snputc) for _snputc
    printf1.o(i.__0sprintf$1) refers to printf1.o(i._printf_core) for _printf_core
    printf1.o(i.__0sprintf$1) refers to printf1.o(i._sputc) for _sputc
    printf1.o(i.__0vfprintf$1) refers to printf1.o(i._printf_core) for _printf_core
    printf1.o(i.__0vfprintf$1) refers to usart.o(i.fputc) for fputc
    printf1.o(i.__0vprintf$1) refers to printf1.o(i._printf_core) for _printf_core
    printf1.o(i.__0vprintf$1) refers to usart.o(i.fputc) for fputc
    printf1.o(i.__0vprintf$1) refers to usart.o(.data) for __stdout
    printf1.o(i.__0vsnprintf$1) refers to printf1.o(i._printf_core) for _printf_core
    printf1.o(i.__0vsnprintf$1) refers to printf1.o(i._snputc) for _snputc
    printf1.o(i.__0vsprintf$1) refers to printf1.o(i._printf_core) for _printf_core
    printf1.o(i.__0vsprintf$1) refers to printf1.o(i._sputc) for _sputc
    printf1.o(i._printf_core) refers to uidiv.o(.text) for __aeabi_uidivmod
    printf2.o(i.__0fprintf$2) refers to printf2.o(i._printf_core) for _printf_core
    printf2.o(i.__0fprintf$2) refers to usart.o(i.fputc) for fputc
    printf2.o(i.__0printf$2) refers to printf2.o(i._printf_core) for _printf_core
    printf2.o(i.__0printf$2) refers to usart.o(i.fputc) for fputc
    printf2.o(i.__0printf$2) refers to usart.o(.data) for __stdout
    printf2.o(i.__0snprintf$2) refers to printf2.o(i._printf_core) for _printf_core
    printf2.o(i.__0snprintf$2) refers to printf2.o(i._snputc) for _snputc
    printf2.o(i.__0sprintf$2) refers to printf2.o(i._printf_core) for _printf_core
    printf2.o(i.__0sprintf$2) refers to printf2.o(i._sputc) for _sputc
    printf2.o(i.__0vfprintf$2) refers to printf2.o(i._printf_core) for _printf_core
    printf2.o(i.__0vfprintf$2) refers to usart.o(i.fputc) for fputc
    printf2.o(i.__0vprintf$2) refers to printf2.o(i._printf_core) for _printf_core
    printf2.o(i.__0vprintf$2) refers to usart.o(i.fputc) for fputc
    printf2.o(i.__0vprintf$2) refers to usart.o(.data) for __stdout
    printf2.o(i.__0vsnprintf$2) refers to printf2.o(i._printf_core) for _printf_core
    printf2.o(i.__0vsnprintf$2) refers to printf2.o(i._snputc) for _snputc
    printf2.o(i.__0vsprintf$2) refers to printf2.o(i._printf_core) for _printf_core
    printf2.o(i.__0vsprintf$2) refers to printf2.o(i._sputc) for _sputc
    printf3.o(i.__0fprintf$3) refers to printf3.o(i._printf_core) for _printf_core
    printf3.o(i.__0fprintf$3) refers to usart.o(i.fputc) for fputc
    printf3.o(i.__0printf$3) refers to printf3.o(i._printf_core) for _printf_core
    printf3.o(i.__0printf$3) refers to usart.o(i.fputc) for fputc
    printf3.o(i.__0printf$3) refers to usart.o(.data) for __stdout
    printf3.o(i.__0snprintf$3) refers to printf3.o(i._printf_core) for _printf_core
    printf3.o(i.__0snprintf$3) refers to printf3.o(i._snputc) for _snputc
    printf3.o(i.__0sprintf$3) refers to printf3.o(i._printf_core) for _printf_core
    printf3.o(i.__0sprintf$3) refers to printf3.o(i._sputc) for _sputc
    printf3.o(i.__0vfprintf$3) refers to printf3.o(i._printf_core) for _printf_core
    printf3.o(i.__0vfprintf$3) refers to usart.o(i.fputc) for fputc
    printf3.o(i.__0vprintf$3) refers to printf3.o(i._printf_core) for _printf_core
    printf3.o(i.__0vprintf$3) refers to usart.o(i.fputc) for fputc
    printf3.o(i.__0vprintf$3) refers to usart.o(.data) for __stdout
    printf3.o(i.__0vsnprintf$3) refers to printf3.o(i._printf_core) for _printf_core
    printf3.o(i.__0vsnprintf$3) refers to printf3.o(i._snputc) for _snputc
    printf3.o(i.__0vsprintf$3) refers to printf3.o(i._printf_core) for _printf_core
    printf3.o(i.__0vsprintf$3) refers to printf3.o(i._sputc) for _sputc
    printf3.o(i._printf_core) refers to uidiv.o(.text) for __aeabi_uidivmod
    printf4.o(i.__0fprintf$4) refers to printf4.o(i._printf_core) for _printf_core
    printf4.o(i.__0fprintf$4) refers to usart.o(i.fputc) for fputc
    printf4.o(i.__0printf$4) refers to printf4.o(i._printf_core) for _printf_core
    printf4.o(i.__0printf$4) refers to usart.o(i.fputc) for fputc
    printf4.o(i.__0printf$4) refers to usart.o(.data) for __stdout
    printf4.o(i.__0snprintf$4) refers to printf4.o(i._printf_core) for _printf_core
    printf4.o(i.__0snprintf$4) refers to printf4.o(i._snputc) for _snputc
    printf4.o(i.__0sprintf$4) refers to printf4.o(i._printf_core) for _printf_core
    printf4.o(i.__0sprintf$4) refers to printf4.o(i._sputc) for _sputc
    printf4.o(i.__0vfprintf$4) refers to printf4.o(i._printf_core) for _printf_core
    printf4.o(i.__0vfprintf$4) refers to usart.o(i.fputc) for fputc
    printf4.o(i.__0vprintf$4) refers to printf4.o(i._printf_core) for _printf_core
    printf4.o(i.__0vprintf$4) refers to usart.o(i.fputc) for fputc
    printf4.o(i.__0vprintf$4) refers to usart.o(.data) for __stdout
    printf4.o(i.__0vsnprintf$4) refers to printf4.o(i._printf_core) for _printf_core
    printf4.o(i.__0vsnprintf$4) refers to printf4.o(i._snputc) for _snputc
    printf4.o(i.__0vsprintf$4) refers to printf4.o(i._printf_core) for _printf_core
    printf4.o(i.__0vsprintf$4) refers to printf4.o(i._sputc) for _sputc
    printf4.o(i._printf_core) refers to uldiv.o(.text) for __aeabi_uldivmod
    printf5.o(i.__0fprintf$5) refers to printf5.o(i._printf_core) for _printf_core
    printf5.o(i.__0fprintf$5) refers to usart.o(i.fputc) for fputc
    printf5.o(i.__0printf$5) refers to printf5.o(i._printf_core) for _printf_core
    printf5.o(i.__0printf$5) refers to usart.o(i.fputc) for fputc
    printf5.o(i.__0printf$5) refers to usart.o(.data) for __stdout
    printf5.o(i.__0snprintf$5) refers to printf5.o(i._printf_core) for _printf_core
    printf5.o(i.__0snprintf$5) refers to printf5.o(i._snputc) for _snputc
    printf5.o(i.__0sprintf$5) refers to printf5.o(i._printf_core) for _printf_core
    printf5.o(i.__0sprintf$5) refers to printf5.o(i._sputc) for _sputc
    printf5.o(i.__0vfprintf$5) refers to printf5.o(i._printf_core) for _printf_core
    printf5.o(i.__0vfprintf$5) refers to usart.o(i.fputc) for fputc
    printf5.o(i.__0vprintf$5) refers to printf5.o(i._printf_core) for _printf_core
    printf5.o(i.__0vprintf$5) refers to usart.o(i.fputc) for fputc
    printf5.o(i.__0vprintf$5) refers to usart.o(.data) for __stdout
    printf5.o(i.__0vsnprintf$5) refers to printf5.o(i._printf_core) for _printf_core
    printf5.o(i.__0vsnprintf$5) refers to printf5.o(i._snputc) for _snputc
    printf5.o(i.__0vsprintf$5) refers to printf5.o(i._printf_core) for _printf_core
    printf5.o(i.__0vsprintf$5) refers to printf5.o(i._sputc) for _sputc
    printf5.o(i._printf_core) refers to uldiv.o(.text) for __aeabi_uldivmod
    printf6.o(i.__0fprintf$6) refers to printf6.o(i._printf_core) for _printf_core
    printf6.o(i.__0fprintf$6) refers to usart.o(i.fputc) for fputc
    printf6.o(i.__0printf$6) refers to printf6.o(i._printf_core) for _printf_core
    printf6.o(i.__0printf$6) refers to usart.o(i.fputc) for fputc
    printf6.o(i.__0printf$6) refers to usart.o(.data) for __stdout
    printf6.o(i.__0snprintf$6) refers to printf6.o(i._printf_core) for _printf_core
    printf6.o(i.__0snprintf$6) refers to printf6.o(i._snputc) for _snputc
    printf6.o(i.__0sprintf$6) refers to printf6.o(i._printf_core) for _printf_core
    printf6.o(i.__0sprintf$6) refers to printf6.o(i._sputc) for _sputc
    printf6.o(i.__0vfprintf$6) refers to printf6.o(i._printf_core) for _printf_core
    printf6.o(i.__0vfprintf$6) refers to usart.o(i.fputc) for fputc
    printf6.o(i.__0vprintf$6) refers to printf6.o(i._printf_core) for _printf_core
    printf6.o(i.__0vprintf$6) refers to usart.o(i.fputc) for fputc
    printf6.o(i.__0vprintf$6) refers to usart.o(.data) for __stdout
    printf6.o(i.__0vsnprintf$6) refers to printf6.o(i._printf_core) for _printf_core
    printf6.o(i.__0vsnprintf$6) refers to printf6.o(i._snputc) for _snputc
    printf6.o(i.__0vsprintf$6) refers to printf6.o(i._printf_core) for _printf_core
    printf6.o(i.__0vsprintf$6) refers to printf6.o(i._sputc) for _sputc
    printf6.o(i._printf_core) refers to printf6.o(i._printf_pre_padding) for _printf_pre_padding
    printf6.o(i._printf_core) refers to uidiv.o(.text) for __aeabi_uidivmod
    printf6.o(i._printf_core) refers to printf6.o(i._printf_post_padding) for _printf_post_padding
    printf7.o(i.__0fprintf$7) refers to printf7.o(i._printf_core) for _printf_core
    printf7.o(i.__0fprintf$7) refers to usart.o(i.fputc) for fputc
    printf7.o(i.__0printf$7) refers to printf7.o(i._printf_core) for _printf_core
    printf7.o(i.__0printf$7) refers to usart.o(i.fputc) for fputc
    printf7.o(i.__0printf$7) refers to usart.o(.data) for __stdout
    printf7.o(i.__0snprintf$7) refers to printf7.o(i._printf_core) for _printf_core
    printf7.o(i.__0snprintf$7) refers to printf7.o(i._snputc) for _snputc
    printf7.o(i.__0sprintf$7) refers to printf7.o(i._printf_core) for _printf_core
    printf7.o(i.__0sprintf$7) refers to printf7.o(i._sputc) for _sputc
    printf7.o(i.__0vfprintf$7) refers to printf7.o(i._printf_core) for _printf_core
    printf7.o(i.__0vfprintf$7) refers to usart.o(i.fputc) for fputc
    printf7.o(i.__0vprintf$7) refers to printf7.o(i._printf_core) for _printf_core
    printf7.o(i.__0vprintf$7) refers to usart.o(i.fputc) for fputc
    printf7.o(i.__0vprintf$7) refers to usart.o(.data) for __stdout
    printf7.o(i.__0vsnprintf$7) refers to printf7.o(i._printf_core) for _printf_core
    printf7.o(i.__0vsnprintf$7) refers to printf7.o(i._snputc) for _snputc
    printf7.o(i.__0vsprintf$7) refers to printf7.o(i._printf_core) for _printf_core
    printf7.o(i.__0vsprintf$7) refers to printf7.o(i._sputc) for _sputc
    printf7.o(i._printf_core) refers to printf7.o(i._printf_pre_padding) for _printf_pre_padding
    printf7.o(i._printf_core) refers to uldiv.o(.text) for __aeabi_uldivmod
    printf7.o(i._printf_core) refers to printf7.o(i._printf_post_padding) for _printf_post_padding
    printf8.o(i.__0fprintf$8) refers to printf8.o(i._printf_core) for _printf_core
    printf8.o(i.__0fprintf$8) refers to usart.o(i.fputc) for fputc
    printf8.o(i.__0printf$8) refers to printf8.o(i._printf_core) for _printf_core
    printf8.o(i.__0printf$8) refers to usart.o(i.fputc) for fputc
    printf8.o(i.__0printf$8) refers to usart.o(.data) for __stdout
    printf8.o(i.__0snprintf$8) refers to printf8.o(i._printf_core) for _printf_core
    printf8.o(i.__0snprintf$8) refers to printf8.o(i._snputc) for _snputc
    printf8.o(i.__0sprintf$8) refers to printf8.o(i._printf_core) for _printf_core
    printf8.o(i.__0sprintf$8) refers to printf8.o(i._sputc) for _sputc
    printf8.o(i.__0vfprintf$8) refers to printf8.o(i._printf_core) for _printf_core
    printf8.o(i.__0vfprintf$8) refers to usart.o(i.fputc) for fputc
    printf8.o(i.__0vprintf$8) refers to printf8.o(i._printf_core) for _printf_core
    printf8.o(i.__0vprintf$8) refers to usart.o(i.fputc) for fputc
    printf8.o(i.__0vprintf$8) refers to usart.o(.data) for __stdout
    printf8.o(i.__0vsnprintf$8) refers to printf8.o(i._printf_core) for _printf_core
    printf8.o(i.__0vsnprintf$8) refers to printf8.o(i._snputc) for _snputc
    printf8.o(i.__0vsprintf$8) refers to printf8.o(i._printf_core) for _printf_core
    printf8.o(i.__0vsprintf$8) refers to printf8.o(i._sputc) for _sputc
    printf8.o(i._printf_core) refers to printf8.o(i._printf_pre_padding) for _printf_pre_padding
    printf8.o(i._printf_core) refers to uldiv.o(.text) for __aeabi_uldivmod
    printf8.o(i._printf_core) refers to printf8.o(i._printf_post_padding) for _printf_post_padding
    printfa.o(i.__0fprintf) refers (Special) to iusefp.o(.text) for __I$use$fp
    printfa.o(i.__0fprintf) refers to printfa.o(i._printf_core) for _printf_core
    printfa.o(i.__0fprintf) refers to usart.o(i.fputc) for fputc
    printfa.o(i.__0printf) refers (Special) to iusefp.o(.text) for __I$use$fp
    printfa.o(i.__0printf) refers to printfa.o(i._printf_core) for _printf_core
    printfa.o(i.__0printf) refers to usart.o(i.fputc) for fputc
    printfa.o(i.__0printf) refers to usart.o(.data) for __stdout
    printfa.o(i.__0snprintf) refers (Special) to iusefp.o(.text) for __I$use$fp
    printfa.o(i.__0snprintf) refers to printfa.o(i._printf_core) for _printf_core
    printfa.o(i.__0snprintf) refers to printfa.o(i._snputc) for _snputc
    printfa.o(i.__0sprintf) refers (Special) to iusefp.o(.text) for __I$use$fp
    printfa.o(i.__0sprintf) refers to printfa.o(i._printf_core) for _printf_core
    printfa.o(i.__0sprintf) refers to printfa.o(i._sputc) for _sputc
    printfa.o(i.__0vfprintf) refers (Special) to iusefp.o(.text) for __I$use$fp
    printfa.o(i.__0vfprintf) refers to printfa.o(i._printf_core) for _printf_core
    printfa.o(i.__0vfprintf) refers to usart.o(i.fputc) for fputc
    printfa.o(i.__0vprintf) refers (Special) to iusefp.o(.text) for __I$use$fp
    printfa.o(i.__0vprintf) refers to printfa.o(i._printf_core) for _printf_core
    printfa.o(i.__0vprintf) refers to usart.o(i.fputc) for fputc
    printfa.o(i.__0vprintf) refers to usart.o(.data) for __stdout
    printfa.o(i.__0vsnprintf) refers (Special) to iusefp.o(.text) for __I$use$fp
    printfa.o(i.__0vsnprintf) refers to printfa.o(i._printf_core) for _printf_core
    printfa.o(i.__0vsnprintf) refers to printfa.o(i._snputc) for _snputc
    printfa.o(i.__0vsprintf) refers (Special) to iusefp.o(.text) for __I$use$fp
    printfa.o(i.__0vsprintf) refers to printfa.o(i._printf_core) for _printf_core
    printfa.o(i.__0vsprintf) refers to printfa.o(i._sputc) for _sputc
    printfa.o(i._fp_digits) refers (Special) to iusefp.o(.text) for __I$use$fp
    printfa.o(i._fp_digits) refers to dmul.o(.text) for __aeabi_dmul
    printfa.o(i._fp_digits) refers to ddiv.o(.text) for __aeabi_ddiv
    printfa.o(i._fp_digits) refers to cdrcmple.o(.text) for __aeabi_cdrcmple
    printfa.o(i._fp_digits) refers to dadd.o(.text) for __aeabi_dadd
    printfa.o(i._fp_digits) refers to dfixul.o(.text) for __aeabi_d2ulz
    printfa.o(i._fp_digits) refers to uldiv.o(.text) for __aeabi_uldivmod
    printfa.o(i._printf_core) refers (Special) to iusefp.o(.text) for __I$use$fp
    printfa.o(i._printf_core) refers to printfa.o(i._printf_pre_padding) for _printf_pre_padding
    printfa.o(i._printf_core) refers to uldiv.o(.text) for __aeabi_uldivmod
    printfa.o(i._printf_core) refers to printfa.o(i._printf_post_padding) for _printf_post_padding
    printfa.o(i._printf_core) refers to printfa.o(i._fp_digits) for _fp_digits
    printfa.o(i._printf_core) refers to uidiv.o(.text) for __aeabi_uidivmod
    printfa.o(i._printf_post_padding) refers (Special) to iusefp.o(.text) for __I$use$fp
    printfa.o(i._printf_pre_padding) refers (Special) to iusefp.o(.text) for __I$use$fp
    printfa.o(i._snputc) refers (Special) to iusefp.o(.text) for __I$use$fp
    printfa.o(i._sputc) refers (Special) to iusefp.o(.text) for __I$use$fp
    entry2.o(.ARM.Collect$$$$00000001) refers to entry2.o(.ARM.Collect$$$$00002712) for __lit__00000000
    entry2.o(.ARM.Collect$$$$00002712) refers to startup_stm32f10x_hd.o(STACK) for __initial_sp
    entry2.o(__vectab_stack_and_reset_area) refers to startup_stm32f10x_hd.o(STACK) for __initial_sp
    entry2.o(__vectab_stack_and_reset_area) refers to entry.o(.ARM.Collect$$$$00000000) for __main
    entry5.o(.ARM.Collect$$$$00000004) refers to init.o(.text) for __scatterload
    entry9a.o(.ARM.Collect$$$$0000000B) refers to main.o(i.main) for main
    entry9b.o(.ARM.Collect$$$$0000000C) refers to main.o(i.main) for main
    uldiv.o(.text) refers to llushr.o(.text) for __aeabi_llsr
    uldiv.o(.text) refers to llshl.o(.text) for __aeabi_llsl
    dadd.o(.text) refers to llshl.o(.text) for __aeabi_llsl
    dadd.o(.text) refers to llsshr.o(.text) for __aeabi_lasr
    dadd.o(.text) refers to depilogue.o(.text) for _double_epilogue
    dmul.o(.text) refers to depilogue.o(.text) for _double_epilogue
    ddiv.o(.text) refers to depilogue.o(.text) for _double_round
    dfixul.o(.text) refers to llushr.o(.text) for __aeabi_llsr
    dfixul.o(.text) refers to llshl.o(.text) for __aeabi_llsl
    init.o(.text) refers to entry5.o(.ARM.Collect$$$$00000004) for __main_after_scatterload
    depilogue.o(.text) refers to llshl.o(.text) for __aeabi_llsl
    depilogue.o(.text) refers to llushr.o(.text) for __aeabi_llsr


==============================================================================

Removing Unused input sections from the image.

    Removing stm32f10x_gpio.o(i.GPIO_AFIODeInit), (20 bytes).
    Removing stm32f10x_gpio.o(i.GPIO_DeInit), (200 bytes).
    Removing stm32f10x_gpio.o(i.GPIO_ETH_MediaInterfaceConfig), (12 bytes).
    Removing stm32f10x_gpio.o(i.GPIO_EXTILineConfig), (64 bytes).
    Removing stm32f10x_gpio.o(i.GPIO_EventOutputCmd), (12 bytes).
    Removing stm32f10x_gpio.o(i.GPIO_EventOutputConfig), (32 bytes).
    Removing stm32f10x_gpio.o(i.GPIO_PinLockConfig), (18 bytes).
    Removing stm32f10x_gpio.o(i.GPIO_PinRemapConfig), (144 bytes).
    Removing stm32f10x_gpio.o(i.GPIO_ReadInputData), (8 bytes).
    Removing stm32f10x_gpio.o(i.GPIO_ReadInputDataBit), (18 bytes).
    Removing stm32f10x_gpio.o(i.GPIO_ReadOutputData), (8 bytes).
    Removing stm32f10x_gpio.o(i.GPIO_ReadOutputDataBit), (18 bytes).
    Removing stm32f10x_gpio.o(i.GPIO_ResetBits), (4 bytes).
    Removing stm32f10x_gpio.o(i.GPIO_StructInit), (16 bytes).
    Removing stm32f10x_gpio.o(i.GPIO_Write), (4 bytes).
    Removing stm32f10x_gpio.o(i.GPIO_WriteBit), (10 bytes).
    Removing stm32f10x_sdio.o(i.SDIO_CEATAITCmd), (16 bytes).
    Removing stm32f10x_sdio.o(i.SDIO_ClearFlag), (12 bytes).
    Removing stm32f10x_sdio.o(i.SDIO_ClearITPendingBit), (12 bytes).
    Removing stm32f10x_sdio.o(i.SDIO_ClockCmd), (12 bytes).
    Removing stm32f10x_sdio.o(i.SDIO_CmdStructInit), (14 bytes).
    Removing stm32f10x_sdio.o(i.SDIO_CommandCompletionCmd), (12 bytes).
    Removing stm32f10x_sdio.o(i.SDIO_DMACmd), (12 bytes).
    Removing stm32f10x_sdio.o(i.SDIO_DataConfig), (48 bytes).
    Removing stm32f10x_sdio.o(i.SDIO_DataStructInit), (20 bytes).
    Removing stm32f10x_sdio.o(i.SDIO_DeInit), (36 bytes).
    Removing stm32f10x_sdio.o(i.SDIO_GetCommandResponse), (12 bytes).
    Removing stm32f10x_sdio.o(i.SDIO_GetDataCounter), (12 bytes).
    Removing stm32f10x_sdio.o(i.SDIO_GetFIFOCount), (12 bytes).
    Removing stm32f10x_sdio.o(i.SDIO_GetFlagStatus), (24 bytes).
    Removing stm32f10x_sdio.o(i.SDIO_GetITStatus), (24 bytes).
    Removing stm32f10x_sdio.o(i.SDIO_GetPowerState), (16 bytes).
    Removing stm32f10x_sdio.o(i.SDIO_GetResponse), (24 bytes).
    Removing stm32f10x_sdio.o(i.SDIO_ITConfig), (32 bytes).
    Removing stm32f10x_sdio.o(i.SDIO_Init), (48 bytes).
    Removing stm32f10x_sdio.o(i.SDIO_ReadData), (12 bytes).
    Removing stm32f10x_sdio.o(i.SDIO_SendCEATACmd), (12 bytes).
    Removing stm32f10x_sdio.o(i.SDIO_SendCommand), (44 bytes).
    Removing stm32f10x_sdio.o(i.SDIO_SendSDIOSuspendCmd), (12 bytes).
    Removing stm32f10x_sdio.o(i.SDIO_SetPowerState), (28 bytes).
    Removing stm32f10x_sdio.o(i.SDIO_SetSDIOOperation), (12 bytes).
    Removing stm32f10x_sdio.o(i.SDIO_SetSDIOReadWaitMode), (12 bytes).
    Removing stm32f10x_sdio.o(i.SDIO_StartSDIOReadWait), (12 bytes).
    Removing stm32f10x_sdio.o(i.SDIO_StopSDIOReadWait), (12 bytes).
    Removing stm32f10x_sdio.o(i.SDIO_StructInit), (16 bytes).
    Removing stm32f10x_sdio.o(i.SDIO_WriteData), (12 bytes).
    Removing stm32f10x_tim.o(i.TI1_Config), (128 bytes).
    Removing stm32f10x_tim.o(i.TI2_Config), (152 bytes).
    Removing stm32f10x_tim.o(i.TI3_Config), (144 bytes).
    Removing stm32f10x_tim.o(i.TI4_Config), (152 bytes).
    Removing stm32f10x_tim.o(i.TIM_BDTRConfig), (32 bytes).
    Removing stm32f10x_tim.o(i.TIM_BDTRStructInit), (18 bytes).
    Removing stm32f10x_tim.o(i.TIM_CCPreloadControl), (24 bytes).
    Removing stm32f10x_tim.o(i.TIM_CCxCmd), (30 bytes).
    Removing stm32f10x_tim.o(i.TIM_CCxNCmd), (30 bytes).
    Removing stm32f10x_tim.o(i.TIM_ClearFlag), (6 bytes).
    Removing stm32f10x_tim.o(i.TIM_ClearOC1Ref), (18 bytes).
    Removing stm32f10x_tim.o(i.TIM_ClearOC2Ref), (24 bytes).
    Removing stm32f10x_tim.o(i.TIM_ClearOC3Ref), (18 bytes).
    Removing stm32f10x_tim.o(i.TIM_ClearOC4Ref), (24 bytes).
    Removing stm32f10x_tim.o(i.TIM_CounterModeConfig), (18 bytes).
    Removing stm32f10x_tim.o(i.TIM_DMACmd), (18 bytes).
    Removing stm32f10x_tim.o(i.TIM_DMAConfig), (10 bytes).
    Removing stm32f10x_tim.o(i.TIM_DeInit), (488 bytes).
    Removing stm32f10x_tim.o(i.TIM_ETRClockMode1Config), (54 bytes).
    Removing stm32f10x_tim.o(i.TIM_ETRClockMode2Config), (32 bytes).
    Removing stm32f10x_tim.o(i.TIM_ETRConfig), (28 bytes).
    Removing stm32f10x_tim.o(i.TIM_EncoderInterfaceConfig), (66 bytes).
    Removing stm32f10x_tim.o(i.TIM_ForcedOC1Config), (18 bytes).
    Removing stm32f10x_tim.o(i.TIM_ForcedOC2Config), (26 bytes).
    Removing stm32f10x_tim.o(i.TIM_ForcedOC3Config), (18 bytes).
    Removing stm32f10x_tim.o(i.TIM_ForcedOC4Config), (26 bytes).
    Removing stm32f10x_tim.o(i.TIM_GenerateEvent), (4 bytes).
    Removing stm32f10x_tim.o(i.TIM_GetCapture1), (6 bytes).
    Removing stm32f10x_tim.o(i.TIM_GetCapture2), (6 bytes).
    Removing stm32f10x_tim.o(i.TIM_GetCapture3), (6 bytes).
    Removing stm32f10x_tim.o(i.TIM_GetCapture4), (8 bytes).
    Removing stm32f10x_tim.o(i.TIM_GetCounter), (6 bytes).
    Removing stm32f10x_tim.o(i.TIM_GetFlagStatus), (18 bytes).
    Removing stm32f10x_tim.o(i.TIM_GetPrescaler), (6 bytes).
    Removing stm32f10x_tim.o(i.TIM_ICInit), (172 bytes).
    Removing stm32f10x_tim.o(i.TIM_ICStructInit), (18 bytes).
    Removing stm32f10x_tim.o(i.TIM_ITRxExternalClockConfig), (24 bytes).
    Removing stm32f10x_tim.o(i.TIM_InternalClockConfig), (12 bytes).
    Removing stm32f10x_tim.o(i.TIM_OC1FastConfig), (18 bytes).
    Removing stm32f10x_tim.o(i.TIM_OC1NPolarityConfig), (18 bytes).
    Removing stm32f10x_tim.o(i.TIM_OC1PolarityConfig), (18 bytes).
    Removing stm32f10x_tim.o(i.TIM_OC2FastConfig), (26 bytes).
    Removing stm32f10x_tim.o(i.TIM_OC2NPolarityConfig), (26 bytes).
    Removing stm32f10x_tim.o(i.TIM_OC2PolarityConfig), (26 bytes).
    Removing stm32f10x_tim.o(i.TIM_OC3FastConfig), (18 bytes).
    Removing stm32f10x_tim.o(i.TIM_OC3NPolarityConfig), (26 bytes).
    Removing stm32f10x_tim.o(i.TIM_OC3PolarityConfig), (26 bytes).
    Removing stm32f10x_tim.o(i.TIM_OC4FastConfig), (26 bytes).
    Removing stm32f10x_tim.o(i.TIM_OC4PolarityConfig), (26 bytes).
    Removing stm32f10x_tim.o(i.TIM_OCStructInit), (20 bytes).
    Removing stm32f10x_tim.o(i.TIM_PWMIConfig), (124 bytes).
    Removing stm32f10x_tim.o(i.TIM_PrescalerConfig), (6 bytes).
    Removing stm32f10x_tim.o(i.TIM_SelectCCDMA), (24 bytes).
    Removing stm32f10x_tim.o(i.TIM_SelectCOM), (24 bytes).
    Removing stm32f10x_tim.o(i.TIM_SelectHallSensor), (24 bytes).
    Removing stm32f10x_tim.o(i.TIM_SelectInputTrigger), (18 bytes).
    Removing stm32f10x_tim.o(i.TIM_SelectMasterSlaveMode), (18 bytes).
    Removing stm32f10x_tim.o(i.TIM_SelectOCxM), (82 bytes).
    Removing stm32f10x_tim.o(i.TIM_SelectOnePulseMode), (18 bytes).
    Removing stm32f10x_tim.o(i.TIM_SelectOutputTrigger), (18 bytes).
    Removing stm32f10x_tim.o(i.TIM_SelectSlaveMode), (18 bytes).
    Removing stm32f10x_tim.o(i.TIM_SetAutoreload), (4 bytes).
    Removing stm32f10x_tim.o(i.TIM_SetClockDivision), (18 bytes).
    Removing stm32f10x_tim.o(i.TIM_SetIC1Prescaler), (18 bytes).
    Removing stm32f10x_tim.o(i.TIM_SetIC2Prescaler), (26 bytes).
    Removing stm32f10x_tim.o(i.TIM_SetIC3Prescaler), (18 bytes).
    Removing stm32f10x_tim.o(i.TIM_SetIC4Prescaler), (26 bytes).
    Removing stm32f10x_tim.o(i.TIM_TIxExternalClockConfig), (62 bytes).
    Removing stm32f10x_tim.o(i.TIM_TimeBaseStructInit), (18 bytes).
    Removing stm32f10x_tim.o(i.TIM_UpdateDisableConfig), (24 bytes).
    Removing stm32f10x_tim.o(i.TIM_UpdateRequestConfig), (24 bytes).
    Removing stm32f10x_usart.o(i.USART_ClearFlag), (18 bytes).
    Removing stm32f10x_usart.o(i.USART_ClearITPendingBit), (30 bytes).
    Removing stm32f10x_usart.o(i.USART_ClockInit), (34 bytes).
    Removing stm32f10x_usart.o(i.USART_ClockStructInit), (12 bytes).
    Removing stm32f10x_usart.o(i.USART_GetFlagStatus), (26 bytes).
    Removing stm32f10x_usart.o(i.USART_HalfDuplexCmd), (24 bytes).
    Removing stm32f10x_usart.o(i.USART_IrDACmd), (24 bytes).
    Removing stm32f10x_usart.o(i.USART_IrDAConfig), (18 bytes).
    Removing stm32f10x_usart.o(i.USART_LINBreakDetectLengthConfig), (18 bytes).
    Removing stm32f10x_usart.o(i.USART_LINCmd), (24 bytes).
    Removing stm32f10x_usart.o(i.USART_OneBitMethodCmd), (24 bytes).
    Removing stm32f10x_usart.o(i.USART_OverSampling8Cmd), (22 bytes).
    Removing stm32f10x_usart.o(i.USART_ReceiverWakeUpCmd), (24 bytes).
    Removing stm32f10x_usart.o(i.USART_SendBreak), (10 bytes).
    Removing stm32f10x_usart.o(i.USART_SendData), (8 bytes).
    Removing stm32f10x_usart.o(i.USART_SetAddress), (18 bytes).
    Removing stm32f10x_usart.o(i.USART_SetGuardTime), (16 bytes).
    Removing stm32f10x_usart.o(i.USART_SetPrescaler), (16 bytes).
    Removing stm32f10x_usart.o(i.USART_SmartCardCmd), (24 bytes).
    Removing stm32f10x_usart.o(i.USART_SmartCardNACKCmd), (24 bytes).
    Removing stm32f10x_usart.o(i.USART_StructInit), (24 bytes).
    Removing stm32f10x_usart.o(i.USART_WakeUpConfig), (18 bytes).
    Removing stm32f10x_adc.o(i.ADC_AnalogWatchdogCmd), (20 bytes).
    Removing stm32f10x_adc.o(i.ADC_AnalogWatchdogSingleChannelConfig), (16 bytes).
    Removing stm32f10x_adc.o(i.ADC_AnalogWatchdogThresholdsConfig), (6 bytes).
    Removing stm32f10x_adc.o(i.ADC_AutoInjectedConvCmd), (22 bytes).
    Removing stm32f10x_adc.o(i.ADC_ClearFlag), (6 bytes).
    Removing stm32f10x_adc.o(i.ADC_ClearITPendingBit), (10 bytes).
    Removing stm32f10x_adc.o(i.ADC_Cmd), (22 bytes).
    Removing stm32f10x_adc.o(i.ADC_DMACmd), (22 bytes).
    Removing stm32f10x_adc.o(i.ADC_DeInit), (92 bytes).
    Removing stm32f10x_adc.o(i.ADC_DiscModeChannelCountConfig), (24 bytes).
    Removing stm32f10x_adc.o(i.ADC_DiscModeCmd), (22 bytes).
    Removing stm32f10x_adc.o(i.ADC_ExternalTrigConvCmd), (22 bytes).
    Removing stm32f10x_adc.o(i.ADC_ExternalTrigInjectedConvCmd), (22 bytes).
    Removing stm32f10x_adc.o(i.ADC_ExternalTrigInjectedConvConfig), (16 bytes).
    Removing stm32f10x_adc.o(i.ADC_GetCalibrationStatus), (20 bytes).
    Removing stm32f10x_adc.o(i.ADC_GetConversionValue), (8 bytes).
    Removing stm32f10x_adc.o(i.ADC_GetDualModeConversionValue), (12 bytes).
    Removing stm32f10x_adc.o(i.ADC_GetFlagStatus), (18 bytes).
    Removing stm32f10x_adc.o(i.ADC_GetITStatus), (36 bytes).
    Removing stm32f10x_adc.o(i.ADC_GetInjectedConversionValue), (28 bytes).
    Removing stm32f10x_adc.o(i.ADC_GetResetCalibrationStatus), (20 bytes).
    Removing stm32f10x_adc.o(i.ADC_GetSoftwareStartConvStatus), (20 bytes).
    Removing stm32f10x_adc.o(i.ADC_GetSoftwareStartInjectedConvCmdStatus), (20 bytes).
    Removing stm32f10x_adc.o(i.ADC_ITConfig), (24 bytes).
    Removing stm32f10x_adc.o(i.ADC_Init), (80 bytes).
    Removing stm32f10x_adc.o(i.ADC_InjectedChannelConfig), (130 bytes).
    Removing stm32f10x_adc.o(i.ADC_InjectedDiscModeCmd), (22 bytes).
    Removing stm32f10x_adc.o(i.ADC_InjectedSequencerLengthConfig), (24 bytes).
    Removing stm32f10x_adc.o(i.ADC_RegularChannelConfig), (184 bytes).
    Removing stm32f10x_adc.o(i.ADC_ResetCalibration), (10 bytes).
    Removing stm32f10x_adc.o(i.ADC_SetInjectedOffset), (20 bytes).
    Removing stm32f10x_adc.o(i.ADC_SoftwareStartConvCmd), (22 bytes).
    Removing stm32f10x_adc.o(i.ADC_SoftwareStartInjectedConvCmd), (22 bytes).
    Removing stm32f10x_adc.o(i.ADC_StartCalibration), (10 bytes).
    Removing stm32f10x_adc.o(i.ADC_StructInit), (18 bytes).
    Removing stm32f10x_adc.o(i.ADC_TempSensorVrefintCmd), (36 bytes).
    Removing stm32f10x_rcc.o(i.RCC_ADCCLKConfig), (24 bytes).
    Removing stm32f10x_rcc.o(i.RCC_AdjustHSICalibrationValue), (24 bytes).
    Removing stm32f10x_rcc.o(i.RCC_BackupResetCmd), (12 bytes).
    Removing stm32f10x_rcc.o(i.RCC_ClearFlag), (20 bytes).
    Removing stm32f10x_rcc.o(i.RCC_ClearITPendingBit), (12 bytes).
    Removing stm32f10x_rcc.o(i.RCC_ClockSecuritySystemCmd), (12 bytes).
    Removing stm32f10x_rcc.o(i.RCC_DeInit), (76 bytes).
    Removing stm32f10x_rcc.o(i.RCC_GetFlagStatus), (60 bytes).
    Removing stm32f10x_rcc.o(i.RCC_GetITStatus), (24 bytes).
    Removing stm32f10x_rcc.o(i.RCC_GetSYSCLKSource), (16 bytes).
    Removing stm32f10x_rcc.o(i.RCC_HCLKConfig), (24 bytes).
    Removing stm32f10x_rcc.o(i.RCC_HSEConfig), (76 bytes).
    Removing stm32f10x_rcc.o(i.RCC_HSICmd), (12 bytes).
    Removing stm32f10x_rcc.o(i.RCC_ITConfig), (32 bytes).
    Removing stm32f10x_rcc.o(i.RCC_LSEConfig), (52 bytes).
    Removing stm32f10x_rcc.o(i.RCC_LSICmd), (12 bytes).
    Removing stm32f10x_rcc.o(i.RCC_MCOConfig), (12 bytes).
    Removing stm32f10x_rcc.o(i.RCC_PCLK1Config), (24 bytes).
    Removing stm32f10x_rcc.o(i.RCC_PCLK2Config), (24 bytes).
    Removing stm32f10x_rcc.o(i.RCC_PLLCmd), (12 bytes).
    Removing stm32f10x_rcc.o(i.RCC_PLLConfig), (28 bytes).
    Removing stm32f10x_rcc.o(i.RCC_RTCCLKCmd), (12 bytes).
    Removing stm32f10x_rcc.o(i.RCC_RTCCLKConfig), (16 bytes).
    Removing stm32f10x_rcc.o(i.RCC_SYSCLKConfig), (24 bytes).
    Removing stm32f10x_rcc.o(i.RCC_USBCLKConfig), (12 bytes).
    Removing stm32f10x_rcc.o(i.RCC_WaitForHSEStartUp), (56 bytes).
    Removing misc.o(i.NVIC_SetVectorTable), (20 bytes).
    Removing misc.o(i.NVIC_SystemLPConfig), (32 bytes).
    Removing stm32f10x_dma.o(i.DMA_ClearFlag), (28 bytes).
    Removing stm32f10x_dma.o(i.DMA_ClearITPendingBit), (28 bytes).
    Removing stm32f10x_dma.o(i.DMA_GetFlagStatus), (44 bytes).
    Removing stm32f10x_dma.o(i.DMA_GetITStatus), (44 bytes).
    Removing stm32f10x_dma.o(i.DMA_ITConfig), (18 bytes).
    Removing stm32f10x_dma.o(i.DMA_StructInit), (26 bytes).
    Removing core_cm3.o(.emb_text), (32 bytes).
    Removing system_stm32f10x.o(i.SystemCoreClockUpdate), (164 bytes).
    Removing startup_stm32f10x_hd.o(HEAP), (512 bytes).
    Removing delay.o(i.delay_us), (76 bytes).
    Removing hc05.o(i.HC05_CFG_CMD), (124 bytes).
    Removing hc05.o(i.HC05_Get_Role), (148 bytes).
    Removing hc05.o(i.HC05_Set_Cmd), (152 bytes).
    Removing usart.o(i._sys_exit), (6 bytes).
    Removing usart.o(i.fputc), (28 bytes).

218 unused section(s) (total 7696 bytes) removed from the image.

==============================================================================

Image Symbol Table

    Local Symbols

    Symbol Name                              Value     Ov Type        Size  Object(Section)

    ../clib/microlib/division.c              0x00000000   Number         0  uldiv.o ABSOLUTE
    ../clib/microlib/division.c              0x00000000   Number         0  uidiv.o ABSOLUTE
    ../clib/microlib/init/entry.s            0x00000000   Number         0  entry8b.o ABSOLUTE
    ../clib/microlib/init/entry.s            0x00000000   Number         0  entry8a.o ABSOLUTE
    ../clib/microlib/init/entry.s            0x00000000   Number         0  entry7b.o ABSOLUTE
    ../clib/microlib/init/entry.s            0x00000000   Number         0  entry7a.o ABSOLUTE
    ../clib/microlib/init/entry.s            0x00000000   Number         0  entry.o ABSOLUTE
    ../clib/microlib/init/entry.s            0x00000000   Number         0  entry2.o ABSOLUTE
    ../clib/microlib/init/entry.s            0x00000000   Number         0  entry5.o ABSOLUTE
    ../clib/microlib/init/entry.s            0x00000000   Number         0  entry11b.o ABSOLUTE
    ../clib/microlib/init/entry.s            0x00000000   Number         0  entry11a.o ABSOLUTE
    ../clib/microlib/init/entry.s            0x00000000   Number         0  entry10b.o ABSOLUTE
    ../clib/microlib/init/entry.s            0x00000000   Number         0  entry10a.o ABSOLUTE
    ../clib/microlib/init/entry.s            0x00000000   Number         0  entry9b.o ABSOLUTE
    ../clib/microlib/init/entry.s            0x00000000   Number         0  entry9a.o ABSOLUTE
    ../clib/microlib/longlong.c              0x00000000   Number         0  llsshr.o ABSOLUTE
    ../clib/microlib/longlong.c              0x00000000   Number         0  llshl.o ABSOLUTE
    ../clib/microlib/longlong.c              0x00000000   Number         0  llushr.o ABSOLUTE
    ../clib/microlib/printf/printf.c         0x00000000   Number         0  printf8.o ABSOLUTE
    ../clib/microlib/printf/printf.c         0x00000000   Number         0  printfa.o ABSOLUTE
    ../clib/microlib/printf/printf.c         0x00000000   Number         0  printf3.o ABSOLUTE
    ../clib/microlib/printf/printf.c         0x00000000   Number         0  printf4.o ABSOLUTE
    ../clib/microlib/printf/printf.c         0x00000000   Number         0  printf1.o ABSOLUTE
    ../clib/microlib/printf/printf.c         0x00000000   Number         0  printfb.o ABSOLUTE
    ../clib/microlib/printf/printf.c         0x00000000   Number         0  printf5.o ABSOLUTE
    ../clib/microlib/printf/printf.c         0x00000000   Number         0  printf6.o ABSOLUTE
    ../clib/microlib/printf/printf.c         0x00000000   Number         0  printf0.o ABSOLUTE
    ../clib/microlib/printf/printf.c         0x00000000   Number         0  printf2.o ABSOLUTE
    ../clib/microlib/printf/printf.c         0x00000000   Number         0  printf7.o ABSOLUTE
    ../clib/microlib/printf/stubs.s          0x00000000   Number         0  stubs.o ABSOLUTE
    ../clib/microlib/string/strcmp.c         0x00000000   Number         0  strcmp.o ABSOLUTE
    ../clib/microlib/string/strlen.c         0x00000000   Number         0  strlen.o ABSOLUTE
    ../clib/microlib/stubs.s                 0x00000000   Number         0  iusefp.o ABSOLUTE
    ../clib/microlib/stubs.s                 0x00000000   Number         0  useno.o ABSOLUTE
    ../fplib/microlib/fpadd.c                0x00000000   Number         0  dadd.o ABSOLUTE
    ../fplib/microlib/fpdiv.c                0x00000000   Number         0  ddiv.o ABSOLUTE
    ../fplib/microlib/fpepilogue.c           0x00000000   Number         0  depilogue.o ABSOLUTE
    ../fplib/microlib/fpfix.c                0x00000000   Number         0  dfixul.o ABSOLUTE
    ../fplib/microlib/fpmul.c                0x00000000   Number         0  dmul.o ABSOLUTE
    ..\Drivers\delay.c                       0x00000000   Number         0  delay.o ABSOLUTE
    ..\Drivers\hc05.c                        0x00000000   Number         0  hc05.o ABSOLUTE
    ..\Drivers\led.c                         0x00000000   Number         0  led.o ABSOLUTE
    ..\Drivers\motor.c                       0x00000000   Number         0  motor.o ABSOLUTE
    ..\Drivers\usart.c                       0x00000000   Number         0  usart.o ABSOLUTE
    ..\Drivers\usart2.c                      0x00000000   Number         0  usart2.o ABSOLUTE
    ..\Libraries\CMSIS\CM3\CoreSupport\core_cm3.c 0x00000000   Number         0  core_cm3.o ABSOLUTE
    ..\Libraries\CMSIS\CM3\DeviceSupport\ST\STM32F10x\startup\arm\startup_stm32f10x_hd.s 0x00000000   Number         0  startup_stm32f10x_hd.o ABSOLUTE
    ..\Libraries\STM32F10x_StdPeriph_Driver\src\misc.c 0x00000000   Number         0  misc.o ABSOLUTE
    ..\Libraries\STM32F10x_StdPeriph_Driver\src\stm32f10x_adc.c 0x00000000   Number         0  stm32f10x_adc.o ABSOLUTE
    ..\Libraries\STM32F10x_StdPeriph_Driver\src\stm32f10x_dma.c 0x00000000   Number         0  stm32f10x_dma.o ABSOLUTE
    ..\Libraries\STM32F10x_StdPeriph_Driver\src\stm32f10x_gpio.c 0x00000000   Number         0  stm32f10x_gpio.o ABSOLUTE
    ..\Libraries\STM32F10x_StdPeriph_Driver\src\stm32f10x_rcc.c 0x00000000   Number         0  stm32f10x_rcc.o ABSOLUTE
    ..\Libraries\STM32F10x_StdPeriph_Driver\src\stm32f10x_sdio.c 0x00000000   Number         0  stm32f10x_sdio.o ABSOLUTE
    ..\Libraries\STM32F10x_StdPeriph_Driver\src\stm32f10x_tim.c 0x00000000   Number         0  stm32f10x_tim.o ABSOLUTE
    ..\Libraries\STM32F10x_StdPeriph_Driver\src\stm32f10x_usart.c 0x00000000   Number         0  stm32f10x_usart.o ABSOLUTE
    ..\USER\main.c                           0x00000000   Number         0  main.o ABSOLUTE
    ..\USER\stm32f10x_it.c                   0x00000000   Number         0  stm32f10x_it.o ABSOLUTE
    ..\USER\system_stm32f10x.c               0x00000000   Number         0  system_stm32f10x.o ABSOLUTE
    ..\\Libraries\\CMSIS\\CM3\\CoreSupport\\core_cm3.c 0x00000000   Number         0  core_cm3.o ABSOLUTE
    cdrcmple.s                               0x00000000   Number         0  cdrcmple.o ABSOLUTE
    dc.s                                     0x00000000   Number         0  dc.o ABSOLUTE
    handlers.s                               0x00000000   Number         0  handlers.o ABSOLUTE
    init.s                                   0x00000000   Number         0  init.o ABSOLUTE
    RESET                                    0x08000000   Section      304  startup_stm32f10x_hd.o(RESET)
    .ARM.Collect$$$$00000000                 0x08000130   Section        0  entry.o(.ARM.Collect$$$$00000000)
    .ARM.Collect$$$$00000001                 0x08000130   Section        4  entry2.o(.ARM.Collect$$$$00000001)
    .ARM.Collect$$$$00000004                 0x08000134   Section        4  entry5.o(.ARM.Collect$$$$00000004)
    .ARM.Collect$$$$00000008                 0x08000138   Section        0  entry7b.o(.ARM.Collect$$$$00000008)
    .ARM.Collect$$$$0000000A                 0x08000138   Section        0  entry8b.o(.ARM.Collect$$$$0000000A)
    .ARM.Collect$$$$0000000B                 0x08000138   Section        8  entry9a.o(.ARM.Collect$$$$0000000B)
    .ARM.Collect$$$$0000000D                 0x08000140   Section        0  entry10a.o(.ARM.Collect$$$$0000000D)
    .ARM.Collect$$$$0000000F                 0x08000140   Section        0  entry11a.o(.ARM.Collect$$$$0000000F)
    .ARM.Collect$$$$00002712                 0x08000140   Section        4  entry2.o(.ARM.Collect$$$$00002712)
    __lit__00000000                          0x08000140   Data           4  entry2.o(.ARM.Collect$$$$00002712)
    .text                                    0x08000144   Section       36  startup_stm32f10x_hd.o(.text)
    .text                                    0x08000168   Section        0  strlen.o(.text)
    .text                                    0x08000176   Section        0  strcmp.o(.text)
    .text                                    0x08000192   Section        0  uidiv.o(.text)
    .text                                    0x080001be   Section        0  uldiv.o(.text)
    .text                                    0x08000220   Section        0  dadd.o(.text)
    .text                                    0x08000220   Section        0  iusefp.o(.text)
    .text                                    0x0800036e   Section        0  dmul.o(.text)
    .text                                    0x08000452   Section        0  ddiv.o(.text)
    .text                                    0x08000530   Section        0  dfixul.o(.text)
    .text                                    0x08000560   Section       48  cdrcmple.o(.text)
    .text                                    0x08000590   Section       36  init.o(.text)
    .text                                    0x080005b4   Section        0  llshl.o(.text)
    .text                                    0x080005d2   Section        0  llushr.o(.text)
    .text                                    0x080005f2   Section        0  llsshr.o(.text)
    .text                                    0x08000616   Section        0  depilogue.o(.text)
    i.BusFault_Handler                       0x080006d0   Section        0  stm32f10x_it.o(i.BusFault_Handler)
    i.DMA_Cmd                                0x080006d4   Section        0  stm32f10x_dma.o(i.DMA_Cmd)
    i.DMA_DeInit                             0x080006ec   Section        0  stm32f10x_dma.o(i.DMA_DeInit)
    i.DMA_GetCurrDataCounter                 0x08000838   Section        0  stm32f10x_dma.o(i.DMA_GetCurrDataCounter)
    i.DMA_Init                               0x08000840   Section        0  stm32f10x_dma.o(i.DMA_Init)
    i.DMA_SetCurrDataCounter                 0x0800087c   Section        0  stm32f10x_dma.o(i.DMA_SetCurrDataCounter)
    i.DebugMon_Handler                       0x08000880   Section        0  stm32f10x_it.o(i.DebugMon_Handler)
    i.GPIO_Init                              0x08000882   Section        0  stm32f10x_gpio.o(i.GPIO_Init)
    i.GPIO_SetBits                           0x08000998   Section        0  stm32f10x_gpio.o(i.GPIO_SetBits)
    i.HC05_Init                              0x0800099c   Section        0  hc05.o(i.HC05_Init)
    i.HardFault_Handler                      0x08000a88   Section        0  stm32f10x_it.o(i.HardFault_Handler)
    i.LED_Init                               0x08000a8c   Section        0  led.o(i.LED_Init)
    i.MemManage_Handler                      0x08000ac4   Section        0  stm32f10x_it.o(i.MemManage_Handler)
    i.NMI_Handler                            0x08000ac8   Section        0  stm32f10x_it.o(i.NMI_Handler)
    i.NVIC_Init                              0x08000acc   Section        0  misc.o(i.NVIC_Init)
    i.NVIC_PriorityGroupConfig               0x08000b3c   Section        0  misc.o(i.NVIC_PriorityGroupConfig)
    i.PendSV_Handler                         0x08000b50   Section        0  stm32f10x_it.o(i.PendSV_Handler)
    i.RCC_AHBPeriphClockCmd                  0x08000b54   Section        0  stm32f10x_rcc.o(i.RCC_AHBPeriphClockCmd)
    i.RCC_APB1PeriphClockCmd                 0x08000b74   Section        0  stm32f10x_rcc.o(i.RCC_APB1PeriphClockCmd)
    i.RCC_APB1PeriphResetCmd                 0x08000b94   Section        0  stm32f10x_rcc.o(i.RCC_APB1PeriphResetCmd)
    i.RCC_APB2PeriphClockCmd                 0x08000bb4   Section        0  stm32f10x_rcc.o(i.RCC_APB2PeriphClockCmd)
    i.RCC_APB2PeriphResetCmd                 0x08000bd4   Section        0  stm32f10x_rcc.o(i.RCC_APB2PeriphResetCmd)
    i.RCC_GetClocksFreq                      0x08000bf4   Section        0  stm32f10x_rcc.o(i.RCC_GetClocksFreq)
    i.SVC_Handler                            0x08000cc8   Section        0  stm32f10x_it.o(i.SVC_Handler)
    i.SetSysClock                            0x08000cca   Section        0  system_stm32f10x.o(i.SetSysClock)
    SetSysClock                              0x08000ccb   Thumb Code     8  system_stm32f10x.o(i.SetSysClock)
    i.SetSysClockTo72                        0x08000cd4   Section        0  system_stm32f10x.o(i.SetSysClockTo72)
    SetSysClockTo72                          0x08000cd5   Thumb Code   214  system_stm32f10x.o(i.SetSysClockTo72)
    i.SysTick_CLKSourceConfig                0x08000db4   Section        0  misc.o(i.SysTick_CLKSourceConfig)
    i.SysTick_Handler                        0x08000ddc   Section        0  stm32f10x_it.o(i.SysTick_Handler)
    i.SystemInit                             0x08000de0   Section        0  system_stm32f10x.o(i.SystemInit)
    i.TIM3_PWM_Init                          0x08000e40   Section        0  motor.o(i.TIM3_PWM_Init)
    i.TIM4_IRQHandler                        0x08000f2c   Section        0  usart2.o(i.TIM4_IRQHandler)
    i.TIM4_Init                              0x08000f5c   Section        0  usart2.o(i.TIM4_Init)
    i.TIM4_Set                               0x08000fb4   Section        0  usart2.o(i.TIM4_Set)
    i.TIM_ARRPreloadConfig                   0x08000fdc   Section        0  stm32f10x_tim.o(i.TIM_ARRPreloadConfig)
    i.TIM_ClearITPendingBit                  0x08000ff4   Section        0  stm32f10x_tim.o(i.TIM_ClearITPendingBit)
    i.TIM_Cmd                                0x08000ffa   Section        0  stm32f10x_tim.o(i.TIM_Cmd)
    i.TIM_CtrlPWMOutputs                     0x08001012   Section        0  stm32f10x_tim.o(i.TIM_CtrlPWMOutputs)
    i.TIM_GetITStatus                        0x08001030   Section        0  stm32f10x_tim.o(i.TIM_GetITStatus)
    i.TIM_ITConfig                           0x08001052   Section        0  stm32f10x_tim.o(i.TIM_ITConfig)
    i.TIM_OC1Init                            0x08001064   Section        0  stm32f10x_tim.o(i.TIM_OC1Init)
    i.TIM_OC1PreloadConfig                   0x080010fc   Section        0  stm32f10x_tim.o(i.TIM_OC1PreloadConfig)
    i.TIM_OC2Init                            0x08001110   Section        0  stm32f10x_tim.o(i.TIM_OC2Init)
    i.TIM_OC2PreloadConfig                   0x080011b4   Section        0  stm32f10x_tim.o(i.TIM_OC2PreloadConfig)
    i.TIM_OC3Init                            0x080011d0   Section        0  stm32f10x_tim.o(i.TIM_OC3Init)
    i.TIM_OC3PreloadConfig                   0x08001270   Section        0  stm32f10x_tim.o(i.TIM_OC3PreloadConfig)
    i.TIM_OC4Init                            0x08001284   Section        0  stm32f10x_tim.o(i.TIM_OC4Init)
    i.TIM_OC4PreloadConfig                   0x08001300   Section        0  stm32f10x_tim.o(i.TIM_OC4PreloadConfig)
    i.TIM_SetCompare1                        0x0800131a   Section        0  stm32f10x_tim.o(i.TIM_SetCompare1)
    i.TIM_SetCompare2                        0x0800131e   Section        0  stm32f10x_tim.o(i.TIM_SetCompare2)
    i.TIM_SetCompare3                        0x08001322   Section        0  stm32f10x_tim.o(i.TIM_SetCompare3)
    i.TIM_SetCompare4                        0x08001326   Section        0  stm32f10x_tim.o(i.TIM_SetCompare4)
    i.TIM_SetCounter                         0x0800132c   Section        0  stm32f10x_tim.o(i.TIM_SetCounter)
    i.TIM_TimeBaseInit                       0x08001330   Section        0  stm32f10x_tim.o(i.TIM_TimeBaseInit)
    i.UART_DMA_Config                        0x080013d4   Section        0  usart2.o(i.UART_DMA_Config)
    i.UART_DMA_Enable                        0x0800141c   Section        0  usart2.o(i.UART_DMA_Enable)
    i.USART1_IRQHandler                      0x0800143c   Section        0  usart.o(i.USART1_IRQHandler)
    i.USART2_IRQHandler                      0x080014c4   Section        0  usart2.o(i.USART2_IRQHandler)
    i.USART2_Init                            0x08001528   Section        0  usart2.o(i.USART2_Init)
    i.USART_Cmd                              0x08001608   Section        0  stm32f10x_usart.o(i.USART_Cmd)
    i.USART_DMACmd                           0x08001620   Section        0  stm32f10x_usart.o(i.USART_DMACmd)
    i.USART_DeInit                           0x08001634   Section        0  stm32f10x_usart.o(i.USART_DeInit)
    i.USART_GetITStatus                      0x080016d0   Section        0  stm32f10x_usart.o(i.USART_GetITStatus)
    i.USART_ITConfig                         0x08001724   Section        0  stm32f10x_usart.o(i.USART_ITConfig)
    i.USART_Init                             0x08001770   Section        0  stm32f10x_usart.o(i.USART_Init)
    i.USART_ReceiveData                      0x08001848   Section        0  stm32f10x_usart.o(i.USART_ReceiveData)
    i.UsageFault_Handler                     0x08001852   Section        0  stm32f10x_it.o(i.UsageFault_Handler)
    i.__0vsprintf                            0x08001858   Section        0  printfa.o(i.__0vsprintf)
    i.__scatterload_copy                     0x0800187c   Section       14  handlers.o(i.__scatterload_copy)
    i.__scatterload_null                     0x0800188a   Section        2  handlers.o(i.__scatterload_null)
    i.__scatterload_zeroinit                 0x0800188c   Section       14  handlers.o(i.__scatterload_zeroinit)
    i._fp_digits                             0x0800189c   Section        0  printfa.o(i._fp_digits)
    _fp_digits                               0x0800189d   Thumb Code   334  printfa.o(i._fp_digits)
    i._printf_core                           0x08001a00   Section        0  printfa.o(i._printf_core)
    _printf_core                             0x08001a01   Thumb Code  1744  printfa.o(i._printf_core)
    i._printf_post_padding                   0x080020dc   Section        0  printfa.o(i._printf_post_padding)
    _printf_post_padding                     0x080020dd   Thumb Code    36  printfa.o(i._printf_post_padding)
    i._printf_pre_padding                    0x08002100   Section        0  printfa.o(i._printf_pre_padding)
    _printf_pre_padding                      0x08002101   Thumb Code    46  printfa.o(i._printf_pre_padding)
    i._sputc                                 0x0800212e   Section        0  printfa.o(i._sputc)
    _sputc                                   0x0800212f   Thumb Code    10  printfa.o(i._sputc)
    i.back_init                              0x08002138   Section        0  motor.o(i.back_init)
    i.delay_init                             0x08002164   Section        0  delay.o(i.delay_init)
    i.delay_ms                               0x080021a8   Section        0  delay.o(i.delay_ms)
    i.left_init                              0x080021f4   Section        0  motor.o(i.left_init)
    i.main                                   0x08002220   Section        0  main.o(i.main)
    i.right_init                             0x080022e4   Section        0  motor.o(i.right_init)
    i.run_init                               0x08002310   Section        0  motor.o(i.run_init)
    i.stod_init                              0x0800233c   Section        0  motor.o(i.stod_init)
    i.u2_printf                              0x08002364   Section        0  usart2.o(i.u2_printf)
    i.uart_init                              0x080023a4   Section        0  usart.o(i.uart_init)
    .data                                    0x20000000   Section       20  stm32f10x_rcc.o(.data)
    APBAHBPrescTable                         0x20000000   Data          16  stm32f10x_rcc.o(.data)
    ADCPrescTable                            0x20000010   Data           4  stm32f10x_rcc.o(.data)
    .data                                    0x20000014   Section       20  system_stm32f10x.o(.data)
    .data                                    0x20000028   Section        4  delay.o(.data)
    fac_us                                   0x20000028   Data           1  delay.o(.data)
    fac_ms                                   0x2000002a   Data           2  delay.o(.data)
    .data                                    0x2000002c   Section        2  usart2.o(.data)
    .data                                    0x20000030   Section        6  usart.o(.data)
    .bss                                     0x20000038   Section      400  usart2.o(.bss)
    .bss                                     0x200001c8   Section      200  usart.o(.bss)
    STACK                                    0x20000290   Section     1024  startup_stm32f10x_hd.o(STACK)

    Global Symbols

    Symbol Name                              Value     Ov Type        Size  Object(Section)

    BuildAttributes$$THM_ISAv4$P$D$K$B$S$PE$A:L22UL41UL21$X:L11$S22US41US21$IEEE1$IW$USESV6$~STKCKD$USESV7$~SHL$OSPACE$ROPI$EBA8$MICROLIB$REQ8$PRES8$EABIv2 0x00000000   Number         0  anon$$obj.o ABSOLUTE
    __ARM_use_no_argv                        0x00000000   Number         0  main.o ABSOLUTE
    __use_no_errno                           0x00000000   Number         0  useno.o ABSOLUTE
    __use_no_exception_handling              0x00000000   Number         0  useno.o ABSOLUTE
    __use_no_fp                              0x00000000   Number         0  useno.o ABSOLUTE
    __use_no_heap                            0x00000000   Number         0  useno.o ABSOLUTE
    __use_no_heap_region                     0x00000000   Number         0  useno.o ABSOLUTE
    __use_no_semihosting                     0x00000000   Number         0  useno.o ABSOLUTE
    __use_no_semihosting_swi                 0x00000000   Number         0  useno.o ABSOLUTE
    __use_no_signal_handling                 0x00000000   Number         0  useno.o ABSOLUTE
    _printf_a                                0x00000000   Number         0  stubs.o ABSOLUTE
    _printf_c                                0x00000000   Number         0  stubs.o ABSOLUTE
    _printf_charcount                        0x00000000   Number         0  stubs.o ABSOLUTE
    _printf_d                                0x00000000   Number         0  stubs.o ABSOLUTE
    _printf_e                                0x00000000   Number         0  stubs.o ABSOLUTE
    _printf_f                                0x00000000   Number         0  stubs.o ABSOLUTE
    _printf_flags                            0x00000000   Number         0  stubs.o ABSOLUTE
    _printf_fp_dec                           0x00000000   Number         0  stubs.o ABSOLUTE
    _printf_fp_hex                           0x00000000   Number         0  stubs.o ABSOLUTE
    _printf_g                                0x00000000   Number         0  stubs.o ABSOLUTE
    _printf_i                                0x00000000   Number         0  stubs.o ABSOLUTE
    _printf_int_dec                          0x00000000   Number         0  stubs.o ABSOLUTE
    _printf_l                                0x00000000   Number         0  stubs.o ABSOLUTE
    _printf_lc                               0x00000000   Number         0  stubs.o ABSOLUTE
    _printf_ll                               0x00000000   Number         0  stubs.o ABSOLUTE
    _printf_lld                              0x00000000   Number         0  stubs.o ABSOLUTE
    _printf_lli                              0x00000000   Number         0  stubs.o ABSOLUTE
    _printf_llo                              0x00000000   Number         0  stubs.o ABSOLUTE
    _printf_llu                              0x00000000   Number         0  stubs.o ABSOLUTE
    _printf_llx                              0x00000000   Number         0  stubs.o ABSOLUTE
    _printf_longlong_dec                     0x00000000   Number         0  stubs.o ABSOLUTE
    _printf_longlong_hex                     0x00000000   Number         0  stubs.o ABSOLUTE
    _printf_longlong_oct                     0x00000000   Number         0  stubs.o ABSOLUTE
    _printf_ls                               0x00000000   Number         0  stubs.o ABSOLUTE
    _printf_mbtowc                           0x00000000   Number         0  stubs.o ABSOLUTE
    _printf_n                                0x00000000   Number         0  stubs.o ABSOLUTE
    _printf_o                                0x00000000   Number         0  stubs.o ABSOLUTE
    _printf_p                                0x00000000   Number         0  stubs.o ABSOLUTE
    _printf_percent                          0x00000000   Number         0  stubs.o ABSOLUTE
    _printf_pre_padding                      0x00000000   Number         0  stubs.o ABSOLUTE
    _printf_return_value                     0x00000000   Number         0  stubs.o ABSOLUTE
    _printf_s                                0x00000000   Number         0  stubs.o ABSOLUTE
    _printf_sizespec                         0x00000000   Number         0  stubs.o ABSOLUTE
    _printf_str                              0x00000000   Number         0  stubs.o ABSOLUTE
    _printf_truncate_signed                  0x00000000   Number         0  stubs.o ABSOLUTE
    _printf_truncate_unsigned                0x00000000   Number         0  stubs.o ABSOLUTE
    _printf_u                                0x00000000   Number         0  stubs.o ABSOLUTE
    _printf_wc                               0x00000000   Number         0  stubs.o ABSOLUTE
    _printf_wctomb                           0x00000000   Number         0  stubs.o ABSOLUTE
    _printf_widthprec                        0x00000000   Number         0  stubs.o ABSOLUTE
    _printf_x                                0x00000000   Number         0  stubs.o ABSOLUTE
    __cpp_initialize__aeabi_                  - Undefined Weak Reference
    __cxa_finalize                            - Undefined Weak Reference
    __decompress                              - Undefined Weak Reference
    _clock_init                               - Undefined Weak Reference
    _microlib_exit                            - Undefined Weak Reference
    __Vectors_Size                           0x00000130   Number         0  startup_stm32f10x_hd.o ABSOLUTE
    __Vectors                                0x08000000   Data           4  startup_stm32f10x_hd.o(RESET)
    __Vectors_End                            0x08000130   Data           0  startup_stm32f10x_hd.o(RESET)
    __main                                   0x08000131   Thumb Code     0  entry.o(.ARM.Collect$$$$00000000)
    _main_stk                                0x08000131   Thumb Code     0  entry2.o(.ARM.Collect$$$$00000001)
    _main_scatterload                        0x08000135   Thumb Code     0  entry5.o(.ARM.Collect$$$$00000004)
    __main_after_scatterload                 0x08000139   Thumb Code     0  entry5.o(.ARM.Collect$$$$00000004)
    _main_clock                              0x08000139   Thumb Code     0  entry7b.o(.ARM.Collect$$$$00000008)
    _main_cpp_init                           0x08000139   Thumb Code     0  entry8b.o(.ARM.Collect$$$$0000000A)
    _main_init                               0x08000139   Thumb Code     0  entry9a.o(.ARM.Collect$$$$0000000B)
    __rt_final_cpp                           0x08000141   Thumb Code     0  entry10a.o(.ARM.Collect$$$$0000000D)
    __rt_final_exit                          0x08000141   Thumb Code     0  entry11a.o(.ARM.Collect$$$$0000000F)
    Reset_Handler                            0x08000145   Thumb Code     8  startup_stm32f10x_hd.o(.text)
    ADC1_2_IRQHandler                        0x0800015f   Thumb Code     0  startup_stm32f10x_hd.o(.text)
    ADC3_IRQHandler                          0x0800015f   Thumb Code     0  startup_stm32f10x_hd.o(.text)
    CAN1_RX1_IRQHandler                      0x0800015f   Thumb Code     0  startup_stm32f10x_hd.o(.text)
    CAN1_SCE_IRQHandler                      0x0800015f   Thumb Code     0  startup_stm32f10x_hd.o(.text)
    DMA1_Channel1_IRQHandler                 0x0800015f   Thumb Code     0  startup_stm32f10x_hd.o(.text)
    DMA1_Channel2_IRQHandler                 0x0800015f   Thumb Code     0  startup_stm32f10x_hd.o(.text)
    DMA1_Channel3_IRQHandler                 0x0800015f   Thumb Code     0  startup_stm32f10x_hd.o(.text)
    DMA1_Channel4_IRQHandler                 0x0800015f   Thumb Code     0  startup_stm32f10x_hd.o(.text)
    DMA1_Channel5_IRQHandler                 0x0800015f   Thumb Code     0  startup_stm32f10x_hd.o(.text)
    DMA1_Channel6_IRQHandler                 0x0800015f   Thumb Code     0  startup_stm32f10x_hd.o(.text)
    DMA1_Channel7_IRQHandler                 0x0800015f   Thumb Code     0  startup_stm32f10x_hd.o(.text)
    DMA2_Channel1_IRQHandler                 0x0800015f   Thumb Code     0  startup_stm32f10x_hd.o(.text)
    DMA2_Channel2_IRQHandler                 0x0800015f   Thumb Code     0  startup_stm32f10x_hd.o(.text)
    DMA2_Channel3_IRQHandler                 0x0800015f   Thumb Code     0  startup_stm32f10x_hd.o(.text)
    DMA2_Channel4_5_IRQHandler               0x0800015f   Thumb Code     0  startup_stm32f10x_hd.o(.text)
    EXTI0_IRQHandler                         0x0800015f   Thumb Code     0  startup_stm32f10x_hd.o(.text)
    EXTI15_10_IRQHandler                     0x0800015f   Thumb Code     0  startup_stm32f10x_hd.o(.text)
    EXTI1_IRQHandler                         0x0800015f   Thumb Code     0  startup_stm32f10x_hd.o(.text)
    EXTI2_IRQHandler                         0x0800015f   Thumb Code     0  startup_stm32f10x_hd.o(.text)
    EXTI3_IRQHandler                         0x0800015f   Thumb Code     0  startup_stm32f10x_hd.o(.text)
    EXTI4_IRQHandler                         0x0800015f   Thumb Code     0  startup_stm32f10x_hd.o(.text)
    EXTI9_5_IRQHandler                       0x0800015f   Thumb Code     0  startup_stm32f10x_hd.o(.text)
    FLASH_IRQHandler                         0x0800015f   Thumb Code     0  startup_stm32f10x_hd.o(.text)
    FSMC_IRQHandler                          0x0800015f   Thumb Code     0  startup_stm32f10x_hd.o(.text)
    I2C1_ER_IRQHandler                       0x0800015f   Thumb Code     0  startup_stm32f10x_hd.o(.text)
    I2C1_EV_IRQHandler                       0x0800015f   Thumb Code     0  startup_stm32f10x_hd.o(.text)
    I2C2_ER_IRQHandler                       0x0800015f   Thumb Code     0  startup_stm32f10x_hd.o(.text)
    I2C2_EV_IRQHandler                       0x0800015f   Thumb Code     0  startup_stm32f10x_hd.o(.text)
    PVD_IRQHandler                           0x0800015f   Thumb Code     0  startup_stm32f10x_hd.o(.text)
    RCC_IRQHandler                           0x0800015f   Thumb Code     0  startup_stm32f10x_hd.o(.text)
    RTCAlarm_IRQHandler                      0x0800015f   Thumb Code     0  startup_stm32f10x_hd.o(.text)
    RTC_IRQHandler                           0x0800015f   Thumb Code     0  startup_stm32f10x_hd.o(.text)
    SDIO_IRQHandler                          0x0800015f   Thumb Code     0  startup_stm32f10x_hd.o(.text)
    SPI1_IRQHandler                          0x0800015f   Thumb Code     0  startup_stm32f10x_hd.o(.text)
    SPI2_IRQHandler                          0x0800015f   Thumb Code     0  startup_stm32f10x_hd.o(.text)
    SPI3_IRQHandler                          0x0800015f   Thumb Code     0  startup_stm32f10x_hd.o(.text)
    TAMPER_IRQHandler                        0x0800015f   Thumb Code     0  startup_stm32f10x_hd.o(.text)
    TIM1_BRK_IRQHandler                      0x0800015f   Thumb Code     0  startup_stm32f10x_hd.o(.text)
    TIM1_CC_IRQHandler                       0x0800015f   Thumb Code     0  startup_stm32f10x_hd.o(.text)
    TIM1_TRG_COM_IRQHandler                  0x0800015f   Thumb Code     0  startup_stm32f10x_hd.o(.text)
    TIM1_UP_IRQHandler                       0x0800015f   Thumb Code     0  startup_stm32f10x_hd.o(.text)
    TIM2_IRQHandler                          0x0800015f   Thumb Code     0  startup_stm32f10x_hd.o(.text)
    TIM3_IRQHandler                          0x0800015f   Thumb Code     0  startup_stm32f10x_hd.o(.text)
    TIM5_IRQHandler                          0x0800015f   Thumb Code     0  startup_stm32f10x_hd.o(.text)
    TIM6_IRQHandler                          0x0800015f   Thumb Code     0  startup_stm32f10x_hd.o(.text)
    TIM7_IRQHandler                          0x0800015f   Thumb Code     0  startup_stm32f10x_hd.o(.text)
    TIM8_BRK_IRQHandler                      0x0800015f   Thumb Code     0  startup_stm32f10x_hd.o(.text)
    TIM8_CC_IRQHandler                       0x0800015f   Thumb Code     0  startup_stm32f10x_hd.o(.text)
    TIM8_TRG_COM_IRQHandler                  0x0800015f   Thumb Code     0  startup_stm32f10x_hd.o(.text)
    TIM8_UP_IRQHandler                       0x0800015f   Thumb Code     0  startup_stm32f10x_hd.o(.text)
    UART4_IRQHandler                         0x0800015f   Thumb Code     0  startup_stm32f10x_hd.o(.text)
    UART5_IRQHandler                         0x0800015f   Thumb Code     0  startup_stm32f10x_hd.o(.text)
    USART3_IRQHandler                        0x0800015f   Thumb Code     0  startup_stm32f10x_hd.o(.text)
    USBWakeUp_IRQHandler                     0x0800015f   Thumb Code     0  startup_stm32f10x_hd.o(.text)
    USB_HP_CAN1_TX_IRQHandler                0x0800015f   Thumb Code     0  startup_stm32f10x_hd.o(.text)
    USB_LP_CAN1_RX0_IRQHandler               0x0800015f   Thumb Code     0  startup_stm32f10x_hd.o(.text)
    WWDG_IRQHandler                          0x0800015f   Thumb Code     0  startup_stm32f10x_hd.o(.text)
    strlen                                   0x08000169   Thumb Code    14  strlen.o(.text)
    strcmp                                   0x08000177   Thumb Code    28  strcmp.o(.text)
    __aeabi_uidiv                            0x08000193   Thumb Code     0  uidiv.o(.text)
    __aeabi_uidivmod                         0x08000193   Thumb Code    44  uidiv.o(.text)
    __aeabi_uldivmod                         0x080001bf   Thumb Code    98  uldiv.o(.text)
    __I$use$fp                               0x08000221   Thumb Code     0  iusefp.o(.text)
    __aeabi_dadd                             0x08000221   Thumb Code   322  dadd.o(.text)
    __aeabi_dsub                             0x08000363   Thumb Code     6  dadd.o(.text)
    __aeabi_drsub                            0x08000369   Thumb Code     6  dadd.o(.text)
    __aeabi_dmul                             0x0800036f   Thumb Code   228  dmul.o(.text)
    __aeabi_ddiv                             0x08000453   Thumb Code   222  ddiv.o(.text)
    __aeabi_d2ulz                            0x08000531   Thumb Code    48  dfixul.o(.text)
    __aeabi_cdrcmple                         0x08000561   Thumb Code    48  cdrcmple.o(.text)
    __scatterload                            0x08000591   Thumb Code    28  init.o(.text)
    __scatterload_rt2                        0x08000591   Thumb Code     0  init.o(.text)
    __aeabi_llsl                             0x080005b5   Thumb Code    30  llshl.o(.text)
    _ll_shift_l                              0x080005b5   Thumb Code     0  llshl.o(.text)
    __aeabi_llsr                             0x080005d3   Thumb Code    32  llushr.o(.text)
    _ll_ushift_r                             0x080005d3   Thumb Code     0  llushr.o(.text)
    __aeabi_lasr                             0x080005f3   Thumb Code    36  llsshr.o(.text)
    _ll_sshift_r                             0x080005f3   Thumb Code     0  llsshr.o(.text)
    _double_round                            0x08000617   Thumb Code    30  depilogue.o(.text)
    _double_epilogue                         0x08000635   Thumb Code   156  depilogue.o(.text)
    BusFault_Handler                         0x080006d1   Thumb Code     4  stm32f10x_it.o(i.BusFault_Handler)
    DMA_Cmd                                  0x080006d5   Thumb Code    24  stm32f10x_dma.o(i.DMA_Cmd)
    DMA_DeInit                               0x080006ed   Thumb Code   324  stm32f10x_dma.o(i.DMA_DeInit)
    DMA_GetCurrDataCounter                   0x08000839   Thumb Code     8  stm32f10x_dma.o(i.DMA_GetCurrDataCounter)
    DMA_Init                                 0x08000841   Thumb Code    60  stm32f10x_dma.o(i.DMA_Init)
    DMA_SetCurrDataCounter                   0x0800087d   Thumb Code     4  stm32f10x_dma.o(i.DMA_SetCurrDataCounter)
    DebugMon_Handler                         0x08000881   Thumb Code     2  stm32f10x_it.o(i.DebugMon_Handler)
    GPIO_Init                                0x08000883   Thumb Code   278  stm32f10x_gpio.o(i.GPIO_Init)
    GPIO_SetBits                             0x08000999   Thumb Code     4  stm32f10x_gpio.o(i.GPIO_SetBits)
    HC05_Init                                0x0800099d   Thumb Code   204  hc05.o(i.HC05_Init)
    HardFault_Handler                        0x08000a89   Thumb Code     4  stm32f10x_it.o(i.HardFault_Handler)
    LED_Init                                 0x08000a8d   Thumb Code    50  led.o(i.LED_Init)
    MemManage_Handler                        0x08000ac5   Thumb Code     4  stm32f10x_it.o(i.MemManage_Handler)
    NMI_Handler                              0x08000ac9   Thumb Code     2  stm32f10x_it.o(i.NMI_Handler)
    NVIC_Init                                0x08000acd   Thumb Code   100  misc.o(i.NVIC_Init)
    NVIC_PriorityGroupConfig                 0x08000b3d   Thumb Code    10  misc.o(i.NVIC_PriorityGroupConfig)
    PendSV_Handler                           0x08000b51   Thumb Code     2  stm32f10x_it.o(i.PendSV_Handler)
    RCC_AHBPeriphClockCmd                    0x08000b55   Thumb Code    26  stm32f10x_rcc.o(i.RCC_AHBPeriphClockCmd)
    RCC_APB1PeriphClockCmd                   0x08000b75   Thumb Code    26  stm32f10x_rcc.o(i.RCC_APB1PeriphClockCmd)
    RCC_APB1PeriphResetCmd                   0x08000b95   Thumb Code    26  stm32f10x_rcc.o(i.RCC_APB1PeriphResetCmd)
    RCC_APB2PeriphClockCmd                   0x08000bb5   Thumb Code    26  stm32f10x_rcc.o(i.RCC_APB2PeriphClockCmd)
    RCC_APB2PeriphResetCmd                   0x08000bd5   Thumb Code    26  stm32f10x_rcc.o(i.RCC_APB2PeriphResetCmd)
    RCC_GetClocksFreq                        0x08000bf5   Thumb Code   192  stm32f10x_rcc.o(i.RCC_GetClocksFreq)
    SVC_Handler                              0x08000cc9   Thumb Code     2  stm32f10x_it.o(i.SVC_Handler)
    SysTick_CLKSourceConfig                  0x08000db5   Thumb Code    40  misc.o(i.SysTick_CLKSourceConfig)
    SysTick_Handler                          0x08000ddd   Thumb Code     2  stm32f10x_it.o(i.SysTick_Handler)
    SystemInit                               0x08000de1   Thumb Code    78  system_stm32f10x.o(i.SystemInit)
    TIM3_PWM_Init                            0x08000e41   Thumb Code   224  motor.o(i.TIM3_PWM_Init)
    TIM4_IRQHandler                          0x08000f2d   Thumb Code    40  usart2.o(i.TIM4_IRQHandler)
    TIM4_Init                                0x08000f5d   Thumb Code    82  usart2.o(i.TIM4_Init)
    TIM4_Set                                 0x08000fb5   Thumb Code    34  usart2.o(i.TIM4_Set)
    TIM_ARRPreloadConfig                     0x08000fdd   Thumb Code    24  stm32f10x_tim.o(i.TIM_ARRPreloadConfig)
    TIM_ClearITPendingBit                    0x08000ff5   Thumb Code     6  stm32f10x_tim.o(i.TIM_ClearITPendingBit)
    TIM_Cmd                                  0x08000ffb   Thumb Code    24  stm32f10x_tim.o(i.TIM_Cmd)
    TIM_CtrlPWMOutputs                       0x08001013   Thumb Code    30  stm32f10x_tim.o(i.TIM_CtrlPWMOutputs)
    TIM_GetITStatus                          0x08001031   Thumb Code    34  stm32f10x_tim.o(i.TIM_GetITStatus)
    TIM_ITConfig                             0x08001053   Thumb Code    18  stm32f10x_tim.o(i.TIM_ITConfig)
    TIM_OC1Init                              0x08001065   Thumb Code   132  stm32f10x_tim.o(i.TIM_OC1Init)
    TIM_OC1PreloadConfig                     0x080010fd   Thumb Code    18  stm32f10x_tim.o(i.TIM_OC1PreloadConfig)
    TIM_OC2Init                              0x08001111   Thumb Code   154  stm32f10x_tim.o(i.TIM_OC2Init)
    TIM_OC2PreloadConfig                     0x080011b5   Thumb Code    26  stm32f10x_tim.o(i.TIM_OC2PreloadConfig)
    TIM_OC3Init                              0x080011d1   Thumb Code   150  stm32f10x_tim.o(i.TIM_OC3Init)
    TIM_OC3PreloadConfig                     0x08001271   Thumb Code    18  stm32f10x_tim.o(i.TIM_OC3PreloadConfig)
    TIM_OC4Init                              0x08001285   Thumb Code   114  stm32f10x_tim.o(i.TIM_OC4Init)
    TIM_OC4PreloadConfig                     0x08001301   Thumb Code    26  stm32f10x_tim.o(i.TIM_OC4PreloadConfig)
    TIM_SetCompare1                          0x0800131b   Thumb Code     4  stm32f10x_tim.o(i.TIM_SetCompare1)
    TIM_SetCompare2                          0x0800131f   Thumb Code     4  stm32f10x_tim.o(i.TIM_SetCompare2)
    TIM_SetCompare3                          0x08001323   Thumb Code     4  stm32f10x_tim.o(i.TIM_SetCompare3)
    TIM_SetCompare4                          0x08001327   Thumb Code     6  stm32f10x_tim.o(i.TIM_SetCompare4)
    TIM_SetCounter                           0x0800132d   Thumb Code     4  stm32f10x_tim.o(i.TIM_SetCounter)
    TIM_TimeBaseInit                         0x08001331   Thumb Code   122  stm32f10x_tim.o(i.TIM_TimeBaseInit)
    UART_DMA_Config                          0x080013d5   Thumb Code    72  usart2.o(i.UART_DMA_Config)
    UART_DMA_Enable                          0x0800141d   Thumb Code    32  usart2.o(i.UART_DMA_Enable)
    USART1_IRQHandler                        0x0800143d   Thumb Code   122  usart.o(i.USART1_IRQHandler)
    USART2_IRQHandler                        0x080014c5   Thumb Code    82  usart2.o(i.USART2_IRQHandler)
    USART2_Init                              0x08001529   Thumb Code   204  usart2.o(i.USART2_Init)
    USART_Cmd                                0x08001609   Thumb Code    24  stm32f10x_usart.o(i.USART_Cmd)
    USART_DMACmd                             0x08001621   Thumb Code    18  stm32f10x_usart.o(i.USART_DMACmd)
    USART_DeInit                             0x08001635   Thumb Code   134  stm32f10x_usart.o(i.USART_DeInit)
    USART_GetITStatus                        0x080016d1   Thumb Code    84  stm32f10x_usart.o(i.USART_GetITStatus)
    USART_ITConfig                           0x08001725   Thumb Code    74  stm32f10x_usart.o(i.USART_ITConfig)
    USART_Init                               0x08001771   Thumb Code   210  stm32f10x_usart.o(i.USART_Init)
    USART_ReceiveData                        0x08001849   Thumb Code    10  stm32f10x_usart.o(i.USART_ReceiveData)
    UsageFault_Handler                       0x08001853   Thumb Code     4  stm32f10x_it.o(i.UsageFault_Handler)
    __0vsprintf                              0x08001859   Thumb Code    30  printfa.o(i.__0vsprintf)
    __1vsprintf                              0x08001859   Thumb Code     0  printfa.o(i.__0vsprintf)
    __2vsprintf                              0x08001859   Thumb Code     0  printfa.o(i.__0vsprintf)
    __c89vsprintf                            0x08001859   Thumb Code     0  printfa.o(i.__0vsprintf)
    vsprintf                                 0x08001859   Thumb Code     0  printfa.o(i.__0vsprintf)
    __scatterload_copy                       0x0800187d   Thumb Code    14  handlers.o(i.__scatterload_copy)
    __scatterload_null                       0x0800188b   Thumb Code     2  handlers.o(i.__scatterload_null)
    __scatterload_zeroinit                   0x0800188d   Thumb Code    14  handlers.o(i.__scatterload_zeroinit)
    back_init                                0x08002139   Thumb Code    40  motor.o(i.back_init)
    delay_init                               0x08002165   Thumb Code    50  delay.o(i.delay_init)
    delay_ms                                 0x080021a9   Thumb Code    72  delay.o(i.delay_ms)
    left_init                                0x080021f5   Thumb Code    40  motor.o(i.left_init)
    main                                     0x08002221   Thumb Code   164  main.o(i.main)
    right_init                               0x080022e5   Thumb Code    40  motor.o(i.right_init)
    run_init                                 0x08002311   Thumb Code    40  motor.o(i.run_init)
    stod_init                                0x0800233d   Thumb Code    36  motor.o(i.stod_init)
    u2_printf                                0x08002365   Thumb Code    56  usart2.o(i.u2_printf)
    uart_init                                0x080023a5   Thumb Code   152  usart.o(i.uart_init)
    Region$$Table$$Base                      0x08002444   Number         0  anon$$obj.o(Region$$Table)
    Region$$Table$$Limit                     0x08002464   Number         0  anon$$obj.o(Region$$Table)
    SystemCoreClock                          0x20000014   Data           4  system_stm32f10x.o(.data)
    AHBPrescTable                            0x20000018   Data          16  system_stm32f10x.o(.data)
    USART2_RX_STA                            0x2000002c   Data           2  usart2.o(.data)
    __stdout                                 0x20000030   Data           4  usart.o(.data)
    USART_RX_STA                             0x20000034   Data           2  usart.o(.data)
    USART2_TX_BUF                            0x20000038   Data         200  usart2.o(.bss)
    USART2_RX_BUF                            0x20000100   Data         200  usart2.o(.bss)
    USART_RX_BUF                             0x200001c8   Data         200  usart.o(.bss)
    __initial_sp                             0x20000690   Data           0  startup_stm32f10x_hd.o(STACK)



==============================================================================

Memory Map of the image

  Image Entry point : 0x08000131

  Load Region LR_IROM1 (Base: 0x08000000, Size: 0x0000249c, Max: 0x00010000, ABSOLUTE)

    Execution Region ER_IROM1 (Base: 0x08000000, Size: 0x00002464, Max: 0x00010000, ABSOLUTE)

    Base Addr    Size         Type   Attr      Idx    E Section Name        Object

    0x08000000   0x00000130   Data   RO         1754    RESET               startup_stm32f10x_hd.o
    0x08000130   0x00000000   Code   RO         1989  * .ARM.Collect$$$$00000000  mc_w.l(entry.o)
    0x08000130   0x00000004   Code   RO         2257    .ARM.Collect$$$$00000001  mc_w.l(entry2.o)
    0x08000134   0x00000004   Code   RO         2260    .ARM.Collect$$$$00000004  mc_w.l(entry5.o)
    0x08000138   0x00000000   Code   RO         2262    .ARM.Collect$$$$00000008  mc_w.l(entry7b.o)
    0x08000138   0x00000000   Code   RO         2264    .ARM.Collect$$$$0000000A  mc_w.l(entry8b.o)
    0x08000138   0x00000008   Code   RO         2265    .ARM.Collect$$$$0000000B  mc_w.l(entry9a.o)
    0x08000140   0x00000000   Code   RO         2267    .ARM.Collect$$$$0000000D  mc_w.l(entry10a.o)
    0x08000140   0x00000000   Code   RO         2269    .ARM.Collect$$$$0000000F  mc_w.l(entry11a.o)
    0x08000140   0x00000004   Code   RO         2258    .ARM.Collect$$$$00002712  mc_w.l(entry2.o)
    0x08000144   0x00000024   Code   RO         1755    .text               startup_stm32f10x_hd.o
    0x08000168   0x0000000e   Code   RO         1992    .text               mc_w.l(strlen.o)
    0x08000176   0x0000001c   Code   RO         1994    .text               mc_w.l(strcmp.o)
    0x08000192   0x0000002c   Code   RO         2271    .text               mc_w.l(uidiv.o)
    0x080001be   0x00000062   Code   RO         2273    .text               mc_w.l(uldiv.o)
    0x08000220   0x00000000   Code   RO         2275    .text               mc_w.l(iusefp.o)
    0x08000220   0x0000014e   Code   RO         2276    .text               mf_w.l(dadd.o)
    0x0800036e   0x000000e4   Code   RO         2278    .text               mf_w.l(dmul.o)
    0x08000452   0x000000de   Code   RO         2280    .text               mf_w.l(ddiv.o)
    0x08000530   0x00000030   Code   RO         2282    .text               mf_w.l(dfixul.o)
    0x08000560   0x00000030   Code   RO         2284    .text               mf_w.l(cdrcmple.o)
    0x08000590   0x00000024   Code   RO         2286    .text               mc_w.l(init.o)
    0x080005b4   0x0000001e   Code   RO         2288    .text               mc_w.l(llshl.o)
    0x080005d2   0x00000020   Code   RO         2290    .text               mc_w.l(llushr.o)
    0x080005f2   0x00000024   Code   RO         2292    .text               mc_w.l(llsshr.o)
    0x08000616   0x000000ba   Code   RO         2294    .text               mf_w.l(depilogue.o)
    0x080006d0   0x00000004   Code   RO           80    i.BusFault_Handler  stm32f10x_it.o
    0x080006d4   0x00000018   Code   RO         1637    i.DMA_Cmd           stm32f10x_dma.o
    0x080006ec   0x0000014c   Code   RO         1638    i.DMA_DeInit        stm32f10x_dma.o
    0x08000838   0x00000008   Code   RO         1639    i.DMA_GetCurrDataCounter  stm32f10x_dma.o
    0x08000840   0x0000003c   Code   RO         1643    i.DMA_Init          stm32f10x_dma.o
    0x0800087c   0x00000004   Code   RO         1644    i.DMA_SetCurrDataCounter  stm32f10x_dma.o
    0x08000880   0x00000002   Code   RO           81    i.DebugMon_Handler  stm32f10x_it.o
    0x08000882   0x00000116   Code   RO          149    i.GPIO_Init         stm32f10x_gpio.o
    0x08000998   0x00000004   Code   RO          157    i.GPIO_SetBits      stm32f10x_gpio.o
    0x0800099c   0x000000ec   Code   RO         1841    i.HC05_Init         hc05.o
    0x08000a88   0x00000004   Code   RO           82    i.HardFault_Handler  stm32f10x_it.o
    0x08000a8c   0x00000038   Code   RO         1801    i.LED_Init          led.o
    0x08000ac4   0x00000004   Code   RO           83    i.MemManage_Handler  stm32f10x_it.o
    0x08000ac8   0x00000002   Code   RO           84    i.NMI_Handler       stm32f10x_it.o
    0x08000aca   0x00000002   PAD
    0x08000acc   0x00000070   Code   RO         1599    i.NVIC_Init         misc.o
    0x08000b3c   0x00000014   Code   RO         1600    i.NVIC_PriorityGroupConfig  misc.o
    0x08000b50   0x00000002   Code   RO           85    i.PendSV_Handler    stm32f10x_it.o
    0x08000b52   0x00000002   PAD
    0x08000b54   0x00000020   Code   RO         1400    i.RCC_AHBPeriphClockCmd  stm32f10x_rcc.o
    0x08000b74   0x00000020   Code   RO         1401    i.RCC_APB1PeriphClockCmd  stm32f10x_rcc.o
    0x08000b94   0x00000020   Code   RO         1402    i.RCC_APB1PeriphResetCmd  stm32f10x_rcc.o
    0x08000bb4   0x00000020   Code   RO         1403    i.RCC_APB2PeriphClockCmd  stm32f10x_rcc.o
    0x08000bd4   0x00000020   Code   RO         1404    i.RCC_APB2PeriphResetCmd  stm32f10x_rcc.o
    0x08000bf4   0x000000d4   Code   RO         1411    i.RCC_GetClocksFreq  stm32f10x_rcc.o
    0x08000cc8   0x00000002   Code   RO           86    i.SVC_Handler       stm32f10x_it.o
    0x08000cca   0x00000008   Code   RO         1718    i.SetSysClock       system_stm32f10x.o
    0x08000cd2   0x00000002   PAD
    0x08000cd4   0x000000e0   Code   RO         1719    i.SetSysClockTo72   system_stm32f10x.o
    0x08000db4   0x00000028   Code   RO         1603    i.SysTick_CLKSourceConfig  misc.o
    0x08000ddc   0x00000002   Code   RO           87    i.SysTick_Handler   stm32f10x_it.o
    0x08000dde   0x00000002   PAD
    0x08000de0   0x00000060   Code   RO         1721    i.SystemInit        system_stm32f10x.o
    0x08000e40   0x000000ec   Code   RO         1759    i.TIM3_PWM_Init     motor.o
    0x08000f2c   0x00000030   Code   RO         1880    i.TIM4_IRQHandler   usart2.o
    0x08000f5c   0x00000058   Code   RO         1881    i.TIM4_Init         usart2.o
    0x08000fb4   0x00000028   Code   RO         1882    i.TIM4_Set          usart2.o
    0x08000fdc   0x00000018   Code   RO          450    i.TIM_ARRPreloadConfig  stm32f10x_tim.o
    0x08000ff4   0x00000006   Code   RO          457    i.TIM_ClearITPendingBit  stm32f10x_tim.o
    0x08000ffa   0x00000018   Code   RO          462    i.TIM_Cmd           stm32f10x_tim.o
    0x08001012   0x0000001e   Code   RO          464    i.TIM_CtrlPWMOutputs  stm32f10x_tim.o
    0x08001030   0x00000022   Code   RO          483    i.TIM_GetITStatus   stm32f10x_tim.o
    0x08001052   0x00000012   Code   RO          487    i.TIM_ITConfig      stm32f10x_tim.o
    0x08001064   0x00000098   Code   RO          491    i.TIM_OC1Init       stm32f10x_tim.o
    0x080010fc   0x00000012   Code   RO          494    i.TIM_OC1PreloadConfig  stm32f10x_tim.o
    0x0800110e   0x00000002   PAD
    0x08001110   0x000000a4   Code   RO          496    i.TIM_OC2Init       stm32f10x_tim.o
    0x080011b4   0x0000001a   Code   RO          499    i.TIM_OC2PreloadConfig  stm32f10x_tim.o
    0x080011ce   0x00000002   PAD
    0x080011d0   0x000000a0   Code   RO          501    i.TIM_OC3Init       stm32f10x_tim.o
    0x08001270   0x00000012   Code   RO          504    i.TIM_OC3PreloadConfig  stm32f10x_tim.o
    0x08001282   0x00000002   PAD
    0x08001284   0x0000007c   Code   RO          506    i.TIM_OC4Init       stm32f10x_tim.o
    0x08001300   0x0000001a   Code   RO          508    i.TIM_OC4PreloadConfig  stm32f10x_tim.o
    0x0800131a   0x00000004   Code   RO          523    i.TIM_SetCompare1   stm32f10x_tim.o
    0x0800131e   0x00000004   Code   RO          524    i.TIM_SetCompare2   stm32f10x_tim.o
    0x08001322   0x00000004   Code   RO          525    i.TIM_SetCompare3   stm32f10x_tim.o
    0x08001326   0x00000006   Code   RO          526    i.TIM_SetCompare4   stm32f10x_tim.o
    0x0800132c   0x00000004   Code   RO          527    i.TIM_SetCounter    stm32f10x_tim.o
    0x08001330   0x000000a4   Code   RO          533    i.TIM_TimeBaseInit  stm32f10x_tim.o
    0x080013d4   0x00000048   Code   RO         1883    i.UART_DMA_Config   usart2.o
    0x0800141c   0x00000020   Code   RO         1884    i.UART_DMA_Enable   usart2.o
    0x0800143c   0x00000088   Code   RO         1948    i.USART1_IRQHandler  usart.o
    0x080014c4   0x00000064   Code   RO         1885    i.USART2_IRQHandler  usart2.o
    0x08001528   0x000000e0   Code   RO         1886    i.USART2_Init       usart2.o
    0x08001608   0x00000018   Code   RO          998    i.USART_Cmd         stm32f10x_usart.o
    0x08001620   0x00000012   Code   RO          999    i.USART_DMACmd      stm32f10x_usart.o
    0x08001632   0x00000002   PAD
    0x08001634   0x0000009c   Code   RO         1000    i.USART_DeInit      stm32f10x_usart.o
    0x080016d0   0x00000054   Code   RO         1002    i.USART_GetITStatus  stm32f10x_usart.o
    0x08001724   0x0000004a   Code   RO         1004    i.USART_ITConfig    stm32f10x_usart.o
    0x0800176e   0x00000002   PAD
    0x08001770   0x000000d8   Code   RO         1005    i.USART_Init        stm32f10x_usart.o
    0x08001848   0x0000000a   Code   RO         1012    i.USART_ReceiveData  stm32f10x_usart.o
    0x08001852   0x00000004   Code   RO           88    i.UsageFault_Handler  stm32f10x_it.o
    0x08001856   0x00000002   PAD
    0x08001858   0x00000024   Code   RO         2235    i.__0vsprintf       mc_w.l(printfa.o)
    0x0800187c   0x0000000e   Code   RO         2298    i.__scatterload_copy  mc_w.l(handlers.o)
    0x0800188a   0x00000002   Code   RO         2299    i.__scatterload_null  mc_w.l(handlers.o)
    0x0800188c   0x0000000e   Code   RO         2300    i.__scatterload_zeroinit  mc_w.l(handlers.o)
    0x0800189a   0x00000002   PAD
    0x0800189c   0x00000164   Code   RO         2236    i._fp_digits        mc_w.l(printfa.o)
    0x08001a00   0x000006dc   Code   RO         2237    i._printf_core      mc_w.l(printfa.o)
    0x080020dc   0x00000024   Code   RO         2238    i._printf_post_padding  mc_w.l(printfa.o)
    0x08002100   0x0000002e   Code   RO         2239    i._printf_pre_padding  mc_w.l(printfa.o)
    0x0800212e   0x0000000a   Code   RO         2241    i._sputc            mc_w.l(printfa.o)
    0x08002138   0x0000002c   Code   RO         1760    i.back_init         motor.o
    0x08002164   0x00000044   Code   RO         1813    i.delay_init        delay.o
    0x080021a8   0x0000004c   Code   RO         1814    i.delay_ms          delay.o
    0x080021f4   0x0000002c   Code   RO         1761    i.left_init         motor.o
    0x08002220   0x000000c4   Code   RO            1    i.main              main.o
    0x080022e4   0x0000002c   Code   RO         1762    i.right_init        motor.o
    0x08002310   0x0000002c   Code   RO         1763    i.run_init          motor.o
    0x0800233c   0x00000028   Code   RO         1764    i.stod_init         motor.o
    0x08002364   0x00000040   Code   RO         1887    i.u2_printf         usart2.o
    0x080023a4   0x000000a0   Code   RO         1951    i.uart_init         usart.o
    0x08002444   0x00000020   Data   RO         2296    Region$$Table       anon$$obj.o


    Execution Region RW_IRAM1 (Base: 0x20000000, Size: 0x00000690, Max: 0x00005000, ABSOLUTE)

    Base Addr    Size         Type   Attr      Idx    E Section Name        Object

    0x20000000   0x00000014   Data   RW         1431    .data               stm32f10x_rcc.o
    0x20000014   0x00000014   Data   RW         1722    .data               system_stm32f10x.o
    0x20000028   0x00000004   Data   RW         1816    .data               delay.o
    0x2000002c   0x00000002   Data   RW         1889    .data               usart2.o
    0x2000002e   0x00000002   PAD
    0x20000030   0x00000006   Data   RW         1953    .data               usart.o
    0x20000036   0x00000002   PAD
    0x20000038   0x00000190   Zero   RW         1888    .bss                usart2.o
    0x200001c8   0x000000c8   Zero   RW         1952    .bss                usart.o
    0x20000290   0x00000400   Zero   RW         1752    STACK               startup_stm32f10x_hd.o


==============================================================================

Image component sizes


      Code (inc. data)   RO Data    RW Data    ZI Data      Debug   Object Name

         0          0          0          0          0         32   core_cm3.o
       144         22          0          4          0       1040   delay.o
       236         32          0          0          0        656   hc05.o
        56          6          0          0          0        439   led.o
       196         32          0          0          0     260811   main.o
       172         22          0          0          0       2081   misc.o
       452         32          0          0          0       2796   motor.o
        36          8        304          0       1024        860   startup_stm32f10x_hd.o
       428          8          0          0          0       4552   stm32f10x_dma.o
       282          0          0          0          0       2507   stm32f10x_gpio.o
        26          0          0          0          0       3494   stm32f10x_it.o
       372         50          0         20          0       6136   stm32f10x_rcc.o
      1010         92          0          0          0      12551   stm32f10x_tim.o
       582         28          0          0          0       6172   stm32f10x_usart.o
       328         28          0         20          0       1993   system_stm32f10x.o
       296         22          0          6        200       2912   usart.o
       668         66          0          2        400       5447   usart2.o

    ----------------------------------------------------------------------
      5304        448        336         56       1624     314479   Object Totals
         0          0         32          0          0          0   (incl. Generated)
        20          0          0          4          0          0   (incl. Padding)

    ----------------------------------------------------------------------

      Code (inc. data)   RO Data    RW Data    ZI Data      Debug   Library Member Name

         0          0          0          0          0          0   entry.o
         0          0          0          0          0          0   entry10a.o
         0          0          0          0          0          0   entry11a.o
         8          4          0          0          0          0   entry2.o
         4          0          0          0          0          0   entry5.o
         0          0          0          0          0          0   entry7b.o
         0          0          0          0          0          0   entry8b.o
         8          4          0          0          0          0   entry9a.o
        30          0          0          0          0          0   handlers.o
        36          8          0          0          0         68   init.o
         0          0          0          0          0          0   iusefp.o
        30          0          0          0          0         68   llshl.o
        36          0          0          0          0         68   llsshr.o
        32          0          0          0          0         68   llushr.o
      2240         86          0          0          0        508   printfa.o
        28          0          0          0          0         76   strcmp.o
        14          0          0          0          0         68   strlen.o
        44          0          0          0          0         80   uidiv.o
        98          0          0          0          0         92   uldiv.o
        48          0          0          0          0         68   cdrcmple.o
       334          0          0          0          0        148   dadd.o
       222          0          0          0          0        100   ddiv.o
       186          0          0          0          0        176   depilogue.o
        48          0          0          0          0         68   dfixul.o
       228          0          0          0          0         96   dmul.o

    ----------------------------------------------------------------------
      3676        102          0          0          0       1752   Library Totals
         2          0          0          0          0          0   (incl. Padding)

    ----------------------------------------------------------------------

      Code (inc. data)   RO Data    RW Data    ZI Data      Debug   Library Name

      2608        102          0          0          0       1096   mc_w.l
      1066          0          0          0          0        656   mf_w.l

    ----------------------------------------------------------------------
      3676        102          0          0          0       1752   Library Totals

    ----------------------------------------------------------------------

==============================================================================


      Code (inc. data)   RO Data    RW Data    ZI Data      Debug   

      8980        550        336         56       1624     311703   Grand Totals
      8980        550        336         56       1624     311703   ELF Image Totals
      8980        550        336         56          0          0   ROM Totals

==============================================================================

    Total RO  Size (Code + RO Data)                 9316 (   9.10kB)
    Total RW  Size (RW Data + ZI Data)              1680 (   1.64kB)
    Total ROM Size (Code + RO Data + RW Data)       9372 (   9.15kB)

==============================================================================

